Archive member included to satisfy reference by file (symbol)

D:/STM32CubeIDE_1.15.1/STM32CubeIDE/plugins/com.st.stm32cube.ide.mcu.externaltools.gnu-tools-for-stm32.12.3.rel1.win32_1.0.100.202403111256/tools/bin/../lib/gcc/arm-none-eabi/12.3.1/../../../../arm-none-eabi/lib/thumb/v7-m/nofp\libc_nano.a(libc_a-exit.o)
                              D:/STM32CubeIDE_1.15.1/STM32CubeIDE/plugins/com.st.stm32cube.ide.mcu.externaltools.gnu-tools-for-stm32.12.3.rel1.win32_1.0.100.202403111256/tools/bin/../lib/gcc/arm-none-eabi/12.3.1/../../../../arm-none-eabi/lib/thumb/v7-m/nofp/crt0.o (exit)
D:/STM32CubeIDE_1.15.1/STM32CubeIDE/plugins/com.st.stm32cube.ide.mcu.externaltools.gnu-tools-for-stm32.12.3.rel1.win32_1.0.100.202403111256/tools/bin/../lib/gcc/arm-none-eabi/12.3.1/../../../../arm-none-eabi/lib/thumb/v7-m/nofp\libc_nano.a(libc_a-findfp.o)
                              D:/STM32CubeIDE_1.15.1/STM32CubeIDE/plugins/com.st.stm32cube.ide.mcu.externaltools.gnu-tools-for-stm32.12.3.rel1.win32_1.0.100.202403111256/tools/bin/../lib/gcc/arm-none-eabi/12.3.1/../../../../arm-none-eabi/lib/thumb/v7-m/nofp\libc_nano.a(libc_a-exit.o) (__stdio_exit_handler)
D:/STM32CubeIDE_1.15.1/STM32CubeIDE/plugins/com.st.stm32cube.ide.mcu.externaltools.gnu-tools-for-stm32.12.3.rel1.win32_1.0.100.202403111256/tools/bin/../lib/gcc/arm-none-eabi/12.3.1/../../../../arm-none-eabi/lib/thumb/v7-m/nofp\libc_nano.a(libc_a-fwalk.o)
                              D:/STM32CubeIDE_1.15.1/STM32CubeIDE/plugins/com.st.stm32cube.ide.mcu.externaltools.gnu-tools-for-stm32.12.3.rel1.win32_1.0.100.202403111256/tools/bin/../lib/gcc/arm-none-eabi/12.3.1/../../../../arm-none-eabi/lib/thumb/v7-m/nofp\libc_nano.a(libc_a-findfp.o) (_fwalk_sglue)
D:/STM32CubeIDE_1.15.1/STM32CubeIDE/plugins/com.st.stm32cube.ide.mcu.externaltools.gnu-tools-for-stm32.12.3.rel1.win32_1.0.100.202403111256/tools/bin/../lib/gcc/arm-none-eabi/12.3.1/../../../../arm-none-eabi/lib/thumb/v7-m/nofp\libc_nano.a(libc_a-sprintf.o)
                              ./Core/Src/esp_at.o (sprintf)
D:/STM32CubeIDE_1.15.1/STM32CubeIDE/plugins/com.st.stm32cube.ide.mcu.externaltools.gnu-tools-for-stm32.12.3.rel1.win32_1.0.100.202403111256/tools/bin/../lib/gcc/arm-none-eabi/12.3.1/../../../../arm-none-eabi/lib/thumb/v7-m/nofp\libc_nano.a(libc_a-stdio.o)
                              D:/STM32CubeIDE_1.15.1/STM32CubeIDE/plugins/com.st.stm32cube.ide.mcu.externaltools.gnu-tools-for-stm32.12.3.rel1.win32_1.0.100.202403111256/tools/bin/../lib/gcc/arm-none-eabi/12.3.1/../../../../arm-none-eabi/lib/thumb/v7-m/nofp\libc_nano.a(libc_a-findfp.o) (__sread)
D:/STM32CubeIDE_1.15.1/STM32CubeIDE/plugins/com.st.stm32cube.ide.mcu.externaltools.gnu-tools-for-stm32.12.3.rel1.win32_1.0.100.202403111256/tools/bin/../lib/gcc/arm-none-eabi/12.3.1/../../../../arm-none-eabi/lib/thumb/v7-m/nofp\libc_nano.a(libc_a-memset.o)
                              D:/STM32CubeIDE_1.15.1/STM32CubeIDE/plugins/com.st.stm32cube.ide.mcu.externaltools.gnu-tools-for-stm32.12.3.rel1.win32_1.0.100.202403111256/tools/bin/../lib/gcc/arm-none-eabi/12.3.1/../../../../arm-none-eabi/lib/thumb/v7-m/nofp/crt0.o (memset)
D:/STM32CubeIDE_1.15.1/STM32CubeIDE/plugins/com.st.stm32cube.ide.mcu.externaltools.gnu-tools-for-stm32.12.3.rel1.win32_1.0.100.202403111256/tools/bin/../lib/gcc/arm-none-eabi/12.3.1/../../../../arm-none-eabi/lib/thumb/v7-m/nofp\libc_nano.a(libc_a-strstr.o)
                              ./Core/Src/esp_at.o (strstr)
D:/STM32CubeIDE_1.15.1/STM32CubeIDE/plugins/com.st.stm32cube.ide.mcu.externaltools.gnu-tools-for-stm32.12.3.rel1.win32_1.0.100.202403111256/tools/bin/../lib/gcc/arm-none-eabi/12.3.1/../../../../arm-none-eabi/lib/thumb/v7-m/nofp\libc_nano.a(libc_a-closer.o)
                              D:/STM32CubeIDE_1.15.1/STM32CubeIDE/plugins/com.st.stm32cube.ide.mcu.externaltools.gnu-tools-for-stm32.12.3.rel1.win32_1.0.100.202403111256/tools/bin/../lib/gcc/arm-none-eabi/12.3.1/../../../../arm-none-eabi/lib/thumb/v7-m/nofp\libc_nano.a(libc_a-stdio.o) (_close_r)
D:/STM32CubeIDE_1.15.1/STM32CubeIDE/plugins/com.st.stm32cube.ide.mcu.externaltools.gnu-tools-for-stm32.12.3.rel1.win32_1.0.100.202403111256/tools/bin/../lib/gcc/arm-none-eabi/12.3.1/../../../../arm-none-eabi/lib/thumb/v7-m/nofp\libc_nano.a(libc_a-reent.o)
                              D:/STM32CubeIDE_1.15.1/STM32CubeIDE/plugins/com.st.stm32cube.ide.mcu.externaltools.gnu-tools-for-stm32.12.3.rel1.win32_1.0.100.202403111256/tools/bin/../lib/gcc/arm-none-eabi/12.3.1/../../../../arm-none-eabi/lib/thumb/v7-m/nofp\libc_nano.a(libc_a-closer.o) (errno)
D:/STM32CubeIDE_1.15.1/STM32CubeIDE/plugins/com.st.stm32cube.ide.mcu.externaltools.gnu-tools-for-stm32.12.3.rel1.win32_1.0.100.202403111256/tools/bin/../lib/gcc/arm-none-eabi/12.3.1/../../../../arm-none-eabi/lib/thumb/v7-m/nofp\libc_nano.a(libc_a-impure.o)
[...]
Memory Configuration

Name             Origin             Length             Attributes
RAM              0x20000000         0x00005000         xrw
FLASH            0x08000000         0x00020000         xr
*default*        0x00000000         0xffffffff

Linker script and memory map

LOAD D:/STM32CubeIDE_1.15.1/STM32CubeIDE/plugins/com.st.stm32cube.ide.mcu.externaltools.gnu-tools-for-stm32.12.3.rel1.win32_1.0.100.202403111256/tools/bin/../lib/gcc/arm-none-eabi/12.3.1/thumb/v7-m/nofp/crti.o
LOAD D:/STM32CubeIDE_1.15.1/STM32CubeIDE/plugins/com.st.stm32cube.ide.mcu.externaltools.gnu-tools-for-stm32.12.3.rel1.win32_1.0.100.202403111256/tools/bin/../lib/gcc/arm-none-eabi/12.3.1/thumb/v7-m/nofp/crtbegin.o
LOAD D:/STM32CubeIDE_1.15.1/STM32CubeIDE/plugins/com.st.stm32cube.ide.mcu.externaltools.gnu-tools-for-stm32.12.3.rel1.win32_1.0.100.202403111256/tools/bin/../lib/gcc/arm-none-eabi/12.3.1/../../../../arm-none-eabi/lib/thumb/v7-m/nofp/crt0.o
LOAD ./Core/Src/button.o
LOAD ./Core/Src/esp_at.o
LOAD ./Core/Src/fsm_autorun.o
LOAD ./Core/Src/fsm_manual.o
LOAD ./Core/Src/fsm_setting.o
LOAD ./Core/Src/global.o
LOAD ./Core/Src/i2c_lcd.o
LOAD ./Core/Src/light_traffic.o
LOAD ./Core/Src/main.o
LOAD ./Core/Src/stm32f1xx_hal_msp.o
LOAD ./Core/Src/stm32f1xx_it.o
LOAD ./Core/Src/syscalls.o
LOAD ./Core/Src/sysmem.o
LOAD ./Core/Src/system_stm32f1xx.o
LOAD ./Core/Src/timer.o
LOAD ./Core/Startup/startup_stm32f103rbtx.o
LOAD ./Drivers/STM32F1xx_HAL_Driver/Src/stm32f1xx_hal.o
LOAD ./Drivers/STM32F1xx_HAL_Driver/Src/stm32f1xx_hal_cortex.o
LOAD ./Drivers/STM32F1xx_HAL_Driver/Src/stm32f1xx_hal_dma.o
LOAD ./Drivers/STM32F1xx_HAL_Driver/Src/stm32f1xx_hal_exti.o
LOAD ./Drivers/STM32F1xx_HAL_Driver/Src/stm32f1xx_hal_flash.o
LOAD ./Drivers/STM32F1xx_HAL_Driver/Src/stm32f1xx_hal_flash_ex.o
LOAD ./Drivers/STM32F1xx_HAL_Driver/Src/stm32f1xx_hal_gpio.o
LOAD ./Drivers/STM32F1xx_HAL_Driver/Src/stm32f1xx_hal_gpio_ex.o
LOAD ./Drivers/STM32F1xx_HAL_Driver/Src/stm32f1xx_hal_i2c.o
LOAD ./Drivers/STM32F1xx_HAL_Driver/Src/stm32f1xx_hal_pwr.o
LOAD ./Drivers/STM32F1xx_HAL_Driver/Src/stm32f1xx_hal_rcc.o
LOAD ./Drivers/STM32F1xx_HAL_Driver/Src/stm32f1xx_hal_rcc_ex.o
LOAD ./Drivers/STM32F1xx_HAL_Driver/Src/stm32f1xx_hal_tim.o
LOAD ./Drivers/STM32F1xx_HAL_Driver/Src/stm32f1xx_hal_tim_ex.o
LOAD ./Drivers/STM32F1xx_HAL_Driver/Src/stm32f1xx_hal_uart.o
START GROUP
LOAD D:/STM32CubeIDE_1.15.1/STM32CubeIDE/plugins/com.st.stm32cube.ide.mcu.externaltools.gnu-tools-for-stm32.12.3.rel1.win32_1.0.100.202403111256/tools/bin/../lib/gcc/arm-none-eabi/12.3.1/../../../../arm-none-eabi/lib/thumb/v7-m/nofp\libc_nano.a
LOAD D:/STM32CubeIDE_1.15.1/STM32CubeIDE/plugins/com.st.stm32cube.ide.mcu.externaltools.gnu-tools-for-stm32.12.3.rel1.win32_1.0.100.202403111256/tools/bin/../lib/gcc/arm-none-eabi/12.3.1/../../../../arm-none-eabi/lib/thumb/v7-m/nofp\libm.a
END GROUP
START GROUP
LOAD D:/STM32CubeIDE_1.15.1/STM32CubeIDE/plugins/com.st.stm32cube.ide.mcu.externaltools.gnu-tools-for-stm32.12.3.rel1.win32_1.0.100.202403111256/tools/bin/../lib/gcc/arm-none-eabi/12.3.1/thumb/v7-m/nofp\libgcc.a
LOAD D:/STM32CubeIDE_1.15.1/STM32CubeIDE/plugins/com.st.stm32cube.ide.mcu.externaltools.gnu-tools-for-stm32.12.3.rel1.win32_1.0.100.202403111256/tools/bin/../lib/gcc/arm-none-eabi/12.3.1/../../../../arm-none-eabi/lib/thumb/v7-m/nofp\libc_nano.a
END GROUP
START GROUP
LOAD D:/STM32CubeIDE_1.15.1/STM32CubeIDE/plugins/com.st.stm32cube.ide.mcu.externaltools.gnu-tools-for-stm32.12.3.rel1.win32_1.0.100.202403111256/tools/bin/../lib/gcc/arm-none-eabi/12.3.1/thumb/v7-m/nofp\libgcc.a
LOAD D:/STM32CubeIDE_1.15.1/STM32CubeIDE/plugins/com.st.stm32cube.ide.mcu.externaltools.gnu-tools-for-stm32.12.3.rel1.win32_1.0.100.202403111256/tools/bin/../lib/gcc/arm-none-eabi/12.3.1/../../../../arm-none-eabi/lib/thumb/v7-m/nofp\libc_nano.a
LOAD D:/STM32CubeIDE_1.15.1/STM32CubeIDE/plugins/com.st.stm32cube.ide.mcu.externaltools.gnu-tools-for-stm32.12.3.rel1.win32_1.0.100.202403111256/tools/bin/../lib/gcc/arm-none-eabi/12.3.1/../../../../arm-none-eabi/lib/thumb/v7-m/nofp\libnosys.a
END GROUP
START GROUP
LOAD D:/STM32CubeIDE_1.15.1/STM32CubeIDE/plugins/com.st.stm32cube.ide.mcu.externaltools.gnu-tools-for-stm32.12.3.rel1.win32_1.0.100.202403111256/tools/bin/../lib/gcc/arm-none-eabi/12.3.1/thumb/v7-m/nofp\libgcc.a
LOAD D:/STM32CubeIDE_1.15.1/STM32CubeIDE/plugins/com.st.stm32cube.ide.mcu.externaltools.gnu-tools-for-stm32.12.3.rel1.win32_1.0.100.202403111256/tools/bin/../lib/gcc/arm-none-eabi/12.3.1/../../../../arm-none-eabi/lib/thumb/v7-m/nofp\libc_nano.a
LOAD D:/STM32CubeIDE_1.15.1/STM32CubeIDE/plugins/com.st.stm32cube.ide.mcu.externaltools.gnu-tools-for-stm32.12.3.rel1.win32_1.0.100.202403111256/tools/bin/../lib/gcc/arm-none-eabi/12.3.1/../../../../arm-none-eabi/lib/thumb/v7-m/nofp\libnosys.a
END GROUP
LOAD D:/STM32CubeIDE_1.15.1/STM32CubeIDE/plugins/com.st.stm32cube.ide.mcu.externaltools.gnu-tools-for-stm32.12.3.rel1.win32_1.0.100.202403111256/tools/bin/../lib/gcc/arm-none-eabi/12.3.1/thumb/v7-m/nofp/crtend.o
LOAD D:/STM32CubeIDE_1.15.1/STM32CubeIDE/plugins/com.st.stm32cube.ide.mcu.externaltools.gnu-tools-for-stm32.12.3.rel1.win32_1.0.100.202403111256/tools/bin/../lib/gcc/arm-none-eabi/12.3.1/thumb/v7-m/nofp/crtn.o
                0x20005000                        _estack = (ORIGIN (RAM) + LENGTH (RAM))
                0x00000200                        _Min_Heap_Size = 0x200
                0x00000400                        _Min_Stack_Size = 0x400

.isr_vector     0x08000000      0x10c
                0x08000000                        . = ALIGN (0x4)
 *(.isr_vector)
 .isr_vector    0x08000000      0x10c ./Core/Startup/startup_stm32f103rbtx.o
                0x08000000                g_pfnVectors
                0x0800010c                        . = ALIGN (0x4)

.text           0x0800010c     0x58cc
                0x0800010c                        . = ALIGN (0x4)
 *(.text)
 .text          0x0800010c       0x40 D:/STM32CubeIDE_1.15.1/STM32CubeIDE/plugins/com.st.stm32cube.ide.mcu.externaltools.gnu-tools-for-stm32.12.3.rel1.win32_1.0.100.202403111256/tools/bin/../lib/gcc/arm-none-eabi/12.3.1/thumb/v7-m/nofp/crtbegin.o
 .text          0x0800014c       0x10 D:/STM32CubeIDE_1.15.1/STM32CubeIDE/plugins/com.st.stm32cube.ide.mcu.externaltools.gnu-tools-for-stm32.12.3.rel1.win32_1.0.100.202403111256/tools/bin/../lib/gcc/arm-none-eabi/12.3.1/../../../../arm-none-eabi/lib/thumb/v7-m/nofp\libc_nano.a(libc_a-strlen.o)
                0x0800014c                strlen
 *(.text*)
 .text.isButtonPressed
                0x0800015c       0x34 ./Core/Src/button.o
                0x0800015c                isButtonPressed
 .text.getKeyInput
                0x08000190      0x188 ./Core/Src/button.o
                0x08000190                getKeyInput
 .text.SendCommand
                0x08000318       0x58 ./Core/Src/esp_at.o
                0x08000318                SendCommand
 .text.WaitForResponse
                0x08000370       0x98 ./Core/Src/esp_at.o
                0x08000370                WaitForResponse
 .text.HAL_UART_RxCpltCallback
                0x08000408       0x84 ./Core/Src/esp_at.o
                0x08000408                HAL_UART_RxCpltCallback
 .text.ESP_INIT
                0x0800048c      0x11c ./Core/Src/esp_at.o
                0x0800048c                ESP_INIT
 .text.Server_Send
                0x080005a8       0xf0 ./Core/Src/esp_at.o
                0x080005a8                Server_Send
 .text.server_on
                0x08000698      0x33c ./Core/Src/esp_at.o
                0x08000698                server_on
 .text.fsm_autorun
                0x080009d4      0x1e4 ./Core/Src/fsm_autorun.o
                0x080009d4                fsm_autorun
 .text.fsm_manual
                0x08000bb8       0xcc ./Core/Src/fsm_manual.o
                0x08000bb8                fsm_manual
 .text.fsm_setting
                0x08000c84      0x270 ./Core/Src/fsm_setting.o
                0x08000c84                fsm_setting
 .text.lcd_send_cmd
                0x08000ef4       0x60 ./Core/Src/i2c_lcd.o
                0x08000ef4                lcd_send_cmd
 .text.lcd_send_data
                0x08000f54       0x60 ./Core/Src/i2c_lcd.o
                0x08000f54                lcd_send_data
 .text.lcd_init
                0x08000fb4       0x5c ./Core/Src/i2c_lcd.o
                0x08000fb4                lcd_init
 .text.lcd_send_string
                0x08001010       0x2a ./Core/Src/i2c_lcd.o
                0x08001010                lcd_send_string
 .text.lcd_clear_display
                0x0800103a        0xe ./Core/Src/i2c_lcd.o
                0x0800103a                lcd_clear_display
 .text.lcd_goto_XY
                0x08001048       0x44 ./Core/Src/i2c_lcd.o
                0x08001048                lcd_goto_XY
 .text.lcd_run  0x0800108c      0x5a4 ./Core/Src/i2c_lcd.o
                0x0800108c                lcd_run
 .text.led_red_and_yellow
                0x08001630       0x6c ./Core/Src/light_traffic.o
                0x08001630                led_red_and_yellow
 .text.led_red_and_green
                0x0800169c       0x6c ./Core/Src/light_traffic.o
                0x0800169c                led_red_and_green
 .text.led_yellow_and_red
                0x08001708       0x6c ./Core/Src/light_traffic.o
                0x08001708                led_yellow_and_red
 .text.led_green_and_red
                0x08001774       0x6c ./Core/Src/light_traffic.o
                0x08001774                led_green_and_red
 .text.all_led_red_on
                0x080017e0       0x6c ./Core/Src/light_traffic.o
                0x080017e0                all_led_red_on
 .text.all_led_red_off
                0x0800184c       0x6c ./Core/Src/light_traffic.o
                0x0800184c                all_led_red_off
 .text.all_led_green_on
                0x080018b8       0x6c ./Core/Src/light_traffic.o
                0x080018b8                all_led_green_on
 .text.all_led_yellow_on
                0x08001924       0x6c ./Core/Src/light_traffic.o
                0x08001924                all_led_yellow_on
 .text.main     0x08001990       0x48 ./Core/Src/main.o
                0x08001990                main
 .text.SystemClock_Config
                0x080019d8       0x82 ./Core/Src/main.o
                0x080019d8                SystemClock_Config
 *fill*         0x08001a5a        0x2 
 .text.MX_I2C1_Init
                0x08001a5c       0x5c ./Core/Src/main.o
 .text.MX_TIM2_Init
                0x08001ab8       0x98 ./Core/Src/main.o
 .text.MX_USART2_UART_Init
                0x08001b50       0x54 ./Core/Src/main.o
 .text.MX_USART3_UART_Init
                0x08001ba4       0x54 ./Core/Src/main.o
 .text.MX_GPIO_Init
                0x08001bf8      0x164 ./Core/Src/main.o
 .text.HAL_TIM_PeriodElapsedCallback
                0x08001d5c       0x18 ./Core/Src/main.o
                0x08001d5c                HAL_TIM_PeriodElapsedCallback
 .text.Error_Handler
                0x08001d74        0xc ./Core/Src/main.o
                0x08001d74                Error_Handler
 .text.HAL_MspInit
                0x08001d80       0x64 ./Core/Src/stm32f1xx_hal_msp.o
                0x08001d80                HAL_MspInit
 .text.HAL_I2C_MspInit
                0x08001de4       0xa0 ./Core/Src/stm32f1xx_hal_msp.o
                0x08001de4                HAL_I2C_MspInit
 .text.HAL_TIM_Base_MspInit
                0x08001e84       0x48 ./Core/Src/stm32f1xx_hal_msp.o
                0x08001e84                HAL_TIM_Base_MspInit
 .text.HAL_UART_MspInit
                0x08001ecc      0x12c ./Core/Src/stm32f1xx_hal_msp.o
                0x08001ecc                HAL_UART_MspInit
 .text.NMI_Handler
                0x08001ff8        0x8 ./Core/Src/stm32f1xx_it.o
                0x08001ff8                NMI_Handler
 .text.HardFault_Handler
                0x08002000        0x8 ./Core/Src/stm32f1xx_it.o
                0x08002000                HardFault_Handler
 .text.MemManage_Handler
                0x08002008        0x8 ./Core/Src/stm32f1xx_it.o
                0x08002008                MemManage_Handler
 .text.BusFault_Handler
                0x08002010        0x8 ./Core/Src/stm32f1xx_it.o
                0x08002010                BusFault_Handler
 .text.UsageFault_Handler
                0x08002018        0x8 ./Core/Src/stm32f1xx_it.o
                0x08002018                UsageFault_Handler
 .text.SVC_Handler
                0x08002020        0xc ./Core/Src/stm32f1xx_it.o
                0x08002020                SVC_Handler
 .text.DebugMon_Handler
                0x0800202c        0xc ./Core/Src/stm32f1xx_it.o
                0x0800202c                DebugMon_Handler
 .text.PendSV_Handler
                0x08002038        0xc ./Core/Src/stm32f1xx_it.o
                0x08002038                PendSV_Handler
 .text.SysTick_Handler
                0x08002044        0xc ./Core/Src/stm32f1xx_it.o
                0x08002044                SysTick_Handler
 .text.TIM2_IRQHandler
                0x08002050       0x14 ./Core/Src/stm32f1xx_it.o
                0x08002050                TIM2_IRQHandler
 .text.USART3_IRQHandler
                0x08002064       0x14 ./Core/Src/stm32f1xx_it.o
                0x08002064                USART3_IRQHandler
 .text.EXTI15_10_IRQHandler
                0x08002078       0x10 ./Core/Src/stm32f1xx_it.o
                0x08002078                EXTI15_10_IRQHandler
 .text._sbrk    0x08002088       0x6c ./Core/Src/sysmem.o
                0x08002088                _sbrk
 .text.SystemInit
                0x080020f4        0xc ./Core/Src/system_stm32f1xx.o
                0x080020f4                SystemInit
 .text.setTimer
                0x08002100       0x40 ./Core/Src/timer.o
                0x08002100                setTimer
 .text.timerRun
                0x08002140       0x60 ./Core/Src/timer.o
                0x08002140                timerRun
 .text.Reset_Handler
                0x080021a0       0x48 ./Core/Startup/startup_stm32f103rbtx.o
                0x080021a0                Reset_Handler
 .text.Default_Handler
                0x080021e8        0x2 ./Core/Startup/startup_stm32f103rbtx.o
                0x080021e8                RTC_Alarm_IRQHandler
                0x080021e8                EXTI2_IRQHandler
                0x080021e8                TIM1_CC_IRQHandler
                0x080021e8                PVD_IRQHandler
                0x080021e8                EXTI3_IRQHandler
                0x080021e8                EXTI0_IRQHandler
                0x080021e8                I2C2_EV_IRQHandler
                0x080021e8                ADC1_2_IRQHandler
                0x080021e8                SPI1_IRQHandler
                0x080021e8                TAMPER_IRQHandler
                0x080021e8                DMA1_Channel4_IRQHandler
                0x080021e8                RTC_IRQHandler
                0x080021e8                DMA1_Channel7_IRQHandler
                0x080021e8                CAN1_RX1_IRQHandler
                0x080021e8                TIM4_IRQHandler
                0x080021e8                I2C1_EV_IRQHandler
                0x080021e8                DMA1_Channel6_IRQHandler
                0x080021e8                TIM3_IRQHandler
                0x080021e8                RCC_IRQHandler
                0x080021e8                TIM1_TRG_COM_IRQHandler
                0x080021e8                DMA1_Channel1_IRQHandler
                0x080021e8                Default_Handler
                0x080021e8                EXTI9_5_IRQHandler
                0x080021e8                SPI2_IRQHandler
                0x080021e8                DMA1_Channel5_IRQHandler
                0x080021e8                EXTI4_IRQHandler
                0x080021e8                USB_LP_CAN1_RX0_IRQHandler
                0x080021e8                USB_HP_CAN1_TX_IRQHandler
                0x080021e8                DMA1_Channel3_IRQHandler
                0x080021e8                TIM1_UP_IRQHandler
                0x080021e8                WWDG_IRQHandler
                0x080021e8                TIM1_BRK_IRQHandler
                0x080021e8                EXTI1_IRQHandler
                0x080021e8                USART2_IRQHandler
                0x080021e8                I2C2_ER_IRQHandler
                0x080021e8                DMA1_Channel2_IRQHandler
                0x080021e8                CAN1_SCE_IRQHandler
                0x080021e8                FLASH_IRQHandler
                0x080021e8                USART1_IRQHandler
                0x080021e8                I2C1_ER_IRQHandler
                0x080021e8                USBWakeUp_IRQHandler
 *fill*         0x080021ea        0x2 
 .text.HAL_Init
                0x080021ec       0x2c ./Drivers/STM32F1xx_HAL_Driver/Src/stm32f1xx_hal.o
                0x080021ec                HAL_Init
 .text.HAL_InitTick
                0x08002218       0x60 ./Drivers/STM32F1xx_HAL_Driver/Src/stm32f1xx_hal.o
                0x08002218                HAL_InitTick
 .text.HAL_IncTick
                0x08002278       0x24 ./Drivers/STM32F1xx_HAL_Driver/Src/stm32f1xx_hal.o
                0x08002278                HAL_IncTick
 .text.HAL_GetTick
                0x0800229c       0x14 ./Drivers/STM32F1xx_HAL_Driver/Src/stm32f1xx_hal.o
                0x0800229c                HAL_GetTick
 .text.HAL_Delay
                0x080022b0       0x48 ./Drivers/STM32F1xx_HAL_Driver/Src/stm32f1xx_hal.o
                0x080022b0                HAL_Delay
 .text.__NVIC_SetPriorityGrouping
                0x080022f8       0x48 ./Drivers/STM32F1xx_HAL_Driver/Src/stm32f1xx_hal_cortex.o
 .text.__NVIC_GetPriorityGrouping
                0x08002340       0x1c ./Drivers/STM32F1xx_HAL_Driver/Src/stm32f1xx_hal_cortex.o
 .text.__NVIC_EnableIRQ
                0x0800235c       0x38 ./Drivers/STM32F1xx_HAL_Driver/Src/stm32f1xx_hal_cortex.o
 .text.__NVIC_SetPriority
                0x08002394       0x54 ./Drivers/STM32F1xx_HAL_Driver/Src/stm32f1xx_hal_cortex.o
 .text.NVIC_EncodePriority
                0x080023e8       0x64 ./Drivers/STM32F1xx_HAL_Driver/Src/stm32f1xx_hal_cortex.o
 .text.SysTick_Config
                0x0800244c       0x44 ./Drivers/STM32F1xx_HAL_Driver/Src/stm32f1xx_hal_cortex.o
 .text.HAL_NVIC_SetPriorityGrouping
                0x08002490       0x16 ./Drivers/STM32F1xx_HAL_Driver/Src/stm32f1xx_hal_cortex.o
                0x08002490                HAL_NVIC_SetPriorityGrouping
 .text.HAL_NVIC_SetPriority
                0x080024a6       0x38 ./Drivers/STM32F1xx_HAL_Driver/Src/stm32f1xx_hal_cortex.o
                0x080024a6                HAL_NVIC_SetPriority
 .text.HAL_NVIC_EnableIRQ
                0x080024de       0x1c ./Drivers/STM32F1xx_HAL_Driver/Src/stm32f1xx_hal_cortex.o
                0x080024de                HAL_NVIC_EnableIRQ
 .text.HAL_SYSTICK_Config
                0x080024fa       0x18 ./Drivers/STM32F1xx_HAL_Driver/Src/stm32f1xx_hal_cortex.o
                0x080024fa                HAL_SYSTICK_Config
 .text.HAL_DMA_Abort
                0x08002512       0x76 ./Drivers/STM32F1xx_HAL_Driver/Src/stm32f1xx_hal_dma.o
                0x08002512                HAL_DMA_Abort
 .text.HAL_DMA_Abort_IT
                0x08002588       0xf0 ./Drivers/STM32F1xx_HAL_Driver/Src/stm32f1xx_hal_dma.o
                0x08002588                HAL_DMA_Abort_IT
 .text.HAL_GPIO_Init
                0x08002678      0x308 ./Drivers/STM32F1xx_HAL_Driver/Src/stm32f1xx_hal_gpio.o
                0x08002678                HAL_GPIO_Init
 .text.HAL_GPIO_ReadPin
                0x08002980       0x2e ./Drivers/STM32F1xx_HAL_Driver/Src/stm32f1xx_hal_gpio.o
                0x08002980                HAL_GPIO_ReadPin
 .text.HAL_GPIO_WritePin
                0x080029ae       0x30 ./Drivers/STM32F1xx_HAL_Driver/Src/stm32f1xx_hal_gpio.o
                0x080029ae                HAL_GPIO_WritePin
 *fill*         0x080029de        0x2 
 .text.HAL_GPIO_EXTI_IRQHandler
                0x080029e0       0x30 ./Drivers/STM32F1xx_HAL_Driver/Src/stm32f1xx_hal_gpio.o
                0x080029e0                HAL_GPIO_EXTI_IRQHandler
 .text.HAL_GPIO_EXTI_Callback
                0x08002a10       0x14 ./Drivers/STM32F1xx_HAL_Driver/Src/stm32f1xx_hal_gpio.o
                0x08002a10                HAL_GPIO_EXTI_Callback
 .text.HAL_I2C_Init
                0x08002a24      0x288 ./Drivers/STM32F1xx_HAL_Driver/Src/stm32f1xx_hal_i2c.o
                0x08002a24                HAL_I2C_Init
 .text.HAL_I2C_Master_Transmit
                0x08002cac      0x1fc ./Drivers/STM32F1xx_HAL_Driver/Src/stm32f1xx_hal_i2c.o
                0x08002cac                HAL_I2C_Master_Transmit
 .text.I2C_MasterRequestWrite
                0x08002ea8      0x104 ./Drivers/STM32F1xx_HAL_Driver/Src/stm32f1xx_hal_i2c.o
 .text.I2C_WaitOnFlagUntilTimeout
                0x08002fac       0xf4 ./Drivers/STM32F1xx_HAL_Driver/Src/stm32f1xx_hal_i2c.o
 .text.I2C_WaitOnMasterAddressFlagUntilTimeout
                0x080030a0      0x140 ./Drivers/STM32F1xx_HAL_Driver/Src/stm32f1xx_hal_i2c.o
 .text.I2C_WaitOnTXEFlagUntilTimeout
                0x080031e0       0x90 ./Drivers/STM32F1xx_HAL_Driver/Src/stm32f1xx_hal_i2c.o
 .text.I2C_WaitOnBTFFlagUntilTimeout
                0x08003270       0x90 ./Drivers/STM32F1xx_HAL_Driver/Src/stm32f1xx_hal_i2c.o
 .text.I2C_IsAcknowledgeFailed
                0x08003300       0x5c ./Drivers/STM32F1xx_HAL_Driver/Src/stm32f1xx_hal_i2c.o
 .text.HAL_RCC_OscConfig
                0x0800335c      0x504 ./Drivers/STM32F1xx_HAL_Driver/Src/stm32f1xx_hal_rcc.o
                0x0800335c                HAL_RCC_OscConfig
 .text.HAL_RCC_ClockConfig
                0x08003860      0x1d4 ./Drivers/STM32F1xx_HAL_Driver/Src/stm32f1xx_hal_rcc.o
                0x08003860                HAL_RCC_ClockConfig
 .text.HAL_RCC_GetSysClockFreq
                0x08003a34       0xa8 ./Drivers/STM32F1xx_HAL_Driver/Src/stm32f1xx_hal_rcc.o
                0x08003a34                HAL_RCC_GetSysClockFreq
 .text.HAL_RCC_GetHCLKFreq
                0x08003adc       0x14 ./Drivers/STM32F1xx_HAL_Driver/Src/stm32f1xx_hal_rcc.o
                0x08003adc                HAL_RCC_GetHCLKFreq
 .text.HAL_RCC_GetPCLK1Freq
                0x08003af0       0x28 ./Drivers/STM32F1xx_HAL_Driver/Src/stm32f1xx_hal_rcc.o
                0x08003af0                HAL_RCC_GetPCLK1Freq
 .text.HAL_RCC_GetPCLK2Freq
                0x08003b18       0x28 ./Drivers/STM32F1xx_HAL_Driver/Src/stm32f1xx_hal_rcc.o
                0x08003b18                HAL_RCC_GetPCLK2Freq
 .text.RCC_Delay
                0x08003b40       0x3c ./Drivers/STM32F1xx_HAL_Driver/Src/stm32f1xx_hal_rcc.o
 .text.HAL_TIM_Base_Init
                0x08003b7c       0x9e ./Drivers/STM32F1xx_HAL_Driver/Src/stm32f1xx_hal_tim.o
                0x08003b7c                HAL_TIM_Base_Init
 *fill*         0x08003c1a        0x2 
 .text.HAL_TIM_Base_Start_IT
                0x08003c1c       0xa4 ./Drivers/STM32F1xx_HAL_Driver/Src/stm32f1xx_hal_tim.o
                0x08003c1c                HAL_TIM_Base_Start_IT
 .text.HAL_TIM_IRQHandler
                0x08003cc0      0x1e0 ./Drivers/STM32F1xx_HAL_Driver/Src/stm32f1xx_hal_tim.o
                0x08003cc0                HAL_TIM_IRQHandler
 .text.HAL_TIM_ConfigClockSource
                0x08003ea0      0x18e ./Drivers/STM32F1xx_HAL_Driver/Src/stm32f1xx_hal_tim.o
                0x08003ea0                HAL_TIM_ConfigClockSource
 .text.HAL_TIM_OC_DelayElapsedCallback
                0x0800402e       0x12 ./Drivers/STM32F1xx_HAL_Driver/Src/stm32f1xx_hal_tim.o
                0x0800402e                HAL_TIM_OC_DelayElapsedCallback
 .text.HAL_TIM_IC_CaptureCallback
                0x08004040       0x12 ./Drivers/STM32F1xx_HAL_Driver/Src/stm32f1xx_hal_tim.o
                0x08004040                HAL_TIM_IC_CaptureCallback
 .text.HAL_TIM_PWM_PulseFinishedCallback
                0x08004052       0x12 ./Drivers/STM32F1xx_HAL_Driver/Src/stm32f1xx_hal_tim.o
                0x08004052                HAL_TIM_PWM_PulseFinishedCallback
 .text.HAL_TIM_TriggerCallback
                0x08004064       0x12 ./Drivers/STM32F1xx_HAL_Driver/Src/stm32f1xx_hal_tim.o
                0x08004064                HAL_TIM_TriggerCallback
 *fill*         0x08004076        0x2 
 .text.TIM_Base_SetConfig
                0x08004078       0xdc ./Drivers/STM32F1xx_HAL_Driver/Src/stm32f1xx_hal_tim.o
                0x08004078                TIM_Base_SetConfig
 .text.TIM_TI1_ConfigInputStage
                0x08004154       0x5c ./Drivers/STM32F1xx_HAL_Driver/Src/stm32f1xx_hal_tim.o
 .text.TIM_TI2_ConfigInputStage
                0x080041b0       0x5e ./Drivers/STM32F1xx_HAL_Driver/Src/stm32f1xx_hal_tim.o
 .text.TIM_ITRx_SetConfig
                0x0800420e       0x34 ./Drivers/STM32F1xx_HAL_Driver/Src/stm32f1xx_hal_tim.o
 .text.TIM_ETR_SetConfig
                0x08004242       0x3e ./Drivers/STM32F1xx_HAL_Driver/Src/stm32f1xx_hal_tim.o
                0x08004242                TIM_ETR_SetConfig
 .text.HAL_TIMEx_MasterConfigSynchronization
                0x08004280       0xbc ./Drivers/STM32F1xx_HAL_Driver/Src/stm32f1xx_hal_tim_ex.o
                0x08004280                HAL_TIMEx_MasterConfigSynchronization
 .text.HAL_TIMEx_CommutCallback
                0x0800433c       0x12 ./Drivers/STM32F1xx_HAL_Driver/Src/stm32f1xx_hal_tim_ex.o
                0x0800433c                HAL_TIMEx_CommutCallback
 .text.HAL_TIMEx_BreakCallback
                0x0800434e       0x12 ./Drivers/STM32F1xx_HAL_Driver/Src/stm32f1xx_hal_tim_ex.o
                0x0800434e                HAL_TIMEx_BreakCallback
 .text.HAL_UART_Init
                0x08004360       0xa0 ./Drivers/STM32F1xx_HAL_Driver/Src/stm32f1xx_hal_uart.o
                0x08004360                HAL_UART_Init
 .text.HAL_UART_Transmit
                0x08004400      0x116 ./Drivers/STM32F1xx_HAL_Driver/Src/stm32f1xx_hal_uart.o
                0x08004400                HAL_UART_Transmit
 .text.HAL_UART_Receive_IT
                0x08004516       0x4a ./Drivers/STM32F1xx_HAL_Driver/Src/stm32f1xx_hal_uart.o
                0x08004516                HAL_UART_Receive_IT
 .text.HAL_UART_IRQHandler
                0x08004560      0x524 ./Drivers/STM32F1xx_HAL_Driver/Src/stm32f1xx_hal_uart.o
                0x08004560                HAL_UART_IRQHandler
 .text.HAL_UART_TxCpltCallback
                0x08004a84       0x12 ./Drivers/STM32F1xx_HAL_Driver/Src/stm32f1xx_hal_uart.o
                0x08004a84                HAL_UART_TxCpltCallback
 .text.HAL_UART_ErrorCallback
                0x08004a96       0x12 ./Drivers/STM32F1xx_HAL_Driver/Src/stm32f1xx_hal_uart.o
                0x08004a96                HAL_UART_ErrorCallback
 .text.HAL_UARTEx_RxEventCallback
                0x08004aa8       0x16 ./Drivers/STM32F1xx_HAL_Driver/Src/stm32f1xx_hal_uart.o
                0x08004aa8                HAL_UARTEx_RxEventCallback
 .text.UART_WaitOnFlagUntilTimeout
                0x08004abe       0xb2 ./Drivers/STM32F1xx_HAL_Driver/Src/stm32f1xx_hal_uart.o
 .text.UART_Start_Receive_IT
                0x08004b70       0x72 ./Drivers/STM32F1xx_HAL_Driver/Src/stm32f1xx_hal_uart.o
                0x08004b70                UART_Start_Receive_IT
 .text.UART_EndRxTransfer
                0x08004be2       0xc4 ./Drivers/STM32F1xx_HAL_Driver/Src/stm32f1xx_hal_uart.o
 .text.UART_DMAAbortOnError
                0x08004ca6       0x28 ./Drivers/STM32F1xx_HAL_Driver/Src/stm32f1xx_hal_uart.o
 .text.UART_Transmit_IT
                0x08004cce       0x9e ./Drivers/STM32F1xx_HAL_Driver/Src/stm32f1xx_hal_uart.o
 .text.UART_EndTransmit_IT
                0x08004d6c       0x30 ./Drivers/STM32F1xx_HAL_Driver/Src/stm32f1xx_hal_uart.o
 .text.UART_Receive_IT
                0x08004d9c      0x17c ./Drivers/STM32F1xx_HAL_Driver/Src/stm32f1xx_hal_uart.o
 .text.UART_SetConfig
                0x08004f18      0x11c ./Drivers/STM32F1xx_HAL_Driver/Src/stm32f1xx_hal_uart.o
 .text.sprintf  0x08005034       0x40 D:/STM32CubeIDE_1.15.1/STM32CubeIDE/plugins/com.st.stm32cube.ide.mcu.externaltools.gnu-tools-for-stm32.12.3.rel1.win32_1.0.100.202403111256/tools/bin/../lib/gcc/arm-none-eabi/12.3.1/../../../../arm-none-eabi/lib/thumb/v7-m/nofp\libc_nano.a(libc_a-sprintf.o)
                0x08005034                siprintf
                0x08005034                sprintf
 .text.memset   0x08005074       0x10 D:/STM32CubeIDE_1.15.1/STM32CubeIDE/plugins/com.st.stm32cube.ide.mcu.externaltools.gnu-tools-for-stm32.12.3.rel1.win32_1.0.100.202403111256/tools/bin/../lib/gcc/arm-none-eabi/12.3.1/../../../../arm-none-eabi/lib/thumb/v7-m/nofp\libc_nano.a(libc_a-memset.o)
                0x08005074                memset
 .text.strstr   0x08005084       0x2c D:/STM32CubeIDE_1.15.1/STM32CubeIDE/plugins/com.st.stm32cube.ide.mcu.externaltools.gnu-tools-for-stm32.12.3.rel1.win32_1.0.100.202403111256/tools/bin/../lib/gcc/arm-none-eabi/12.3.1/../../../../arm-none-eabi/lib/thumb/v7-m/nofp\libc_nano.a(libc_a-strstr.o)
                0x08005084                strstr
 .text.__errno  0x080050b0        0xc D:/STM32CubeIDE_1.15.1/STM32CubeIDE/plugins/com.st.stm32cube.ide.mcu.externaltools.gnu-tools-for-stm32.12.3.rel1.win32_1.0.100.202403111256/tools/bin/../lib/gcc/arm-none-eabi/12.3.1/../../../../arm-none-eabi/lib/thumb/v7-m/nofp\libc_nano.a(libc_a-errno.o)
                0x080050b0                __errno
 .text.__libc_init_array
                0x080050bc       0x48 D:/STM32CubeIDE_1.15.1/STM32CubeIDE/plugins/com.st.stm32cube.ide.mcu.externaltools.gnu-tools-for-stm32.12.3.rel1.win32_1.0.100.202403111256/tools/bin/../lib/gcc/arm-none-eabi/12.3.1/../../../../arm-none-eabi/lib/thumb/v7-m/nofp\libc_nano.a(libc_a-init.o)
                0x080050bc                __libc_init_array
 .text.__retarget_lock_acquire_recursive
                0x08005104        0x2 D:/STM32CubeIDE_1.15.1/STM32CubeIDE/plugins/com.st.stm32cube.ide.mcu.externaltools.gnu-tools-for-stm32.12.3.rel1.win32_1.0.100.202403111256/tools/bin/../lib/gcc/arm-none-eabi/12.3.1/../../../../arm-none-eabi/lib/thumb/v7-m/nofp\libc_nano.a(libc_a-lock.o)
                0x08005104                __retarget_lock_acquire_recursive
 .text.__retarget_lock_release_recursive
                0x08005106        0x2 D:/STM32CubeIDE_1.15.1/STM32CubeIDE/plugins/com.st.stm32cube.ide.mcu.externaltools.gnu-tools-for-stm32.12.3.rel1.win32_1.0.100.202403111256/tools/bin/../lib/gcc/arm-none-eabi/12.3.1/../../../../arm-none-eabi/lib/thumb/v7-m/nofp\libc_nano.a(libc_a-lock.o)
                0x08005106                __retarget_lock_release_recursive
 .text._free_r  0x08005108       0x90 D:/STM32CubeIDE_1.15.1/STM32CubeIDE/plugins/com.st.stm32cube.ide.mcu.externaltools.gnu-tools-for-stm32.12.3.rel1.win32_1.0.100.202403111256/tools/bin/../lib/gcc/arm-none-eabi/12.3.1/../../../../arm-none-eabi/lib/thumb/v7-m/nofp\libc_nano.a(libc_a-freer.o)
                0x08005108                _free_r
 .text.sbrk_aligned
                0x08005198       0x44 D:/STM32CubeIDE_1.15.1/STM32CubeIDE/plugins/com.st.stm32cube.ide.mcu.externaltools.gnu-tools-for-stm32.12.3.rel1.win32_1.0.100.202403111256/tools/bin/../lib/gcc/arm-none-eabi/12.3.1/../../../../arm-none-eabi/lib/thumb/v7-m/nofp\libc_nano.a(libc_a-mallocr.o)
 .text._malloc_r
                0x080051dc      0x100 D:/STM32CubeIDE_1.15.1/STM32CubeIDE/plugins/com.st.stm32cube.ide.mcu.externaltools.gnu-tools-for-stm32.12.3.rel1.win32_1.0.100.202403111256/tools/bin/../lib/gcc/arm-none-eabi/12.3.1/../../../../arm-none-eabi/lib/thumb/v7-m/nofp\libc_nano.a(libc_a-mallocr.o)
                0x080051dc                _malloc_r
 .text.__malloc_lock
                0x080052dc        0xc D:/STM32CubeIDE_1.15.1/STM32CubeIDE/plugins/com.st.stm32cube.ide.mcu.externaltools.gnu-tools-for-stm32.12.3.rel1.win32_1.0.100.202403111256/tools/bin/../lib/gcc/arm-none-eabi/12.3.1/../../../../arm-none-eabi/lib/thumb/v7-m/nofp\libc_nano.a(libc_a-mlock.o)
                0x080052dc                __malloc_lock
 .text.__malloc_unlock
                0x080052e8        0xc D:/STM32CubeIDE_1.15.1/STM32CubeIDE/plugins/com.st.stm32cube.ide.mcu.externaltools.gnu-tools-for-stm32.12.3.rel1.win32_1.0.100.202403111256/tools/bin/../lib/gcc/arm-none-eabi/12.3.1/../../../../arm-none-eabi/lib/thumb/v7-m/nofp\libc_nano.a(libc_a-mlock.o)
                0x080052e8                __malloc_unlock
 .text.__ssputs_r
                0x080052f4       0xb6 D:/STM32CubeIDE_1.15.1/STM32CubeIDE/plugins/com.st.stm32cube.ide.mcu.externaltools.gnu-tools-for-stm32.12.3.rel1.win32_1.0.100.202403111256/tools/bin/../lib/gcc/arm-none-eabi/12.3.1/../../../../arm-none-eabi/lib/thumb/v7-m/nofp\libc_nano.a(libc_a-nano-svfprintf.o)
                0x080052f4                __ssputs_r
 *fill*         0x080053aa        0x2 
 .text._svfprintf_r
                0x080053ac      0x1f8 D:/STM32CubeIDE_1.15.1/STM32CubeIDE/plugins/com.st.stm32cube.ide.mcu.externaltools.gnu-tools-for-stm32.12.3.rel1.win32_1.0.100.202403111256/tools/bin/../lib/gcc/arm-none-eabi/12.3.1/../../../../arm-none-eabi/lib/thumb/v7-m/nofp\libc_nano.a(libc_a-nano-svfprintf.o)
                0x080053ac                _svfiprintf_r
                0x080053ac                _svfprintf_r
 .text._printf_common
                0x080055a4       0xe4 D:/STM32CubeIDE_1.15.1/STM32CubeIDE/plugins/com.st.stm32cube.ide.mcu.externaltools.gnu-tools-for-stm32.12.3.rel1.win32_1.0.100.202403111256/tools/bin/../lib/gcc/arm-none-eabi/12.3.1/../../../../arm-none-eabi/lib/thumb/v7-m/nofp\libc_nano.a(libc_a-nano-vfprintf_i.o)
                0x080055a4                _printf_common
 .text._printf_i
                0x08005688      0x240 D:/STM32CubeIDE_1.15.1/STM32CubeIDE/plugins/com.st.stm32cube.ide.mcu.externaltools.gnu-tools-for-stm32.12.3.rel1.win32_1.0.100.202403111256/tools/bin/../lib/gcc/arm-none-eabi/12.3.1/../../../../arm-none-eabi/lib/thumb/v7-m/nofp\libc_nano.a(libc_a-nano-vfprintf_i.o)
                0x08005688                _printf_i
 .text.memmove  0x080058c8       0x34 D:/STM32CubeIDE_1.15.1/STM32CubeIDE/plugins/com.st.stm32cube.ide.mcu.externaltools.gnu-tools-for-stm32.12.3.rel1.win32_1.0.100.202403111256/tools/bin/../lib/gcc/arm-none-eabi/12.3.1/../../../../arm-none-eabi/lib/thumb/v7-m/nofp\libc_nano.a(libc_a-memmove.o)
                0x080058c8                memmove
 .text._sbrk_r  0x080058fc       0x20 D:/STM32CubeIDE_1.15.1/STM32CubeIDE/plugins/com.st.stm32cube.ide.mcu.externaltools.gnu-tools-for-stm32.12.3.rel1.win32_1.0.100.202403111256/tools/bin/../lib/gcc/arm-none-eabi/12.3.1/../../../../arm-none-eabi/lib/thumb/v7-m/nofp\libc_nano.a(libc_a-sbrkr.o)
                0x080058fc                _sbrk_r
 .text.memchr   0x0800591c       0x1c D:/STM32CubeIDE_1.15.1/STM32CubeIDE/plugins/com.st.stm32cube.ide.mcu.externaltools.gnu-tools-for-stm32.12.3.rel1.win32_1.0.100.202403111256/tools/bin/../lib/gcc/arm-none-eabi/12.3.1/../../../../arm-none-eabi/lib/thumb/v7-m/nofp\libc_nano.a(libc_a-memchr-stub.o)
                0x0800591c                memchr
 .text.memcpy   0x08005938       0x1c D:/STM32CubeIDE_1.15.1/STM32CubeIDE/plugins/com.st.stm32cube.ide.mcu.externaltools.gnu-tools-for-stm32.12.3.rel1.win32_1.0.100.202403111256/tools/bin/../lib/gcc/arm-none-eabi/12.3.1/../../../../arm-none-eabi/lib/thumb/v7-m/nofp\libc_nano.a(libc_a-memcpy-stub.o)
                0x08005938                memcpy
 .text._realloc_r
                0x08005954       0x5c D:/STM32CubeIDE_1.15.1/STM32CubeIDE/plugins/com.st.stm32cube.ide.mcu.externaltools.gnu-tools-for-stm32.12.3.rel1.win32_1.0.100.202403111256/tools/bin/../lib/gcc/arm-none-eabi/12.3.1/../../../../arm-none-eabi/lib/thumb/v7-m/nofp\libc_nano.a(libc_a-reallocr.o)
                0x08005954                _realloc_r
 .text._malloc_usable_size_r
                0x080059b0       0x10 D:/STM32CubeIDE_1.15.1/STM32CubeIDE/plugins/com.st.stm32cube.ide.mcu.externaltools.gnu-tools-for-stm32.12.3.rel1.win32_1.0.100.202403111256/tools/bin/../lib/gcc/arm-none-eabi/12.3.1/../../../../arm-none-eabi/lib/thumb/v7-m/nofp\libc_nano.a(libc_a-msizer.o)
                0x080059b0                _malloc_usable_size_r
 *(.glue_7)
 .glue_7        0x080059c0        0x0 linker stubs
 *(.glue_7t)
 .glue_7t       0x080059c0        0x0 linker stubs
 *(.eh_frame)
 .eh_frame      0x080059c0        0x0 D:/STM32CubeIDE_1.15.1/STM32CubeIDE/plugins/com.st.stm32cube.ide.mcu.externaltools.gnu-tools-for-stm32.12.3.rel1.win32_1.0.100.202403111256/tools/bin/../lib/gcc/arm-none-eabi/12.3.1/thumb/v7-m/nofp/crtbegin.o
 *(.init)
 .init          0x080059c0        0x4 D:/STM32CubeIDE_1.15.1/STM32CubeIDE/plugins/com.st.stm32cube.ide.mcu.externaltools.gnu-tools-for-stm32.12.3.rel1.win32_1.0.100.202403111256/tools/bin/../lib/gcc/arm-none-eabi/12.3.1/thumb/v7-m/nofp/crti.o
                0x080059c0                _init
 .init          0x080059c4        0x8 D:/STM32CubeIDE_1.15.1/STM32CubeIDE/plugins/com.st.stm32cube.ide.mcu.externaltools.gnu-tools-for-stm32.12.3.rel1.win32_1.0.100.202403111256/tools/bin/../lib/gcc/arm-none-eabi/12.3.1/thumb/v7-m/nofp/crtn.o
 *(.fini)
 .fini          0x080059cc        0x4 D:/STM32CubeIDE_1.15.1/STM32CubeIDE/plugins/com.st.stm32cube.ide.mcu.externaltools.gnu-tools-for-stm32.12.3.rel1.win32_1.0.100.202403111256/tools/bin/../lib/gcc/arm-none-eabi/12.3.1/thumb/v7-m/nofp/crti.o
                0x080059cc                _fini
 .fini          0x080059d0        0x8 D:/STM32CubeIDE_1.15.1/STM32CubeIDE/plugins/com.st.stm32cube.ide.mcu.externaltools.gnu-tools-for-stm32.12.3.rel1.win32_1.0.100.202403111256/tools/bin/../lib/gcc/arm-none-eabi/12.3.1/thumb/v7-m/nofp/crtn.o
                0x080059d8                        . = ALIGN (0x4)
                0x080059d8                        _etext = .

.vfp11_veneer   0x080059d8        0x0
 .vfp11_veneer  0x080059d8        0x0 linker stubs

.v4_bx          0x080059d8        0x0
 .v4_bx         0x080059d8        0x0 linker stubs

.iplt           0x080059d8        0x0
 .iplt          0x080059d8        0x0 D:/STM32CubeIDE_1.15.1/STM32CubeIDE/plugins/com.st.stm32cube.ide.mcu.externaltools.gnu-tools-for-stm32.12.3.rel1.win32_1.0.100.202403111256/tools/bin/../lib/gcc/arm-none-eabi/12.3.1/thumb/v7-m/nofp/crtbegin.o

.rodata         0x080059d8      0xc3c
                0x080059d8                        . = ALIGN (0x4)
 *(.rodata)
 .rodata        0x080059d8      0xaff ./Core/Src/esp_at.o
 *fill*         0x080064d7        0x1 
 .rodata        0x080064d8       0x10 ./Core/Src/fsm_setting.o
 .rodata        0x080064e8       0xc9 ./Core/Src/i2c_lcd.o
 *(.rodata*)
 *fill*         0x080065b1        0x3 
 .rodata.AHBPrescTable
                0x080065b4       0x10 ./Core/Src/system_stm32f1xx.o
                0x080065b4                AHBPrescTable
 .rodata.APBPrescTable
                0x080065c4        0x8 ./Core/Src/system_stm32f1xx.o
                0x080065c4                APBPrescTable
 .rodata.aPLLMULFactorTable.1
                0x080065cc       0x10 ./Drivers/STM32F1xx_HAL_Driver/Src/stm32f1xx_hal_rcc.o
 .rodata.aPredivFactorTable.0
                0x080065dc        0x2 ./Drivers/STM32F1xx_HAL_Driver/Src/stm32f1xx_hal_rcc.o
 .rodata._svfprintf_r.str1.1
                0x080065de       0x11 D:/STM32CubeIDE_1.15.1/STM32CubeIDE/plugins/com.st.stm32cube.ide.mcu.externaltools.gnu-tools-for-stm32.12.3.rel1.win32_1.0.100.202403111256/tools/bin/../lib/gcc/arm-none-eabi/12.3.1/../../../../arm-none-eabi/lib/thumb/v7-m/nofp\libc_nano.a(libc_a-nano-svfprintf.o)
 .rodata._printf_i.str1.1
                0x080065ef       0x22 D:/STM32CubeIDE_1.15.1/STM32CubeIDE/plugins/com.st.stm32cube.ide.mcu.externaltools.gnu-tools-for-stm32.12.3.rel1.win32_1.0.100.202403111256/tools/bin/../lib/gcc/arm-none-eabi/12.3.1/../../../../arm-none-eabi/lib/thumb/v7-m/nofp\libc_nano.a(libc_a-nano-vfprintf_i.o)
                0x08006614                        . = ALIGN (0x4)
 *fill*         0x08006611        0x3 

.ARM.extab      0x08006614        0x0
                0x08006614                        . = ALIGN (0x4)
 *(.ARM.extab* .gnu.linkonce.armextab.*)
                0x08006614                        . = ALIGN (0x4)

.ARM            0x08006614        0x8
                0x08006614                        . = ALIGN (0x4)
                0x08006614                        __exidx_start = .
 *(.ARM.exidx*)
 .ARM.exidx     0x08006614        0x8 D:/STM32CubeIDE_1.15.1/STM32CubeIDE/plugins/com.st.stm32cube.ide.mcu.externaltools.gnu-tools-for-stm32.12.3.rel1.win32_1.0.100.202403111256/tools/bin/../lib/gcc/arm-none-eabi/12.3.1/../../../../arm-none-eabi/lib/thumb/v7-m/nofp\libc_nano.a(libc_a-strlen.o)
                0x0800661c                        __exidx_end = .
                0x0800661c                        . = ALIGN (0x4)

.preinit_array  0x0800661c        0x0
                0x0800661c                        . = ALIGN (0x4)
                0x0800661c                        PROVIDE (__preinit_array_start = .)
 *(.preinit_array*)
                0x0800661c                        PROVIDE (__preinit_array_end = .)
                0x0800661c                        . = ALIGN (0x4)

.init_array     0x0800661c        0x4
                0x0800661c                        . = ALIGN (0x4)
                0x0800661c                        PROVIDE (__init_array_start = .)
 *(SORT_BY_NAME(.init_array.*))
 *(.init_array*)
 .init_array    0x0800661c        0x4 D:/STM32CubeIDE_1.15.1/STM32CubeIDE/plugins/com.st.stm32cube.ide.mcu.externaltools.gnu-tools-for-stm32.12.3.rel1.win32_1.0.100.202403111256/tools/bin/../lib/gcc/arm-none-eabi/12.3.1/thumb/v7-m/nofp/crtbegin.o
                0x08006620                        PROVIDE (__init_array_end = .)
                0x08006620                        . = ALIGN (0x4)

.fini_array     0x08006620        0x4
                0x08006620                        . = ALIGN (0x4)
                [!provide]                        PROVIDE (__fini_array_start = .)
 *(SORT_BY_NAME(.fini_array.*))
 *(.fini_array*)
 .fini_array    0x08006620        0x4 D:/STM32CubeIDE_1.15.1/STM32CubeIDE/plugins/com.st.stm32cube.ide.mcu.externaltools.gnu-tools-for-stm32.12.3.rel1.win32_1.0.100.202403111256/tools/bin/../lib/gcc/arm-none-eabi/12.3.1/thumb/v7-m/nofp/crtbegin.o
                [!provide]                        PROVIDE (__fini_array_end = .)
                0x08006624                        . = ALIGN (0x4)
                0x08006624                        _sidata = LOADADDR (.data)

.rel.dyn        0x08006624        0x0
 .rel.iplt      0x08006624        0x0 D:/STM32CubeIDE_1.15.1/STM32CubeIDE/plugins/com.st.stm32cube.ide.mcu.externaltools.gnu-tools-for-stm32.12.3.rel1.win32_1.0.100.202403111256/tools/bin/../lib/gcc/arm-none-eabi/12.3.1/thumb/v7-m/nofp/crtbegin.o

.data           0x20000000       0x94 load address 0x08006624
                0x20000000                        . = ALIGN (0x4)
                0x20000000                        _sdata = .
 *(.data)
 *(.data*)
 .data.TimeOutForKeyPress
                0x20000000        0x4 ./Core/Src/button.o
                0x20000000                TimeOutForKeyPress
 .data.SSID     0x20000004        0x4 ./Core/Src/esp_at.o
                0x20000004                SSID
 .data.Pass     0x20000008        0xb ./Core/Src/esp_at.o
                0x20000008                Pass
 .data.Link_ID  0x20000013        0x1 ./Core/Src/esp_at.o
                0x20000013                Link_ID
 .data.store_char
                0x20000014        0x1 ./Core/Src/esp_at.o
                0x20000014                store_char
 *fill*         0x20000015        0x3 
 .data.home     0x20000018        0x4 ./Core/Src/esp_at.o
                0x20000018                home
 .data.manual   0x2000001c        0x4 ./Core/Src/esp_at.o
                0x2000001c                manual
 .data.Server_State
                0x20000020        0x4 ./Core/Src/esp_at.o
                0x20000020                Server_State
 .data.status_fsm
                0x20000024        0x4 ./Core/Src/fsm_autorun.o
                0x20000024                status_fsm
 .data.status_ld
                0x20000028        0x4 ./Core/Src/fsm_setting.o
                0x20000028                status_ld
 .data.red_time
                0x2000002c        0x4 ./Core/Src/global.o
                0x2000002c                red_time
 .data.yellow_time
                0x20000030        0x4 ./Core/Src/global.o
                0x20000030                yellow_time
 .data.green_time
                0x20000034        0x4 ./Core/Src/global.o
                0x20000034                green_time
 .data.SystemCoreClock
                0x20000038        0x4 ./Core/Src/system_stm32f1xx.o
                0x20000038                SystemCoreClock
 .data.uwTickPrio
                0x2000003c        0x4 ./Drivers/STM32F1xx_HAL_Driver/Src/stm32f1xx_hal.o
                0x2000003c                uwTickPrio
 .data.uwTickFreq
                0x20000040        0x1 ./Drivers/STM32F1xx_HAL_Driver/Src/stm32f1xx_hal.o
                0x20000040                uwTickFreq
 *fill*         0x20000041        0x3 
 .data._impure_ptr
                0x20000044        0x4 D:/STM32CubeIDE_1.15.1/STM32CubeIDE/plugins/com.st.stm32cube.ide.mcu.externaltools.gnu-tools-for-stm32.12.3.rel1.win32_1.0.100.202403111256/tools/bin/../lib/gcc/arm-none-eabi/12.3.1/../../../../arm-none-eabi/lib/thumb/v7-m/nofp\libc_nano.a(libc_a-impure.o)
                0x20000044                _impure_ptr
 .data._impure_data
                0x20000048       0x4c D:/STM32CubeIDE_1.15.1/STM32CubeIDE/plugins/com.st.stm32cube.ide.mcu.externaltools.gnu-tools-for-stm32.12.3.rel1.win32_1.0.100.202403111256/tools/bin/../lib/gcc/arm-none-eabi/12.3.1/../../../../arm-none-eabi/lib/thumb/v7-m/nofp\libc_nano.a(libc_a-impure.o)
                0x20000048                _impure_data
 *(.RamFunc)
 *(.RamFunc*)
                0x20000094                        . = ALIGN (0x4)
                0x20000094                        _edata = .

.igot.plt       0x20000094        0x0 load address 0x080066b8
 .igot.plt      0x20000094        0x0 D:/STM32CubeIDE_1.15.1/STM32CubeIDE/plugins/com.st.stm32cube.ide.mcu.externaltools.gnu-tools-for-stm32.12.3.rel1.win32_1.0.100.202403111256/tools/bin/../lib/gcc/arm-none-eabi/12.3.1/thumb/v7-m/nofp/crtbegin.o
                0x20000094                        . = ALIGN (0x4)

.bss            0x20000094      0x7e0 load address 0x080066b8
                0x20000094                        _sbss = .
                0x20000094                        __bss_start__ = _sbss
 *(.bss)
 .bss           0x20000094       0x1c D:/STM32CubeIDE_1.15.1/STM32CubeIDE/plugins/com.st.stm32cube.ide.mcu.externaltools.gnu-tools-for-stm32.12.3.rel1.win32_1.0.100.202403111256/tools/bin/../lib/gcc/arm-none-eabi/12.3.1/thumb/v7-m/nofp/crtbegin.o
 *(.bss*)
 .bss.KeyReg    0x200000b0       0x28 ./Core/Src/button.o
                0x200000b0                KeyReg
 .bss.button_long_pressed
                0x200000d8       0x28 ./Core/Src/button.o
                0x200000d8                button_long_pressed
 .bss.button_flag
                0x20000100       0x28 ./Core/Src/button.o
                0x20000100                button_flag
 .bss.state     0x20000128       0x28 ./Core/Src/button.o
                0x20000128                state
 .bss.data_byte_receive
                0x20000150        0x1 ./Core/Src/esp_at.o
                0x20000150                data_byte_receive
 *fill*         0x20000151        0x3 
 .bss.ESP_Response
                0x20000154      0x3e8 ./Core/Src/esp_at.o
                0x20000154                ESP_Response
 .bss.buffer    0x2000053c       0x32 ./Core/Src/esp_at.o
                0x2000053c                buffer
 *fill*         0x2000056e        0x2 
 .bss.count_data_come
                0x20000570        0x4 ./Core/Src/esp_at.o
                0x20000570                count_data_come
 .bss.command_size
                0x20000574        0x4 ./Core/Src/esp_at.o
                0x20000574                command_size
 .bss.Flag_Response
                0x20000578        0x4 ./Core/Src/esp_at.o
                0x20000578                Flag_Response
 .bss.idx       0x2000057c        0x4 ./Core/Src/esp_at.o
                0x2000057c                idx
 .bss.red_time_increase
                0x20000580        0x4 ./Core/Src/fsm_setting.o
                0x20000580                red_time_increase
 .bss.green_time_increase
                0x20000584        0x4 ./Core/Src/fsm_setting.o
                0x20000584                green_time_increase
 .bss.yellow_time_increase
                0x20000588        0x4 ./Core/Src/fsm_setting.o
                0x20000588                yellow_time_increase
 .bss.lcd_red_time
                0x2000058c        0x4 ./Core/Src/global.o
                0x2000058c                lcd_red_time
 .bss.lcd_green_time
                0x20000590        0x4 ./Core/Src/global.o
                0x20000590                lcd_green_time
 .bss.lcd_yellow_time
                0x20000594        0x4 ./Core/Src/global.o
                0x20000594                lcd_yellow_time
 .bss.lcd_buf   0x20000598       0x10 ./Core/Src/i2c_lcd.o
                0x20000598                lcd_buf
 .bss.hi2c1     0x200005a8       0x54 ./Core/Src/main.o
                0x200005a8                hi2c1
 .bss.htim2     0x200005fc       0x48 ./Core/Src/main.o
                0x200005fc                htim2
 .bss.huart2    0x20000644       0x48 ./Core/Src/main.o
                0x20000644                huart2
 .bss.huart3    0x2000068c       0x48 ./Core/Src/main.o
                0x2000068c                huart3
 .bss.__sbrk_heap_end
                0x200006d4        0x4 ./Core/Src/sysmem.o
 .bss.software_timer
                0x200006d8       0x28 ./Core/Src/timer.o
                0x200006d8                software_timer
 .bss.flag_timer
                0x20000700       0x28 ./Core/Src/timer.o
                0x20000700                flag_timer
 .bss.uwTick    0x20000728        0x4 ./Drivers/STM32F1xx_HAL_Driver/Src/stm32f1xx_hal.o
                0x20000728                uwTick
 .bss.__sf      0x2000072c      0x138 D:/STM32CubeIDE_1.15.1/STM32CubeIDE/plugins/com.st.stm32cube.ide.mcu.externaltools.gnu-tools-for-stm32.12.3.rel1.win32_1.0.100.202403111256/tools/bin/../lib/gcc/arm-none-eabi/12.3.1/../../../../arm-none-eabi/lib/thumb/v7-m/nofp\libc_nano.a(libc_a-findfp.o)
                0x2000072c                __sf
 .bss.errno     0x20000864        0x4 D:/STM32CubeIDE_1.15.1/STM32CubeIDE/plugins/com.st.stm32cube.ide.mcu.externaltools.gnu-tools-for-stm32.12.3.rel1.win32_1.0.100.202403111256/tools/bin/../lib/gcc/arm-none-eabi/12.3.1/../../../../arm-none-eabi/lib/thumb/v7-m/nofp\libc_nano.a(libc_a-reent.o)
                0x20000864                errno
 .bss.__lock___malloc_recursive_mutex
                0x20000868        0x1 D:/STM32CubeIDE_1.15.1/STM32CubeIDE/plugins/com.st.stm32cube.ide.mcu.externaltools.gnu-tools-for-stm32.12.3.rel1.win32_1.0.100.202403111256/tools/bin/../lib/gcc/arm-none-eabi/12.3.1/../../../../arm-none-eabi/lib/thumb/v7-m/nofp\libc_nano.a(libc_a-lock.o)
                0x20000868                __lock___malloc_recursive_mutex
 *fill*         0x20000869        0x3 
 .bss.__malloc_sbrk_start
                0x2000086c        0x4 D:/STM32CubeIDE_1.15.1/STM32CubeIDE/plugins/com.st.stm32cube.ide.mcu.externaltools.gnu-tools-for-stm32.12.3.rel1.win32_1.0.100.202403111256/tools/bin/../lib/gcc/arm-none-eabi/12.3.1/../../../../arm-none-eabi/lib/thumb/v7-m/nofp\libc_nano.a(libc_a-mallocr.o)
                0x2000086c                __malloc_sbrk_start
 .bss.__malloc_free_list
                0x20000870        0x4 D:/STM32CubeIDE_1.15.1/STM32CubeIDE/plugins/com.st.stm32cube.ide.mcu.externaltools.gnu-tools-for-stm32.12.3.rel1.win32_1.0.100.202403111256/tools/bin/../lib/gcc/arm-none-eabi/12.3.1/../../../../arm-none-eabi/lib/thumb/v7-m/nofp\libc_nano.a(libc_a-mallocr.o)
                0x20000870                __malloc_free_list
 *(COMMON)
                0x20000874                        . = ALIGN (0x4)
                0x20000874                        _ebss = .
                0x20000874                        __bss_end__ = _ebss

._user_heap_stack
                0x20000874      0x604 load address 0x080066b8
                0x20000878                        . = ALIGN (0x8)
 *fill*         0x20000874        0x4 
                [!provide]                        PROVIDE (end = .)
                0x20000878                        PROVIDE (_end = .)
                0x20000a78                        . = (. + _Min_Heap_Size)
 *fill*         0x20000878      0x200 
                0x20000e78                        . = (. + _Min_Stack_Size)
 *fill*         0x20000a78      0x400 
                0x20000e78                        . = ALIGN (0x8)

/DISCARD/
 libc.a(*)
 libm.a(*)
 libgcc.a(*)

.ARM.attributes
                0x00000000       0x29
 *(.ARM.attributes)
 .ARM.attributes
                0x00000000       0x1d D:/STM32CubeIDE_1.15.1/STM32CubeIDE/plugins/com.st.stm32cube.ide.mcu.externaltools.gnu-tools-for-stm32.12.3.rel1.win32_1.0.100.202403111256/tools/bin/../lib/gcc/arm-none-eabi/12.3.1/thumb/v7-m/nofp/crti.o
 .ARM.attributes
                0x0000001d       0x2d D:/STM32CubeIDE_1.15.1/STM32CubeIDE/plugins/com.st.stm32cube.ide.mcu.externaltools.gnu-tools-for-stm32.12.3.rel1.win32_1.0.100.202403111256/tools/bin/../lib/gcc/arm-none-eabi/12.3.1/thumb/v7-m/nofp/crtbegin.o
 .ARM.attributes
                0x0000004a       0x2d ./Core/Src/button.o
 .ARM.attributes
                0x00000077       0x2d ./Core/Src/esp_at.o
 .ARM.attributes
                0x000000a4       0x2d ./Core/Src/fsm_autorun.o
 .ARM.attributes
                0x000000d1       0x2d ./Core/Src/fsm_manual.o
 .ARM.attributes
                0x000000fe       0x2d ./Core/Src/fsm_setting.o
 .ARM.attributes
                0x0000012b       0x2d ./Core/Src/global.o
 .ARM.attributes
                0x00000158       0x2d ./Core/Src/i2c_lcd.o
 .ARM.attributes
                0x00000185       0x2d ./Core/Src/light_traffic.o
 .ARM.attributes
                0x000001b2       0x2d ./Core/Src/main.o
 .ARM.attributes
                0x000001df       0x2d ./Core/Src/stm32f1xx_hal_msp.o
 .ARM.attributes
                0x0000020c       0x2d ./Core/Src/stm32f1xx_it.o
 .ARM.attributes
                0x00000239       0x2d ./Core/Src/sysmem.o
 .ARM.attributes
                0x00000266       0x2d ./Core/Src/system_stm32f1xx.o
 .ARM.attributes
                0x00000293       0x2d ./Core/Src/timer.o
 .ARM.attributes
                0x000002c0       0x21 ./Core/Startup/startup_stm32f103rbtx.o
 .ARM.attributes
                0x000002e1       0x2d ./Drivers/STM32F1xx_HAL_Driver/Src/stm32f1xx_hal.o
 .ARM.attributes
                0x0000030e       0x2d ./Drivers/STM32F1xx_HAL_Driver/Src/stm32f1xx_hal_cortex.o
 .ARM.attributes
                0x0000033b       0x2d ./Drivers/STM32F1xx_HAL_Driver/Src/stm32f1xx_hal_dma.o
 .ARM.attributes
                0x00000368       0x2d ./Drivers/STM32F1xx_HAL_Driver/Src/stm32f1xx_hal_gpio.o
 .ARM.attributes
                0x00000395       0x2d ./Drivers/STM32F1xx_HAL_Driver/Src/stm32f1xx_hal_i2c.o
 .ARM.attributes
                0x000003c2       0x2d ./Drivers/STM32F1xx_HAL_Driver/Src/stm32f1xx_hal_rcc.o
 .ARM.attributes
                0x000003ef       0x2d ./Drivers/STM32F1xx_HAL_Driver/Src/stm32f1xx_hal_tim.o
 .ARM.attributes
                0x0000041c       0x2d ./Drivers/STM32F1xx_HAL_Driver/Src/stm32f1xx_hal_tim_ex.o
 .ARM.attributes
                0x00000449       0x2d ./Drivers/STM32F1xx_HAL_Driver/Src/stm32f1xx_hal_uart.o
 .ARM.attributes
                0x00000476       0x2d D:/STM32CubeIDE_1.15.1/STM32CubeIDE/plugins/com.st.stm32cube.ide.mcu.externaltools.gnu-tools-for-stm32.12.3.rel1.win32_1.0.100.202403111256/tools/bin/../lib/gcc/arm-none-eabi/12.3.1/../../../../arm-none-eabi/lib/thumb/v7-m/nofp\libc_nano.a(libc_a-findfp.o)
 .ARM.attributes
                0x000004a3       0x2d D:/STM32CubeIDE_1.15.1/STM32CubeIDE/plugins/com.st.stm32cube.ide.mcu.externaltools.gnu-tools-for-stm32.12.3.rel1.win32_1.0.100.202403111256/tools/bin/../lib/gcc/arm-none-eabi/12.3.1/../../../../arm-none-eabi/lib/thumb/v7-m/nofp\libc_nano.a(libc_a-sprintf.o)
 .ARM.attributes
                0x000004d0       0x2d D:/STM32CubeIDE_1.15.1/STM32CubeIDE/plugins/com.st.stm32cube.ide.mcu.externaltools.gnu-tools-for-stm32.12.3.rel1.win32_1.0.100.202403111256/tools/bin/../lib/gcc/arm-none-eabi/12.3.1/../../../../arm-none-eabi/lib/thumb/v7-m/nofp\libc_nano.a(libc_a-memset.o)
 .ARM.attributes
                0x000004fd       0x2d D:/STM32CubeIDE_1.15.1/STM32CubeIDE/plugins/com.st.stm32cube.ide.mcu.externaltools.gnu-tools-for-stm32.12.3.rel1.win32_1.0.100.202403111256/tools/bin/../lib/gcc/arm-none-eabi/12.3.1/../../../../arm-none-eabi/lib/thumb/v7-m/nofp\libc_nano.a(libc_a-strstr.o)
 .ARM.attributes
                0x0000052a       0x2d D:/STM32CubeIDE_1.15.1/STM32CubeIDE/plugins/com.st.stm32cube.ide.mcu.externaltools.gnu-tools-for-stm32.12.3.rel1.win32_1.0.100.202403111256/tools/bin/../lib/gcc/arm-none-eabi/12.3.1/../../../../arm-none-eabi/lib/thumb/v7-m/nofp\libc_nano.a(libc_a-reent.o)
 .ARM.attributes
                0x00000557       0x2d D:/STM32CubeIDE_1.15.1/STM32CubeIDE/plugins/com.st.stm32cube.ide.mcu.externaltools.gnu-tools-for-stm32.12.3.rel1.win32_1.0.100.202403111256/tools/bin/../lib/gcc/arm-none-eabi/12.3.1/../../../../arm-none-eabi/lib/thumb/v7-m/nofp\libc_nano.a(libc_a-impure.o)
 .ARM.attributes
                0x00000584       0x2d D:/STM32CubeIDE_1.15.1/STM32CubeIDE/plugins/com.st.stm32cube.ide.mcu.externaltools.gnu-tools-for-stm32.12.3.rel1.win32_1.0.100.202403111256/tools/bin/../lib/gcc/arm-none-eabi/12.3.1/../../../../arm-none-eabi/lib/thumb/v7-m/nofp\libc_nano.a(libc_a-errno.o)
 .ARM.attributes
                0x000005b1       0x2d D:/STM32CubeIDE_1.15.1/STM32CubeIDE/plugins/com.st.stm32cube.ide.mcu.externaltools.gnu-tools-for-stm32.12.3.rel1.win32_1.0.100.202403111256/tools/bin/../lib/gcc/arm-none-eabi/12.3.1/../../../../arm-none-eabi/lib/thumb/v7-m/nofp\libc_nano.a(libc_a-init.o)
 .ARM.attributes
                0x000005de       0x2d D:/STM32CubeIDE_1.15.1/STM32CubeIDE/plugins/com.st.stm32cube.ide.mcu.externaltools.gnu-tools-for-stm32.12.3.rel1.win32_1.0.100.202403111256/tools/bin/../lib/gcc/arm-none-eabi/12.3.1/../../../../arm-none-eabi/lib/thumb/v7-m/nofp\libc_nano.a(libc_a-lock.o)
 .ARM.attributes
                0x0000060b       0x17 D:/STM32CubeIDE_1.15.1/STM32CubeIDE/plugins/com.st.stm32cube.ide.mcu.externaltools.gnu-tools-for-stm32.12.3.rel1.win32_1.0.100.202403111256/tools/bin/../lib/gcc/arm-none-eabi/12.3.1/../../../../arm-none-eabi/lib/thumb/v7-m/nofp\libc_nano.a(libc_a-strlen.o)
 .ARM.attributes
                0x00000622       0x2d D:/STM32CubeIDE_1.15.1/STM32CubeIDE/plugins/com.st.stm32cube.ide.mcu.externaltools.gnu-tools-for-stm32.12.3.rel1.win32_1.0.100.202403111256/tools/bin/../lib/gcc/arm-none-eabi/12.3.1/../../../../arm-none-eabi/lib/thumb/v7-m/nofp\libc_nano.a(libc_a-freer.o)
 .ARM.attributes
                0x0000064f       0x2d D:/STM32CubeIDE_1.15.1/STM32CubeIDE/plugins/com.st.stm32cube.ide.mcu.externaltools.gnu-tools-for-stm32.12.3.rel1.win32_1.0.100.202403111256/tools/bin/../lib/gcc/arm-none-eabi/12.3.1/../../../../arm-none-eabi/lib/thumb/v7-m/nofp\libc_nano.a(libc_a-mallocr.o)
 .ARM.attributes
                0x0000067c       0x2d D:/STM32CubeIDE_1.15.1/STM32CubeIDE/plugins/com.st.stm32cube.ide.mcu.externaltools.gnu-tools-for-stm32.12.3.rel1.win32_1.0.100.202403111256/tools/bin/../lib/gcc/arm-none-eabi/12.3.1/../../../../arm-none-eabi/lib/thumb/v7-m/nofp\libc_nano.a(libc_a-mlock.o)
 .ARM.attributes
                0x000006a9       0x2d D:/STM32CubeIDE_1.15.1/STM32CubeIDE/plugins/com.st.stm32cube.ide.mcu.externaltools.gnu-tools-for-stm32.12.3.rel1.win32_1.0.100.202403111256/tools/bin/../lib/gcc/arm-none-eabi/12.3.1/../../../../arm-none-eabi/lib/thumb/v7-m/nofp\libc_nano.a(libc_a-nano-svfprintf.o)
 .ARM.attributes
                0x000006d6       0x2d D:/STM32CubeIDE_1.15.1/STM32CubeIDE/plugins/com.st.stm32cube.ide.mcu.externaltools.gnu-tools-for-stm32.12.3.rel1.win32_1.0.100.202403111256/tools/bin/../lib/gcc/arm-none-eabi/12.3.1/../../../../arm-none-eabi/lib/thumb/v7-m/nofp\libc_nano.a(libc_a-nano-vfprintf_i.o)
 .ARM.attributes
                0x00000703       0x2d D:/STM32CubeIDE_1.15.1/STM32CubeIDE/plugins/com.st.stm32cube.ide.mcu.externaltools.gnu-tools-for-stm32.12.3.rel1.win32_1.0.100.202403111256/tools/bin/../lib/gcc/arm-none-eabi/12.3.1/../../../../arm-none-eabi/lib/thumb/v7-m/nofp\libc_nano.a(libc_a-memmove.o)
 .ARM.attributes
                0x00000730       0x2d D:/STM32CubeIDE_1.15.1/STM32CubeIDE/plugins/com.st.stm32cube.ide.mcu.externaltools.gnu-tools-for-stm32.12.3.rel1.win32_1.0.100.202403111256/tools/bin/../lib/gcc/arm-none-eabi/12.3.1/../../../../arm-none-eabi/lib/thumb/v7-m/nofp\libc_nano.a(libc_a-sbrkr.o)
 .ARM.attributes
                0x0000075d       0x2d D:/STM32CubeIDE_1.15.1/STM32CubeIDE/plugins/com.st.stm32cube.ide.mcu.externaltools.gnu-tools-for-stm32.12.3.rel1.win32_1.0.100.202403111256/tools/bin/../lib/gcc/arm-none-eabi/12.3.1/../../../../arm-none-eabi/lib/thumb/v7-m/nofp\libc_nano.a(libc_a-memchr-stub.o)
 .ARM.attributes
                0x0000078a       0x2d D:/STM32CubeIDE_1.15.1/STM32CubeIDE/plugins/com.st.stm32cube.ide.mcu.externaltools.gnu-tools-for-stm32.12.3.rel1.win32_1.0.100.202403111256/tools/bin/../lib/gcc/arm-none-eabi/12.3.1/../../../../arm-none-eabi/lib/thumb/v7-m/nofp\libc_nano.a(libc_a-memcpy-stub.o)
 .ARM.attributes
                0x000007b7       0x2d D:/STM32CubeIDE_1.15.1/STM32CubeIDE/plugins/com.st.stm32cube.ide.mcu.externaltools.gnu-tools-for-stm32.12.3.rel1.win32_1.0.100.202403111256/tools/bin/../lib/gcc/arm-none-eabi/12.3.1/../../../../arm-none-eabi/lib/thumb/v7-m/nofp\libc_nano.a(libc_a-reallocr.o)
 .ARM.attributes
                0x000007e4       0x2d D:/STM32CubeIDE_1.15.1/STM32CubeIDE/plugins/com.st.stm32cube.ide.mcu.externaltools.gnu-tools-for-stm32.12.3.rel1.win32_1.0.100.202403111256/tools/bin/../lib/gcc/arm-none-eabi/12.3.1/../../../../arm-none-eabi/lib/thumb/v7-m/nofp\libc_nano.a(libc_a-msizer.o)
 .ARM.attributes
                0x00000811       0x1d D:/STM32CubeIDE_1.15.1/STM32CubeIDE/plugins/com.st.stm32cube.ide.mcu.externaltools.gnu-tools-for-stm32.12.3.rel1.win32_1.0.100.202403111256/tools/bin/../lib/gcc/arm-none-eabi/12.3.1/thumb/v7-m/nofp/crtn.o
OUTPUT(A.elf elf32-littlearm)
LOAD linker stubs
LOAD D:/STM32CubeIDE_1.15.1/STM32CubeIDE/plugins/com.st.stm32cube.ide.mcu.externaltools.gnu-tools-for-stm32.12.3.rel1.win32_1.0.100.202403111256/tools/bin/../lib/gcc/arm-none-eabi/12.3.1/../../../../arm-none-eabi/lib/thumb/v7-m/nofp\libc.a
LOAD D:/STM32CubeIDE_1.15.1/STM32CubeIDE/plugins/com.st.stm32cube.ide.mcu.externaltools.gnu-tools-for-stm32.12.3.rel1.win32_1.0.100.202403111256/tools/bin/../lib/gcc/arm-none-eabi/12.3.1/../../../../arm-none-eabi/lib/thumb/v7-m/nofp\libm.a
LOAD D:/STM32CubeIDE_1.15.1/STM32CubeIDE/plugins/com.st.stm32cube.ide.mcu.externaltools.gnu-tools-for-stm32.12.3.rel1.win32_1.0.100.202403111256/tools/bin/../lib/gcc/arm-none-eabi/12.3.1/thumb/v7-m/nofp\libgcc.a

.debug_info     0x00000000    0x104a7
 .debug_info    0x00000000      0x25b ./Core/Src/button.o
 .debug_info    0x0000025b      0x94b ./Core/Src/esp_at.o
 .debug_info    0x00000ba6      0x161 ./Core/Src/fsm_autorun.o
 .debug_info    0x00000d07      0x105 ./Core/Src/fsm_manual.o
 .debug_info    0x00000e0c      0x1b8 ./Core/Src/fsm_setting.o
 .debug_info    0x00000fc4       0xfb ./Core/Src/global.o
 .debug_info    0x000010bf      0x832 ./Core/Src/i2c_lcd.o
 .debug_info    0x000018f1      0x1f7 ./Core/Src/light_traffic.o
 .debug_info    0x00001ae8     0x1324 ./Core/Src/main.o
 .debug_info    0x00002e0c     0x10c1 ./Core/Src/stm32f1xx_hal_msp.o
 .debug_info    0x00003ecd      0x96e ./Core/Src/stm32f1xx_it.o
 .debug_info    0x0000483b      0x168 ./Core/Src/sysmem.o
 .debug_info    0x000049a3      0x222 ./Core/Src/system_stm32f1xx.o
 .debug_info    0x00004bc5       0xd0 ./Core/Src/timer.o
 .debug_info    0x00004c95       0x30 ./Core/Startup/startup_stm32f103rbtx.o
 .debug_info    0x00004cc5      0x704 ./Drivers/STM32F1xx_HAL_Driver/Src/stm32f1xx_hal.o
 .debug_info    0x000053c9      0xa87 ./Drivers/STM32F1xx_HAL_Driver/Src/stm32f1xx_hal_cortex.o
 .debug_info    0x00005e50      0x6d2 ./Drivers/STM32F1xx_HAL_Driver/Src/stm32f1xx_hal_dma.o
 .debug_info    0x00006522      0x5ab ./Drivers/STM32F1xx_HAL_Driver/Src/stm32f1xx_hal_gpio.o
 .debug_info    0x00006acd     0x2524 ./Drivers/STM32F1xx_HAL_Driver/Src/stm32f1xx_hal_i2c.o
 .debug_info    0x00008ff1      0x7d5 ./Drivers/STM32F1xx_HAL_Driver/Src/stm32f1xx_hal_rcc.o
 .debug_info    0x000097c6     0x2959 ./Drivers/STM32F1xx_HAL_Driver/Src/stm32f1xx_hal_tim.o
 .debug_info    0x0000c11f     0x149b ./Drivers/STM32F1xx_HAL_Driver/Src/stm32f1xx_hal_tim_ex.o
 .debug_info    0x0000d5ba     0x2eed ./Drivers/STM32F1xx_HAL_Driver/Src/stm32f1xx_hal_uart.o

.debug_abbrev   0x00000000     0x29bd
 .debug_abbrev  0x00000000      0x17e ./Core/Src/button.o
 .debug_abbrev  0x0000017e      0x28d ./Core/Src/esp_at.o
 .debug_abbrev  0x0000040b       0xc1 ./Core/Src/fsm_autorun.o
 .debug_abbrev  0x000004cc       0xb4 ./Core/Src/fsm_manual.o
 .debug_abbrev  0x00000580       0xe4 ./Core/Src/fsm_setting.o
 .debug_abbrev  0x00000664       0x4e ./Core/Src/global.o
 .debug_abbrev  0x000006b2      0x235 ./Core/Src/i2c_lcd.o
 .debug_abbrev  0x000008e7       0xec ./Core/Src/light_traffic.o
 .debug_abbrev  0x000009d3      0x33a ./Core/Src/main.o
 .debug_abbrev  0x00000d0d      0x209 ./Core/Src/stm32f1xx_hal_msp.o
 .debug_abbrev  0x00000f16      0x1b0 ./Core/Src/stm32f1xx_it.o
 .debug_abbrev  0x000010c6       0xbc ./Core/Src/sysmem.o
 .debug_abbrev  0x00001182      0x13f ./Core/Src/system_stm32f1xx.o
 .debug_abbrev  0x000012c1       0xc3 ./Core/Src/timer.o
 .debug_abbrev  0x00001384       0x24 ./Core/Startup/startup_stm32f103rbtx.o
 .debug_abbrev  0x000013a8      0x201 ./Drivers/STM32F1xx_HAL_Driver/Src/stm32f1xx_hal.o
 .debug_abbrev  0x000015a9      0x2f8 ./Drivers/STM32F1xx_HAL_Driver/Src/stm32f1xx_hal_cortex.o
 .debug_abbrev  0x000018a1      0x20b ./Drivers/STM32F1xx_HAL_Driver/Src/stm32f1xx_hal_dma.o
 .debug_abbrev  0x00001aac      0x1ca ./Drivers/STM32F1xx_HAL_Driver/Src/stm32f1xx_hal_gpio.o
 .debug_abbrev  0x00001c76      0x2a3 ./Drivers/STM32F1xx_HAL_Driver/Src/stm32f1xx_hal_i2c.o
 .debug_abbrev  0x00001f19      0x2b3 ./Drivers/STM32F1xx_HAL_Driver/Src/stm32f1xx_hal_rcc.o
 .debug_abbrev  0x000021cc      0x277 ./Drivers/STM32F1xx_HAL_Driver/Src/stm32f1xx_hal_tim.o
 .debug_abbrev  0x00002443      0x282 ./Drivers/STM32F1xx_HAL_Driver/Src/stm32f1xx_hal_tim_ex.o
 .debug_abbrev  0x000026c5      0x2f8 ./Drivers/STM32F1xx_HAL_Driver/Src/stm32f1xx_hal_uart.o

.debug_aranges  0x00000000     0x1088
 .debug_aranges
                0x00000000       0x30 ./Core/Src/button.o
 .debug_aranges
                0x00000030       0x48 ./Core/Src/esp_at.o
 .debug_aranges
                0x00000078       0x20 ./Core/Src/fsm_autorun.o
 .debug_aranges
                0x00000098       0x20 ./Core/Src/fsm_manual.o
 .debug_aranges
                0x000000b8       0x20 ./Core/Src/fsm_setting.o
 .debug_aranges
                0x000000d8       0x18 ./Core/Src/global.o
 .debug_aranges
                0x000000f0       0x50 ./Core/Src/i2c_lcd.o
 .debug_aranges
                0x00000140       0x58 ./Core/Src/light_traffic.o
 .debug_aranges
                0x00000198       0x60 ./Core/Src/main.o
 .debug_aranges
                0x000001f8       0x50 ./Core/Src/stm32f1xx_hal_msp.o
 .debug_aranges
                0x00000248       0x78 ./Core/Src/stm32f1xx_it.o
 .debug_aranges
                0x000002c0       0x20 ./Core/Src/sysmem.o
 .debug_aranges
                0x000002e0       0x28 ./Core/Src/system_stm32f1xx.o
 .debug_aranges
                0x00000308       0x28 ./Core/Src/timer.o
 .debug_aranges
                0x00000330       0x28 ./Core/Startup/startup_stm32f103rbtx.o
 .debug_aranges
                0x00000358       0xe0 ./Drivers/STM32F1xx_HAL_Driver/Src/stm32f1xx_hal.o
 .debug_aranges
                0x00000438      0x100 ./Drivers/STM32F1xx_HAL_Driver/Src/stm32f1xx_hal_cortex.o
 .debug_aranges
                0x00000538       0x80 ./Drivers/STM32F1xx_HAL_Driver/Src/stm32f1xx_hal_dma.o
 .debug_aranges
                0x000005b8       0x58 ./Drivers/STM32F1xx_HAL_Driver/Src/stm32f1xx_hal_gpio.o
 .debug_aranges
                0x00000610      0x2a8 ./Drivers/STM32F1xx_HAL_Driver/Src/stm32f1xx_hal_i2c.o
 .debug_aranges
                0x000008b8       0x90 ./Drivers/STM32F1xx_HAL_Driver/Src/stm32f1xx_hal_rcc.o
 .debug_aranges
                0x00000948      0x3d0 ./Drivers/STM32F1xx_HAL_Driver/Src/stm32f1xx_hal_tim.o
 .debug_aranges
                0x00000d18      0x168 ./Drivers/STM32F1xx_HAL_Driver/Src/stm32f1xx_hal_tim_ex.o
 .debug_aranges
                0x00000e80      0x208 ./Drivers/STM32F1xx_HAL_Driver/Src/stm32f1xx_hal_uart.o

.debug_rnglists
                0x00000000      0xcde
 .debug_rnglists
                0x00000000       0x20 ./Core/Src/button.o
 .debug_rnglists
                0x00000020       0x36 ./Core/Src/esp_at.o
 .debug_rnglists
                0x00000056       0x14 ./Core/Src/fsm_autorun.o
 .debug_rnglists
                0x0000006a       0x14 ./Core/Src/fsm_manual.o
 .debug_rnglists
                0x0000007e       0x14 ./Core/Src/fsm_setting.o
 .debug_rnglists
                0x00000092       0x38 ./Core/Src/i2c_lcd.o
 .debug_rnglists
                0x000000ca       0x3d ./Core/Src/light_traffic.o
 .debug_rnglists
                0x00000107       0x46 ./Core/Src/main.o
 .debug_rnglists
                0x0000014d       0x39 ./Core/Src/stm32f1xx_hal_msp.o
 .debug_rnglists
                0x00000186       0x55 ./Core/Src/stm32f1xx_it.o
 .debug_rnglists
                0x000001db       0x13 ./Core/Src/sysmem.o
 .debug_rnglists
                0x000001ee       0x1a ./Core/Src/system_stm32f1xx.o
 .debug_rnglists
                0x00000208       0x19 ./Core/Src/timer.o
 .debug_rnglists
                0x00000221       0x19 ./Core/Startup/startup_stm32f103rbtx.o
 .debug_rnglists
                0x0000023a       0xa3 ./Drivers/STM32F1xx_HAL_Driver/Src/stm32f1xx_hal.o
 .debug_rnglists
                0x000002dd       0xbb ./Drivers/STM32F1xx_HAL_Driver/Src/stm32f1xx_hal_cortex.o
 .debug_rnglists
                0x00000398       0x64 ./Drivers/STM32F1xx_HAL_Driver/Src/stm32f1xx_hal_dma.o
 .debug_rnglists
                0x000003fc       0x3f ./Drivers/STM32F1xx_HAL_Driver/Src/stm32f1xx_hal_gpio.o
 .debug_rnglists
                0x0000043b      0x23c ./Drivers/STM32F1xx_HAL_Driver/Src/stm32f1xx_hal_i2c.o
 .debug_rnglists
                0x00000677       0x6c ./Drivers/STM32F1xx_HAL_Driver/Src/stm32f1xx_hal_rcc.o
 .debug_rnglists
                0x000006e3      0x31a ./Drivers/STM32F1xx_HAL_Driver/Src/stm32f1xx_hal_tim.o
 .debug_rnglists
                0x000009fd      0x125 ./Drivers/STM32F1xx_HAL_Driver/Src/stm32f1xx_hal_tim_ex.o
 .debug_rnglists
                0x00000b22      0x1bc ./Drivers/STM32F1xx_HAL_Driver/Src/stm32f1xx_hal_uart.o

.debug_macro    0x00000000    0x1974e
 .debug_macro   0x00000000      0x1cb ./Core/Src/button.o
 .debug_macro   0x000001cb      0xaa8 ./Core/Src/button.o
 .debug_macro   0x00000c73      0x221 ./Core/Src/button.o
 .debug_macro   0x00000e94       0x2e ./Core/Src/button.o
 .debug_macro   0x00000ec2       0x22 ./Core/Src/button.o
 .debug_macro   0x00000ee4       0x22 ./Core/Src/button.o
 .debug_macro   0x00000f06       0x8e ./Core/Src/button.o
 .debug_macro   0x00000f94       0x51 ./Core/Src/button.o
 .debug_macro   0x00000fe5      0x103 ./Core/Src/button.o
 .debug_macro   0x000010e8       0x6a ./Core/Src/button.o
 .debug_macro   0x00001152      0x1df ./Core/Src/button.o
 .debug_macro   0x00001331       0x1c ./Core/Src/button.o
 .debug_macro   0x0000134d       0x22 ./Core/Src/button.o
 .debug_macro   0x0000136f       0xbd ./Core/Src/button.o
 .debug_macro   0x0000142c      0xd23 ./Core/Src/button.o
 .debug_macro   0x0000214f     0xe09e ./Core/Src/button.o
 .debug_macro   0x000101ed       0x6d ./Core/Src/button.o
 .debug_macro   0x0001025a     0x34a2 ./Core/Src/button.o
 .debug_macro   0x000136fc      0x189 ./Core/Src/button.o
 .debug_macro   0x00013885       0x5c ./Core/Src/button.o
 .debug_macro   0x000138e1      0x5bc ./Core/Src/button.o
 .debug_macro   0x00013e9d      0x289 ./Core/Src/button.o
 .debug_macro   0x00014126      0x1cb ./Core/Src/button.o
 .debug_macro   0x000142f1      0x114 ./Core/Src/button.o
 .debug_macro   0x00014405      0x1b2 ./Core/Src/button.o
 .debug_macro   0x000145b7       0x27 ./Core/Src/button.o
 .debug_macro   0x000145de      0x136 ./Core/Src/button.o
 .debug_macro   0x00014714      0x1bc ./Core/Src/button.o
 .debug_macro   0x000148d0       0x34 ./Core/Src/button.o
 .debug_macro   0x00014904       0x3c ./Core/Src/button.o
 .debug_macro   0x00014940       0x57 ./Core/Src/button.o
 .debug_macro   0x00014997       0x87 ./Core/Src/button.o
 .debug_macro   0x00014a1e      0x240 ./Core/Src/button.o
 .debug_macro   0x00014c5e      0x287 ./Core/Src/button.o
 .debug_macro   0x00014ee5      0x140 ./Core/Src/button.o
 .debug_macro   0x00015025      0x8ed ./Core/Src/button.o
 .debug_macro   0x00015912      0x28e ./Core/Src/button.o
 .debug_macro   0x00015ba0       0x83 ./Core/Src/button.o
 .debug_macro   0x00015c23       0xe2 ./Core/Src/button.o
 .debug_macro   0x00015d05       0x10 ./Core/Src/button.o
 .debug_macro   0x00015d15      0x314 ./Core/Src/esp_at.o
 .debug_macro   0x00016029       0x61 ./Core/Src/esp_at.o
 .debug_macro   0x0001608a       0x24 ./Core/Src/esp_at.o
 .debug_macro   0x000160ae       0x43 ./Core/Src/esp_at.o
 .debug_macro   0x000160f1       0x34 ./Core/Src/esp_at.o
 .debug_macro   0x00016125       0x16 ./Core/Src/esp_at.o
 .debug_macro   0x0001613b       0x43 ./Core/Src/esp_at.o
 .debug_macro   0x0001617e       0x34 ./Core/Src/esp_at.o
 .debug_macro   0x000161b2       0x10 ./Core/Src/esp_at.o
 .debug_macro   0x000161c2       0x58 ./Core/Src/esp_at.o
 .debug_macro   0x0001621a       0x8e ./Core/Src/esp_at.o
 .debug_macro   0x000162a8       0x1c ./Core/Src/esp_at.o
 .debug_macro   0x000162c4      0x177 ./Core/Src/esp_at.o
 .debug_macro   0x0001643b      0x369 ./Core/Src/esp_at.o
 .debug_macro   0x000167a4       0x10 ./Core/Src/esp_at.o
 .debug_macro   0x000167b4       0x35 ./Core/Src/esp_at.o
 .debug_macro   0x000167e9       0x20 ./Core/Src/esp_at.o
 .debug_macro   0x00016809       0x58 ./Core/Src/esp_at.o
 .debug_macro   0x00016861       0x10 ./Core/Src/esp_at.o
 .debug_macro   0x00016871       0xe8 ./Core/Src/esp_at.o
 .debug_macro   0x00016959       0x1c ./Core/Src/esp_at.o
 .debug_macro   0x00016975       0x10 ./Core/Src/esp_at.o
 .debug_macro   0x00016985       0x1c ./Core/Src/esp_at.o
 .debug_macro   0x000169a1       0x16 ./Core/Src/esp_at.o
 .debug_macro   0x000169b7      0x146 ./Core/Src/esp_at.o
 .debug_macro   0x00016afd       0x10 ./Core/Src/esp_at.o
 .debug_macro   0x00016b0d      0x2e5 ./Core/Src/fsm_autorun.o
 .debug_macro   0x00016df2       0x16 ./Core/Src/fsm_autorun.o
 .debug_macro   0x00016e08       0x16 ./Core/Src/fsm_autorun.o
 .debug_macro   0x00016e1e      0x2eb ./Core/Src/fsm_manual.o
 .debug_macro   0x00017109      0x2e5 ./Core/Src/fsm_setting.o
 .debug_macro   0x000173ee      0x2e7 ./Core/Src/global.o
 .debug_macro   0x000176d5      0x2e1 ./Core/Src/i2c_lcd.o
 .debug_macro   0x000179b6      0x1c6 ./Core/Src/light_traffic.o
 .debug_macro   0x00017b7c      0x332 ./Core/Src/main.o
 .debug_macro   0x00017eae       0x16 ./Core/Src/main.o
 .debug_macro   0x00017ec4      0x1bc ./Core/Src/stm32f1xx_hal_msp.o
 .debug_macro   0x00018080      0x1c6 ./Core/Src/stm32f1xx_it.o
 .debug_macro   0x00018246       0xff ./Core/Src/sysmem.o
 .debug_macro   0x00018345      0x23c ./Core/Src/sysmem.o
 .debug_macro   0x00018581      0x1ad ./Core/Src/system_stm32f1xx.o
 .debug_macro   0x0001872e       0x1a ./Core/Src/timer.o
 .debug_macro   0x00018748      0x1d1 ./Drivers/STM32F1xx_HAL_Driver/Src/stm32f1xx_hal.o
 .debug_macro   0x00018919      0x1ad ./Drivers/STM32F1xx_HAL_Driver/Src/stm32f1xx_hal_cortex.o
 .debug_macro   0x00018ac6      0x1ad ./Drivers/STM32F1xx_HAL_Driver/Src/stm32f1xx_hal_dma.o
 .debug_macro   0x00018c73      0x218 ./Drivers/STM32F1xx_HAL_Driver/Src/stm32f1xx_hal_gpio.o
 .debug_macro   0x00018e8b      0x1fb ./Drivers/STM32F1xx_HAL_Driver/Src/stm32f1xx_hal_i2c.o
 .debug_macro   0x00019086      0x1bf ./Drivers/STM32F1xx_HAL_Driver/Src/stm32f1xx_hal_rcc.o
 .debug_macro   0x00019245      0x1ae ./Drivers/STM32F1xx_HAL_Driver/Src/stm32f1xx_hal_tim.o
 .debug_macro   0x000193f3      0x1ad ./Drivers/STM32F1xx_HAL_Driver/Src/stm32f1xx_hal_tim_ex.o
 .debug_macro   0x000195a0      0x1ae ./Drivers/STM32F1xx_HAL_Driver/Src/stm32f1xx_hal_uart.o

.debug_line     0x00000000    0x1636b
 .debug_line    0x00000000      0x805 ./Core/Src/button.o
 .debug_line    0x00000805      0xbaf ./Core/Src/esp_at.o
 .debug_line    0x000013b4      0x951 ./Core/Src/fsm_autorun.o
 .debug_line    0x00001d05      0x932 ./Core/Src/fsm_manual.o
 .debug_line    0x00002637      0x9c2 ./Core/Src/fsm_setting.o
 .debug_line    0x00002ff9      0x8a1 ./Core/Src/global.o
 .debug_line    0x0000389a      0xb00 ./Core/Src/i2c_lcd.o
 .debug_line    0x0000439a      0x7f9 ./Core/Src/light_traffic.o
 .debug_line    0x00004b93      0xb1e ./Core/Src/main.o
 .debug_line    0x000056b1      0x81c ./Core/Src/stm32f1xx_hal_msp.o
 .debug_line    0x00005ecd      0x81a ./Core/Src/stm32f1xx_it.o
 .debug_line    0x000066e7      0x574 ./Core/Src/sysmem.o
 .debug_line    0x00006c5b      0x78e ./Core/Src/system_stm32f1xx.o
 .debug_line    0x000073e9       0xa0 ./Core/Src/timer.o
 .debug_line    0x00007489       0x78 ./Core/Startup/startup_stm32f103rbtx.o
 .debug_line    0x00007501      0x9bb ./Drivers/STM32F1xx_HAL_Driver/Src/stm32f1xx_hal.o
 .debug_line    0x00007ebc      0xba7 ./Drivers/STM32F1xx_HAL_Driver/Src/stm32f1xx_hal_cortex.o
 .debug_line    0x00008a63      0xe14 ./Drivers/STM32F1xx_HAL_Driver/Src/stm32f1xx_hal_dma.o
 .debug_line    0x00009877      0xa54 ./Drivers/STM32F1xx_HAL_Driver/Src/stm32f1xx_hal_gpio.o
 .debug_line    0x0000a2cb     0x3c58 ./Drivers/STM32F1xx_HAL_Driver/Src/stm32f1xx_hal_i2c.o
 .debug_line    0x0000df23      0xdc4 ./Drivers/STM32F1xx_HAL_Driver/Src/stm32f1xx_hal_rcc.o
 .debug_line    0x0000ece7     0x34e0 ./Drivers/STM32F1xx_HAL_Driver/Src/stm32f1xx_hal_tim.o
 .debug_line    0x000121c7     0x190a ./Drivers/STM32F1xx_HAL_Driver/Src/stm32f1xx_hal_tim_ex.o
 .debug_line    0x00013ad1     0x289a ./Drivers/STM32F1xx_HAL_Driver/Src/stm32f1xx_hal_uart.o

.debug_str      0x00000000    0x8d3dc
 .debug_str     0x00000000    0x84fc1 ./Core/Src/button.o
                              0x852ff (size before relaxing)
 .debug_str     0x00084fc1     0x3e1e ./Core/Src/esp_at.o
                              0x890be (size before relaxing)
 .debug_str     0x00088ddf       0xb0 ./Core/Src/fsm_autorun.o
                              0x88b15 (size before relaxing)
 .debug_str     0x00088e8f       0x37 ./Core/Src/fsm_manual.o
                              0x88ad6 (size before relaxing)
 .debug_str     0x00088ec6       0xc9 ./Core/Src/fsm_setting.o
                              0x88b34 (size before relaxing)
 .debug_str     0x00088f8f       0x24 ./Core/Src/global.o
                              0x88a8c (size before relaxing)
 .debug_str     0x00088fb3      0x2cd ./Core/Src/i2c_lcd.o
                              0x89078 (size before relaxing)
 .debug_str     0x00089280       0x2e ./Core/Src/light_traffic.o
                              0x8530b (size before relaxing)
 .debug_str     0x000892ae      0x898 ./Core/Src/main.o
                              0x89bcf (size before relaxing)
 .debug_str     0x00089b46      0x105 ./Core/Src/stm32f1xx_hal_msp.o
                              0x85fcb (size before relaxing)
 .debug_str     0x00089c4b      0x140 ./Core/Src/stm32f1xx_it.o
                              0x85a04 (size before relaxing)
 .debug_str     0x00089d8b      0x4dc ./Core/Src/sysmem.o
                               0x6044 (size before relaxing)
 .debug_str     0x0008a267       0x7e ./Core/Src/system_stm32f1xx.o
                              0x84fd1 (size before relaxing)
 .debug_str     0x0008a2e5       0x2c ./Core/Src/timer.o
                               0x2de1 (size before relaxing)
 .debug_str     0x0008a311       0x44 ./Core/Startup/startup_stm32f103rbtx.o
                                 0x4f (size before relaxing)
 .debug_str     0x0008a355      0x378 ./Drivers/STM32F1xx_HAL_Driver/Src/stm32f1xx_hal.o
                              0x85704 (size before relaxing)
 .debug_str     0x0008a6cd      0x294 ./Drivers/STM32F1xx_HAL_Driver/Src/stm32f1xx_hal_cortex.o
                              0x85650 (size before relaxing)
 .debug_str     0x0008a961      0x235 ./Drivers/STM32F1xx_HAL_Driver/Src/stm32f1xx_hal_dma.o
                              0x8537a (size before relaxing)
 .debug_str     0x0008ab96      0x2b7 ./Drivers/STM32F1xx_HAL_Driver/Src/stm32f1xx_hal_gpio.o
                              0x85357 (size before relaxing)
 .debug_str     0x0008ae4d      0xb90 ./Drivers/STM32F1xx_HAL_Driver/Src/stm32f1xx_hal_i2c.o
                              0x86098 (size before relaxing)
 .debug_str     0x0008b9dd      0x209 ./Drivers/STM32F1xx_HAL_Driver/Src/stm32f1xx_hal_rcc.o
                              0x85400 (size before relaxing)
 .debug_str     0x0008bbe6      0xdad ./Drivers/STM32F1xx_HAL_Driver/Src/stm32f1xx_hal_tim.o
                              0x86402 (size before relaxing)
 .debug_str     0x0008c993      0x493 ./Drivers/STM32F1xx_HAL_Driver/Src/stm32f1xx_hal_tim_ex.o
                              0x85c0e (size before relaxing)
 .debug_str     0x0008ce26      0x5b6 ./Drivers/STM32F1xx_HAL_Driver/Src/stm32f1xx_hal_uart.o
                              0x85a71 (size before relaxing)

.comment        0x00000000       0x43
 .comment       0x00000000       0x43 ./Core/Src/button.o
                                 0x44 (size before relaxing)
 .comment       0x00000043       0x44 ./Core/Src/esp_at.o
 .comment       0x00000043       0x44 ./Core/Src/fsm_autorun.o
 .comment       0x00000043       0x44 ./Core/Src/fsm_manual.o
 .comment       0x00000043       0x44 ./Core/Src/fsm_setting.o
 .comment       0x00000043       0x44 ./Core/Src/global.o
 .comment       0x00000043       0x44 ./Core/Src/i2c_lcd.o
 .comment       0x00000043       0x44 ./Core/Src/light_traffic.o
 .comment       0x00000043       0x44 ./Core/Src/main.o
 .comment       0x00000043       0x44 ./Core/Src/stm32f1xx_hal_msp.o
 .comment       0x00000043       0x44 ./Core/Src/stm32f1xx_it.o
 .comment       0x00000043       0x44 ./Core/Src/sysmem.o
 .comment       0x00000043       0x44 ./Core/Src/system_stm32f1xx.o
 .comment       0x00000043       0x44 ./Core/Src/timer.o
 .comment       0x00000043       0x44 ./Drivers/STM32F1xx_HAL_Driver/Src/stm32f1xx_hal.o
 .comment       0x00000043       0x44 ./Drivers/STM32F1xx_HAL_Driver/Src/stm32f1xx_hal_cortex.o
 .comment       0x00000043       0x44 ./Drivers/STM32F1xx_HAL_Driver/Src/stm32f1xx_hal_dma.o
 .comment       0x00000043       0x44 ./Drivers/STM32F1xx_HAL_Driver/Src/stm32f1xx_hal_gpio.o
 .comment       0x00000043       0x44 ./Drivers/STM32F1xx_HAL_Driver/Src/stm32f1xx_hal_i2c.o
 .comment       0x00000043       0x44 ./Drivers/STM32F1xx_HAL_Driver/Src/stm32f1xx_hal_rcc.o
 .comment       0x00000043       0x44 ./Drivers/STM32F1xx_HAL_Driver/Src/stm32f1xx_hal_tim.o
 .comment       0x00000043       0x44 ./Drivers/STM32F1xx_HAL_Driver/Src/stm32f1xx_hal_tim_ex.o
 .comment       0x00000043       0x44 ./Drivers/STM32F1xx_HAL_Driver/Src/stm32f1xx_hal_uart.o

.debug_frame    0x00000000     0x48a4
 .debug_frame   0x00000000       0x84 ./Core/Src/button.o
 .debug_frame   0x00000084       0xe4 ./Core/Src/esp_at.o
 .debug_frame   0x00000168       0x2c ./Core/Src/fsm_autorun.o
 .debug_frame   0x00000194       0x2c ./Core/Src/fsm_manual.o
 .debug_frame   0x000001c0       0x2c ./Core/Src/fsm_setting.o
 .debug_frame   0x000001ec       0xf4 ./Core/Src/i2c_lcd.o
 .debug_frame   0x000002e0       0xf0 ./Core/Src/light_traffic.o
 .debug_frame   0x000003d0      0x128 ./Core/Src/main.o
 .debug_frame   0x000004f8      0x110 ./Core/Src/stm32f1xx_hal_msp.o
 .debug_frame   0x00000608      0x158 ./Core/Src/stm32f1xx_it.o
 .debug_frame   0x00000760       0x34 ./Core/Src/sysmem.o
 .debug_frame   0x00000794       0x58 ./Core/Src/system_stm32f1xx.o
 .debug_frame   0x000007ec       0x60 ./Core/Src/timer.o
 .debug_frame   0x0000084c      0x334 ./Drivers/STM32F1xx_HAL_Driver/Src/stm32f1xx_hal.o
 .debug_frame   0x00000b80      0x428 ./Drivers/STM32F1xx_HAL_Driver/Src/stm32f1xx_hal_cortex.o
 .debug_frame   0x00000fa8      0x208 ./Drivers/STM32F1xx_HAL_Driver/Src/stm32f1xx_hal_dma.o
 .debug_frame   0x000011b0      0x14c ./Drivers/STM32F1xx_HAL_Driver/Src/stm32f1xx_hal_gpio.o
 .debug_frame   0x000012fc      0xc84 ./Drivers/STM32F1xx_HAL_Driver/Src/stm32f1xx_hal_i2c.o
 .debug_frame   0x00001f80      0x218 ./Drivers/STM32F1xx_HAL_Driver/Src/stm32f1xx_hal_rcc.o
 .debug_frame   0x00002198     0x11b8 ./Drivers/STM32F1xx_HAL_Driver/Src/stm32f1xx_hal_tim.o
 .debug_frame   0x00003350      0x638 ./Drivers/STM32F1xx_HAL_Driver/Src/stm32f1xx_hal_tim_ex.o
 .debug_frame   0x00003988      0x944 ./Drivers/STM32F1xx_HAL_Driver/Src/stm32f1xx_hal_uart.o
 .debug_frame   0x000042cc      0x144 D:/STM32CubeIDE_1.15.1/STM32CubeIDE/plugins/com.st.stm32cube.ide.mcu.externaltools.gnu-tools-for-stm32.12.3.rel1.win32_1.0.100.202403111256/tools/bin/../lib/gcc/arm-none-eabi/12.3.1/../../../../arm-none-eabi/lib/thumb/v7-m/nofp\libc_nano.a(libc_a-findfp.o)
 .debug_frame   0x00004410       0x6c D:/STM32CubeIDE_1.15.1/STM32CubeIDE/plugins/com.st.stm32cube.ide.mcu.externaltools.gnu-tools-for-stm32.12.3.rel1.win32_1.0.100.202403111256/tools/bin/../lib/gcc/arm-none-eabi/12.3.1/../../../../arm-none-eabi/lib/thumb/v7-m/nofp\libc_nano.a(libc_a-sprintf.o)
 .debug_frame   0x0000447c       0x20 D:/STM32CubeIDE_1.15.1/STM32CubeIDE/plugins/com.st.stm32cube.ide.mcu.externaltools.gnu-tools-for-stm32.12.3.rel1.win32_1.0.100.202403111256/tools/bin/../lib/gcc/arm-none-eabi/12.3.1/../../../../arm-none-eabi/lib/thumb/v7-m/nofp\libc_nano.a(libc_a-memset.o)
 .debug_frame   0x0000449c       0x2c D:/STM32CubeIDE_1.15.1/STM32CubeIDE/plugins/com.st.stm32cube.ide.mcu.externaltools.gnu-tools-for-stm32.12.3.rel1.win32_1.0.100.202403111256/tools/bin/../lib/gcc/arm-none-eabi/12.3.1/../../../../arm-none-eabi/lib/thumb/v7-m/nofp\libc_nano.a(libc_a-strstr.o)
 .debug_frame   0x000044c8       0x38 D:/STM32CubeIDE_1.15.1/STM32CubeIDE/plugins/com.st.stm32cube.ide.mcu.externaltools.gnu-tools-for-stm32.12.3.rel1.win32_1.0.100.202403111256/tools/bin/../lib/gcc/arm-none-eabi/12.3.1/../../../../arm-none-eabi/lib/thumb/v7-m/nofp\libc_nano.a(libc_a-reent.o)
 .debug_frame   0x00004500       0x20 D:/STM32CubeIDE_1.15.1/STM32CubeIDE/plugins/com.st.stm32cube.ide.mcu.externaltools.gnu-tools-for-stm32.12.3.rel1.win32_1.0.100.202403111256/tools/bin/../lib/gcc/arm-none-eabi/12.3.1/../../../../arm-none-eabi/lib/thumb/v7-m/nofp\libc_nano.a(libc_a-errno.o)
 .debug_frame   0x00004520       0x2c D:/STM32CubeIDE_1.15.1/STM32CubeIDE/plugins/com.st.stm32cube.ide.mcu.externaltools.gnu-tools-for-stm32.12.3.rel1.win32_1.0.100.202403111256/tools/bin/../lib/gcc/arm-none-eabi/12.3.1/../../../../arm-none-eabi/lib/thumb/v7-m/nofp\libc_nano.a(libc_a-init.o)
 .debug_frame   0x0000454c       0xb0 D:/STM32CubeIDE_1.15.1/STM32CubeIDE/plugins/com.st.stm32cube.ide.mcu.externaltools.gnu-tools-for-stm32.12.3.rel1.win32_1.0.100.202403111256/tools/bin/../lib/gcc/arm-none-eabi/12.3.1/../../../../arm-none-eabi/lib/thumb/v7-m/nofp\libc_nano.a(libc_a-lock.o)
 .debug_frame   0x000045fc       0x38 D:/STM32CubeIDE_1.15.1/STM32CubeIDE/plugins/com.st.stm32cube.ide.mcu.externaltools.gnu-tools-for-stm32.12.3.rel1.win32_1.0.100.202403111256/tools/bin/../lib/gcc/arm-none-eabi/12.3.1/../../../../arm-none-eabi/lib/thumb/v7-m/nofp\libc_nano.a(libc_a-freer.o)
 .debug_frame   0x00004634       0x50 D:/STM32CubeIDE_1.15.1/STM32CubeIDE/plugins/com.st.stm32cube.ide.mcu.externaltools.gnu-tools-for-stm32.12.3.rel1.win32_1.0.100.202403111256/tools/bin/../lib/gcc/arm-none-eabi/12.3.1/../../../../arm-none-eabi/lib/thumb/v7-m/nofp\libc_nano.a(libc_a-mallocr.o)
 .debug_frame   0x00004684       0x30 D:/STM32CubeIDE_1.15.1/STM32CubeIDE/plugins/com.st.stm32cube.ide.mcu.externaltools.gnu-tools-for-stm32.12.3.rel1.win32_1.0.100.202403111256/tools/bin/../lib/gcc/arm-none-eabi/12.3.1/../../../../arm-none-eabi/lib/thumb/v7-m/nofp\libc_nano.a(libc_a-mlock.o)
 .debug_frame   0x000046b4       0x90 D:/STM32CubeIDE_1.15.1/STM32CubeIDE/plugins/com.st.stm32cube.ide.mcu.externaltools.gnu-tools-for-stm32.12.3.rel1.win32_1.0.100.202403111256/tools/bin/../lib/gcc/arm-none-eabi/12.3.1/../../../../arm-none-eabi/lib/thumb/v7-m/nofp\libc_nano.a(libc_a-nano-svfprintf.o)
 .debug_frame   0x00004744       0x60 D:/STM32CubeIDE_1.15.1/STM32CubeIDE/plugins/com.st.stm32cube.ide.mcu.externaltools.gnu-tools-for-stm32.12.3.rel1.win32_1.0.100.202403111256/tools/bin/../lib/gcc/arm-none-eabi/12.3.1/../../../../arm-none-eabi/lib/thumb/v7-m/nofp\libc_nano.a(libc_a-nano-vfprintf_i.o)
 .debug_frame   0x000047a4       0x28 D:/STM32CubeIDE_1.15.1/STM32CubeIDE/plugins/com.st.stm32cube.ide.mcu.externaltools.gnu-tools-for-stm32.12.3.rel1.win32_1.0.100.202403111256/tools/bin/../lib/gcc/arm-none-eabi/12.3.1/../../../../arm-none-eabi/lib/thumb/v7-m/nofp\libc_nano.a(libc_a-memmove.o)
 .debug_frame   0x000047cc       0x2c D:/STM32CubeIDE_1.15.1/STM32CubeIDE/plugins/com.st.stm32cube.ide.mcu.externaltools.gnu-tools-for-stm32.12.3.rel1.win32_1.0.100.202403111256/tools/bin/../lib/gcc/arm-none-eabi/12.3.1/../../../../arm-none-eabi/lib/thumb/v7-m/nofp\libc_nano.a(libc_a-sbrkr.o)
 .debug_frame   0x000047f8       0x28 D:/STM32CubeIDE_1.15.1/STM32CubeIDE/plugins/com.st.stm32cube.ide.mcu.externaltools.gnu-tools-for-stm32.12.3.rel1.win32_1.0.100.202403111256/tools/bin/../lib/gcc/arm-none-eabi/12.3.1/../../../../arm-none-eabi/lib/thumb/v7-m/nofp\libc_nano.a(libc_a-memchr-stub.o)
 .debug_frame   0x00004820       0x28 D:/STM32CubeIDE_1.15.1/STM32CubeIDE/plugins/com.st.stm32cube.ide.mcu.externaltools.gnu-tools-for-stm32.12.3.rel1.win32_1.0.100.202403111256/tools/bin/../lib/gcc/arm-none-eabi/12.3.1/../../../../arm-none-eabi/lib/thumb/v7-m/nofp\libc_nano.a(libc_a-memcpy-stub.o)
 .debug_frame   0x00004848       0x3c D:/STM32CubeIDE_1.15.1/STM32CubeIDE/plugins/com.st.stm32cube.ide.mcu.externaltools.gnu-tools-for-stm32.12.3.rel1.win32_1.0.100.202403111256/tools/bin/../lib/gcc/arm-none-eabi/12.3.1/../../../../arm-none-eabi/lib/thumb/v7-m/nofp\libc_nano.a(libc_a-reallocr.o)
 .debug_frame   0x00004884       0x20 D:/STM32CubeIDE_1.15.1/STM32CubeIDE/plugins/com.st.stm32cube.ide.mcu.externaltools.gnu-tools-for-stm32.12.3.rel1.win32_1.0.100.202403111256/tools/bin/../lib/gcc/arm-none-eabi/12.3.1/../../../../arm-none-eabi/lib/thumb/v7-m/nofp\libc_nano.a(libc_a-msizer.o)

.debug_line_str
                0x00000000       0x33
 .debug_line_str
                0x00000000       0x33 ./Core/Startup/startup_stm32f103rbtx.o
