Archive member included to satisfy reference by file (symbol)

C:/ST/STM32CubeIDE_1.17.0/STM32CubeIDE/plugins/com.st.stm32cube.ide.mcu.externaltools.gnu-tools-for-stm32.12.3.rel1.win32_1.1.0.202410251130/tools/bin/../lib/gcc/arm-none-eabi/12.3.1/../../../../arm-none-eabi/lib/thumb/v7-m/nofp\libc_nano.a(libc_a-exit.o)
                              C:/ST/STM32CubeIDE_1.17.0/STM32CubeIDE/plugins/com.st.stm32cube.ide.mcu.externaltools.gnu-tools-for-stm32.12.3.rel1.win32_1.1.0.202410251130/tools/bin/../lib/gcc/arm-none-eabi/12.3.1/../../../../arm-none-eabi/lib/thumb/v7-m/nofp/crt0.o (exit)
C:/ST/STM32CubeIDE_1.17.0/STM32CubeIDE/plugins/com.st.stm32cube.ide.mcu.externaltools.gnu-tools-for-stm32.12.3.rel1.win32_1.1.0.202410251130/tools/bin/../lib/gcc/arm-none-eabi/12.3.1/../../../../arm-none-eabi/lib/thumb/v7-m/nofp\libc_nano.a(libc_a-findfp.o)
                              C:/ST/STM32CubeIDE_1.17.0/STM32CubeIDE/plugins/com.st.stm32cube.ide.mcu.externaltools.gnu-tools-for-stm32.12.3.rel1.win32_1.1.0.202410251130/tools/bin/../lib/gcc/arm-none-eabi/12.3.1/../../../../arm-none-eabi/lib/thumb/v7-m/nofp\libc_nano.a(libc_a-exit.o) (__stdio_exit_handler)
C:/ST/STM32CubeIDE_1.17.0/STM32CubeIDE/plugins/com.st.stm32cube.ide.mcu.externaltools.gnu-tools-for-stm32.12.3.rel1.win32_1.1.0.202410251130/tools/bin/../lib/gcc/arm-none-eabi/12.3.1/../../../../arm-none-eabi/lib/thumb/v7-m/nofp\libc_nano.a(libc_a-fwalk.o)
                              C:/ST/STM32CubeIDE_1.17.0/STM32CubeIDE/plugins/com.st.stm32cube.ide.mcu.externaltools.gnu-tools-for-stm32.12.3.rel1.win32_1.1.0.202410251130/tools/bin/../lib/gcc/arm-none-eabi/12.3.1/../../../../arm-none-eabi/lib/thumb/v7-m/nofp\libc_nano.a(libc_a-findfp.o) (_fwalk_sglue)
C:/ST/STM32CubeIDE_1.17.0/STM32CubeIDE/plugins/com.st.stm32cube.ide.mcu.externaltools.gnu-tools-for-stm32.12.3.rel1.win32_1.1.0.202410251130/tools/bin/../lib/gcc/arm-none-eabi/12.3.1/../../../../arm-none-eabi/lib/thumb/v7-m/nofp\libc_nano.a(libc_a-sprintf.o)
                              ./Core/Src/i2c_lcd.o (sprintf)
C:/ST/STM32CubeIDE_1.17.0/STM32CubeIDE/plugins/com.st.stm32cube.ide.mcu.externaltools.gnu-tools-for-stm32.12.3.rel1.win32_1.1.0.202410251130/tools/bin/../lib/gcc/arm-none-eabi/12.3.1/../../../../arm-none-eabi/lib/thumb/v7-m/nofp\libc_nano.a(libc_a-stdio.o)
                              C:/ST/STM32CubeIDE_1.17.0/STM32CubeIDE/plugins/com.st.stm32cube.ide.mcu.externaltools.gnu-tools-for-stm32.12.3.rel1.win32_1.1.0.202410251130/tools/bin/../lib/gcc/arm-none-eabi/12.3.1/../../../../arm-none-eabi/lib/thumb/v7-m/nofp\libc_nano.a(libc_a-findfp.o) (__sread)
C:/ST/STM32CubeIDE_1.17.0/STM32CubeIDE/plugins/com.st.stm32cube.ide.mcu.externaltools.gnu-tools-for-stm32.12.3.rel1.win32_1.1.0.202410251130/tools/bin/../lib/gcc/arm-none-eabi/12.3.1/../../../../arm-none-eabi/lib/thumb/v7-m/nofp\libc_nano.a(libc_a-memset.o)
                              C:/ST/STM32CubeIDE_1.17.0/STM32CubeIDE/plugins/com.st.stm32cube.ide.mcu.externaltools.gnu-tools-for-stm32.12.3.rel1.win32_1.1.0.202410251130/tools/bin/../lib/gcc/arm-none-eabi/12.3.1/../../../../arm-none-eabi/lib/thumb/v7-m/nofp/crt0.o (memset)
C:/ST/STM32CubeIDE_1.17.0/STM32CubeIDE/plugins/com.st.stm32cube.ide.mcu.externaltools.gnu-tools-for-stm32.12.3.rel1.win32_1.1.0.202410251130/tools/bin/../lib/gcc/arm-none-eabi/12.3.1/../../../../arm-none-eabi/lib/thumb/v7-m/nofp\libc_nano.a(libc_a-closer.o)
                              C:/ST/STM32CubeIDE_1.17.0/STM32CubeIDE/plugins/com.st.stm32cube.ide.mcu.externaltools.gnu-tools-for-stm32.12.3.rel1.win32_1.1.0.202410251130/tools/bin/../lib/gcc/arm-none-eabi/12.3.1/../../../../arm-none-eabi/lib/thumb/v7-m/nofp\libc_nano.a(libc_a-stdio.o) (_close_r)
C:/ST/STM32CubeIDE_1.17.0/STM32CubeIDE/plugins/com.st.stm32cube.ide.mcu.externaltools.gnu-tools-for-stm32.12.3.rel1.win32_1.1.0.202410251130/tools/bin/../lib/gcc/arm-none-eabi/12.3.1/../../../../arm-none-eabi/lib/thumb/v7-m/nofp\libc_nano.a(libc_a-reent.o)
                              C:/ST/STM32CubeIDE_1.17.0/STM32CubeIDE/plugins/com.st.stm32cube.ide.mcu.externaltools.gnu-tools-for-stm32.12.3.rel1.win32_1.1.0.202410251130/tools/bin/../lib/gcc/arm-none-eabi/12.3.1/../../../../arm-none-eabi/lib/thumb/v7-m/nofp\libc_nano.a(libc_a-closer.o) (errno)
C:/ST/STM32CubeIDE_1.17.0/STM32CubeIDE/plugins/com.st.stm32cube.ide.mcu.externaltools.gnu-tools-for-stm32.12.3.rel1.win32_1.1.0.202410251130/tools/bin/../lib/gcc/arm-none-eabi/12.3.1/../../../../arm-none-eabi/lib/thumb/v7-m/nofp\libc_nano.a(libc_a-impure.o)
                              C:/ST/STM32CubeIDE_1.17.0/STM32CubeIDE/plugins/com.st.stm32cube.ide.mcu.externaltools.gnu-tools-for-stm32.12.3.rel1.win32_1.1.0.202410251130/tools/bin/../lib/gcc/arm-none-eabi/12.3.1/../../../../arm-none-eabi/lib/thumb/v7-m/nofp\libc_nano.a(libc_a-sprintf.o) (_impure_ptr)
[...]
Memory Configuration

Name             Origin             Length             Attributes
RAM              0x20000000         0x00005000         xrw
FLASH            0x08000000         0x00020000         xr
*default*        0x00000000         0xffffffff

Linker script and memory map

LOAD C:/ST/STM32CubeIDE_1.17.0/STM32CubeIDE/plugins/com.st.stm32cube.ide.mcu.externaltools.gnu-tools-for-stm32.12.3.rel1.win32_1.1.0.202410251130/tools/bin/../lib/gcc/arm-none-eabi/12.3.1/thumb/v7-m/nofp/crti.o
LOAD C:/ST/STM32CubeIDE_1.17.0/STM32CubeIDE/plugins/com.st.stm32cube.ide.mcu.externaltools.gnu-tools-for-stm32.12.3.rel1.win32_1.1.0.202410251130/tools/bin/../lib/gcc/arm-none-eabi/12.3.1/thumb/v7-m/nofp/crtbegin.o
LOAD C:/ST/STM32CubeIDE_1.17.0/STM32CubeIDE/plugins/com.st.stm32cube.ide.mcu.externaltools.gnu-tools-for-stm32.12.3.rel1.win32_1.1.0.202410251130/tools/bin/../lib/gcc/arm-none-eabi/12.3.1/../../../../arm-none-eabi/lib/thumb/v7-m/nofp/crt0.o
LOAD ./Core/Src/button.o
LOAD ./Core/Src/command_parser_fsm.o
LOAD ./Core/Src/fsm_autorun.o
LOAD ./Core/Src/fsm_manual.o
LOAD ./Core/Src/fsm_setting.o
LOAD ./Core/Src/global.o
LOAD ./Core/Src/i2c_lcd.o
LOAD ./Core/Src/light_traffic.o
LOAD ./Core/Src/main.o
LOAD ./Core/Src/remote.o
LOAD ./Core/Src/server_flag_processing.o
LOAD ./Core/Src/stm32f1xx_hal_msp.o
LOAD ./Core/Src/stm32f1xx_it.o
LOAD ./Core/Src/syscalls.o
LOAD ./Core/Src/sysmem.o
LOAD ./Core/Src/system_stm32f1xx.o
LOAD ./Core/Src/timer.o
LOAD ./Core/Startup/startup_stm32f103rbtx.o
LOAD ./Drivers/STM32F1xx_HAL_Driver/Src/stm32f1xx_hal.o
LOAD ./Drivers/STM32F1xx_HAL_Driver/Src/stm32f1xx_hal_cortex.o
LOAD ./Drivers/STM32F1xx_HAL_Driver/Src/stm32f1xx_hal_dma.o
LOAD ./Drivers/STM32F1xx_HAL_Driver/Src/stm32f1xx_hal_exti.o
LOAD ./Drivers/STM32F1xx_HAL_Driver/Src/stm32f1xx_hal_flash.o
LOAD ./Drivers/STM32F1xx_HAL_Driver/Src/stm32f1xx_hal_flash_ex.o
LOAD ./Drivers/STM32F1xx_HAL_Driver/Src/stm32f1xx_hal_gpio.o
LOAD ./Drivers/STM32F1xx_HAL_Driver/Src/stm32f1xx_hal_gpio_ex.o
LOAD ./Drivers/STM32F1xx_HAL_Driver/Src/stm32f1xx_hal_i2c.o
LOAD ./Drivers/STM32F1xx_HAL_Driver/Src/stm32f1xx_hal_pwr.o
LOAD ./Drivers/STM32F1xx_HAL_Driver/Src/stm32f1xx_hal_rcc.o
LOAD ./Drivers/STM32F1xx_HAL_Driver/Src/stm32f1xx_hal_rcc_ex.o
LOAD ./Drivers/STM32F1xx_HAL_Driver/Src/stm32f1xx_hal_tim.o
LOAD ./Drivers/STM32F1xx_HAL_Driver/Src/stm32f1xx_hal_tim_ex.o
LOAD ./Drivers/STM32F1xx_HAL_Driver/Src/stm32f1xx_hal_uart.o
START GROUP
LOAD C:/ST/STM32CubeIDE_1.17.0/STM32CubeIDE/plugins/com.st.stm32cube.ide.mcu.externaltools.gnu-tools-for-stm32.12.3.rel1.win32_1.1.0.202410251130/tools/bin/../lib/gcc/arm-none-eabi/12.3.1/../../../../arm-none-eabi/lib/thumb/v7-m/nofp\libc_nano.a
LOAD C:/ST/STM32CubeIDE_1.17.0/STM32CubeIDE/plugins/com.st.stm32cube.ide.mcu.externaltools.gnu-tools-for-stm32.12.3.rel1.win32_1.1.0.202410251130/tools/bin/../lib/gcc/arm-none-eabi/12.3.1/../../../../arm-none-eabi/lib/thumb/v7-m/nofp\libm.a
END GROUP
START GROUP
LOAD C:/ST/STM32CubeIDE_1.17.0/STM32CubeIDE/plugins/com.st.stm32cube.ide.mcu.externaltools.gnu-tools-for-stm32.12.3.rel1.win32_1.1.0.202410251130/tools/bin/../lib/gcc/arm-none-eabi/12.3.1/thumb/v7-m/nofp\libgcc.a
LOAD C:/ST/STM32CubeIDE_1.17.0/STM32CubeIDE/plugins/com.st.stm32cube.ide.mcu.externaltools.gnu-tools-for-stm32.12.3.rel1.win32_1.1.0.202410251130/tools/bin/../lib/gcc/arm-none-eabi/12.3.1/../../../../arm-none-eabi/lib/thumb/v7-m/nofp\libc_nano.a
END GROUP
START GROUP
LOAD C:/ST/STM32CubeIDE_1.17.0/STM32CubeIDE/plugins/com.st.stm32cube.ide.mcu.externaltools.gnu-tools-for-stm32.12.3.rel1.win32_1.1.0.202410251130/tools/bin/../lib/gcc/arm-none-eabi/12.3.1/thumb/v7-m/nofp\libgcc.a
LOAD C:/ST/STM32CubeIDE_1.17.0/STM32CubeIDE/plugins/com.st.stm32cube.ide.mcu.externaltools.gnu-tools-for-stm32.12.3.rel1.win32_1.1.0.202410251130/tools/bin/../lib/gcc/arm-none-eabi/12.3.1/../../../../arm-none-eabi/lib/thumb/v7-m/nofp\libc_nano.a
LOAD C:/ST/STM32CubeIDE_1.17.0/STM32CubeIDE/plugins/com.st.stm32cube.ide.mcu.externaltools.gnu-tools-for-stm32.12.3.rel1.win32_1.1.0.202410251130/tools/bin/../lib/gcc/arm-none-eabi/12.3.1/../../../../arm-none-eabi/lib/thumb/v7-m/nofp\libnosys.a
END GROUP
START GROUP
LOAD C:/ST/STM32CubeIDE_1.17.0/STM32CubeIDE/plugins/com.st.stm32cube.ide.mcu.externaltools.gnu-tools-for-stm32.12.3.rel1.win32_1.1.0.202410251130/tools/bin/../lib/gcc/arm-none-eabi/12.3.1/thumb/v7-m/nofp\libgcc.a
LOAD C:/ST/STM32CubeIDE_1.17.0/STM32CubeIDE/plugins/com.st.stm32cube.ide.mcu.externaltools.gnu-tools-for-stm32.12.3.rel1.win32_1.1.0.202410251130/tools/bin/../lib/gcc/arm-none-eabi/12.3.1/../../../../arm-none-eabi/lib/thumb/v7-m/nofp\libc_nano.a
LOAD C:/ST/STM32CubeIDE_1.17.0/STM32CubeIDE/plugins/com.st.stm32cube.ide.mcu.externaltools.gnu-tools-for-stm32.12.3.rel1.win32_1.1.0.202410251130/tools/bin/../lib/gcc/arm-none-eabi/12.3.1/../../../../arm-none-eabi/lib/thumb/v7-m/nofp\libnosys.a
END GROUP
LOAD C:/ST/STM32CubeIDE_1.17.0/STM32CubeIDE/plugins/com.st.stm32cube.ide.mcu.externaltools.gnu-tools-for-stm32.12.3.rel1.win32_1.1.0.202410251130/tools/bin/../lib/gcc/arm-none-eabi/12.3.1/thumb/v7-m/nofp/crtend.o
LOAD C:/ST/STM32CubeIDE_1.17.0/STM32CubeIDE/plugins/com.st.stm32cube.ide.mcu.externaltools.gnu-tools-for-stm32.12.3.rel1.win32_1.1.0.202410251130/tools/bin/../lib/gcc/arm-none-eabi/12.3.1/thumb/v7-m/nofp/crtn.o
                0x20005000                        _estack = (ORIGIN (RAM) + LENGTH (RAM))
                0x00000200                        _Min_Heap_Size = 0x200
                0x00000400                        _Min_Stack_Size = 0x400

.isr_vector     0x08000000      0x10c
                0x08000000                        . = ALIGN (0x4)
 *(.isr_vector)
 .isr_vector    0x08000000      0x10c ./Core/Startup/startup_stm32f103rbtx.o
                0x08000000                g_pfnVectors
                0x0800010c                        . = ALIGN (0x4)

.text           0x0800010c     0x606c
                0x0800010c                        . = ALIGN (0x4)
 *(.text)
 .text          0x0800010c       0x40 C:/ST/STM32CubeIDE_1.17.0/STM32CubeIDE/plugins/com.st.stm32cube.ide.mcu.externaltools.gnu-tools-for-stm32.12.3.rel1.win32_1.1.0.202410251130/tools/bin/../lib/gcc/arm-none-eabi/12.3.1/thumb/v7-m/nofp/crtbegin.o
 *(.text*)
 .text.isButtonPressed
                0x0800014c       0x34 ./Core/Src/button.o
                0x0800014c                isButtonPressed
 .text.getKeyInput
                0x08000180      0x188 ./Core/Src/button.o
                0x08000180                getKeyInput
 .text.command_parser_init
                0x08000308       0x1c ./Core/Src/command_parser_fsm.o
                0x08000308                command_parser_init
 .text.getRunFlag
                0x08000324       0x14 ./Core/Src/command_parser_fsm.o
                0x08000324                getRunFlag
 .text.setRunFlag
                0x08000338       0x20 ./Core/Src/command_parser_fsm.o
                0x08000338                setRunFlag
 .text.getRYFlag
                0x08000358       0x14 ./Core/Src/command_parser_fsm.o
                0x08000358                getRYFlag
 .text.setRYFlag
                0x0800036c       0x20 ./Core/Src/command_parser_fsm.o
                0x0800036c                setRYFlag
 .text.getRGFlag
                0x0800038c       0x14 ./Core/Src/command_parser_fsm.o
                0x0800038c                getRGFlag
 .text.setRGFlag
                0x080003a0       0x20 ./Core/Src/command_parser_fsm.o
                0x080003a0                setRGFlag
 .text.getYRFlag
                0x080003c0       0x14 ./Core/Src/command_parser_fsm.o
                0x080003c0                getYRFlag
 .text.setYRFlag
                0x080003d4       0x20 ./Core/Src/command_parser_fsm.o
                0x080003d4                setYRFlag
 .text.getGRFlag
                0x080003f4       0x14 ./Core/Src/command_parser_fsm.o
                0x080003f4                getGRFlag
 .text.setGRFlag
                0x08000408       0x20 ./Core/Src/command_parser_fsm.o
                0x08000408                setGRFlag
 .text.getSetFlag
                0x08000428       0x14 ./Core/Src/command_parser_fsm.o
                0x08000428                getSetFlag
 .text.setSetFlag
                0x0800043c       0x20 ./Core/Src/command_parser_fsm.o
                0x0800043c                setSetFlag
 .text.getManFlag
                0x0800045c       0x14 ./Core/Src/command_parser_fsm.o
                0x0800045c                getManFlag
 .text.setManFlag
                0x08000470       0x20 ./Core/Src/command_parser_fsm.o
                0x08000470                setManFlag
 .text.getDataFlag
                0x08000490       0x14 ./Core/Src/command_parser_fsm.o
                0x08000490                getDataFlag
 .text.setDataFlag
                0x080004a4       0x20 ./Core/Src/command_parser_fsm.o
                0x080004a4                setDataFlag
 .text.command_parser_fsm
                0x080004c4      0x954 ./Core/Src/command_parser_fsm.o
                0x080004c4                command_parser_fsm
 .text.HAL_UART_RxCpltCallback
                0x08000e18       0x70 ./Core/Src/command_parser_fsm.o
                0x08000e18                HAL_UART_RxCpltCallback
 .text.fsm_autorun
                0x08000e88      0x1e4 ./Core/Src/fsm_autorun.o
                0x08000e88                fsm_autorun
 .text.fsm_manual
                0x0800106c       0xcc ./Core/Src/fsm_manual.o
                0x0800106c                fsm_manual
 .text.fsm_setting
                0x08001138      0x2d4 ./Core/Src/fsm_setting.o
                0x08001138                fsm_setting
 .text.lcd_send_cmd
                0x0800140c       0x60 ./Core/Src/i2c_lcd.o
                0x0800140c                lcd_send_cmd
 .text.lcd_send_data
                0x0800146c       0x60 ./Core/Src/i2c_lcd.o
                0x0800146c                lcd_send_data
 .text.lcd_init
                0x080014cc       0x5c ./Core/Src/i2c_lcd.o
                0x080014cc                lcd_init
 .text.lcd_send_string
                0x08001528       0x2a ./Core/Src/i2c_lcd.o
                0x08001528                lcd_send_string
 .text.lcd_clear_display
                0x08001552        0xe ./Core/Src/i2c_lcd.o
                0x08001552                lcd_clear_display
 .text.lcd_goto_XY
                0x08001560       0x44 ./Core/Src/i2c_lcd.o
                0x08001560                lcd_goto_XY
 .text.lcd_run  0x080015a4      0x6b4 ./Core/Src/i2c_lcd.o
                0x080015a4                lcd_run
 .text.led_red_and_yellow
                0x08001c58       0x6c ./Core/Src/light_traffic.o
                0x08001c58                led_red_and_yellow
 .text.led_red_and_green
                0x08001cc4       0x6c ./Core/Src/light_traffic.o
                0x08001cc4                led_red_and_green
 .text.led_yellow_and_red
                0x08001d30       0x6c ./Core/Src/light_traffic.o
                0x08001d30                led_yellow_and_red
 .text.led_green_and_red
                0x08001d9c       0x6c ./Core/Src/light_traffic.o
                0x08001d9c                led_green_and_red
 .text.all_led_red_on
                0x08001e08       0x6c ./Core/Src/light_traffic.o
                0x08001e08                all_led_red_on
 .text.all_led_red_off
                0x08001e74       0x6c ./Core/Src/light_traffic.o
                0x08001e74                all_led_red_off
 .text.all_led_green_on
                0x08001ee0       0x6c ./Core/Src/light_traffic.o
                0x08001ee0                all_led_green_on
 .text.all_led_yellow_on
                0x08001f4c       0x6c ./Core/Src/light_traffic.o
                0x08001f4c                all_led_yellow_on
 .text.main     0x08001fb8       0x80 ./Core/Src/main.o
                0x08001fb8                main
 .text.SystemClock_Config
                0x08002038       0x82 ./Core/Src/main.o
                0x08002038                SystemClock_Config
 *fill*         0x080020ba        0x2 
 .text.MX_I2C1_Init
                0x080020bc       0x5c ./Core/Src/main.o
 .text.MX_TIM2_Init
                0x08002118       0x98 ./Core/Src/main.o
 .text.MX_USART3_UART_Init
                0x080021b0       0x54 ./Core/Src/main.o
 .text.MX_GPIO_Init
                0x08002204      0x170 ./Core/Src/main.o
 .text.HAL_TIM_PeriodElapsedCallback
                0x08002374       0x18 ./Core/Src/main.o
                0x08002374                HAL_TIM_PeriodElapsedCallback
 .text.Error_Handler
                0x0800238c        0xc ./Core/Src/main.o
                0x0800238c                Error_Handler
 .text.remote_run
                0x08002398        0xc ./Core/Src/remote.o
                0x08002398                remote_run
 .text.server_flag_processing_run
                0x080023a4      0x204 ./Core/Src/server_flag_processing.o
                0x080023a4                server_flag_processing_run
 .text.HAL_MspInit
                0x080025a8       0x64 ./Core/Src/stm32f1xx_hal_msp.o
                0x080025a8                HAL_MspInit
 .text.HAL_I2C_MspInit
                0x0800260c       0xa0 ./Core/Src/stm32f1xx_hal_msp.o
                0x0800260c                HAL_I2C_MspInit
 .text.HAL_TIM_Base_MspInit
                0x080026ac       0x48 ./Core/Src/stm32f1xx_hal_msp.o
                0x080026ac                HAL_TIM_Base_MspInit
 .text.HAL_UART_MspInit
                0x080026f4       0xd0 ./Core/Src/stm32f1xx_hal_msp.o
                0x080026f4                HAL_UART_MspInit
 .text.NMI_Handler
                0x080027c4        0x8 ./Core/Src/stm32f1xx_it.o
                0x080027c4                NMI_Handler
 .text.HardFault_Handler
                0x080027cc        0x8 ./Core/Src/stm32f1xx_it.o
                0x080027cc                HardFault_Handler
 .text.MemManage_Handler
                0x080027d4        0x8 ./Core/Src/stm32f1xx_it.o
                0x080027d4                MemManage_Handler
 .text.BusFault_Handler
                0x080027dc        0x8 ./Core/Src/stm32f1xx_it.o
                0x080027dc                BusFault_Handler
 .text.UsageFault_Handler
                0x080027e4        0x8 ./Core/Src/stm32f1xx_it.o
                0x080027e4                UsageFault_Handler
 .text.SVC_Handler
                0x080027ec        0xc ./Core/Src/stm32f1xx_it.o
                0x080027ec                SVC_Handler
 .text.DebugMon_Handler
                0x080027f8        0xc ./Core/Src/stm32f1xx_it.o
                0x080027f8                DebugMon_Handler
 .text.PendSV_Handler
                0x08002804        0xc ./Core/Src/stm32f1xx_it.o
                0x08002804                PendSV_Handler
 .text.SysTick_Handler
                0x08002810        0xc ./Core/Src/stm32f1xx_it.o
                0x08002810                SysTick_Handler
 .text.TIM2_IRQHandler
                0x0800281c       0x14 ./Core/Src/stm32f1xx_it.o
                0x0800281c                TIM2_IRQHandler
 .text.USART3_IRQHandler
                0x08002830       0x14 ./Core/Src/stm32f1xx_it.o
                0x08002830                USART3_IRQHandler
 .text.EXTI15_10_IRQHandler
                0x08002844       0x10 ./Core/Src/stm32f1xx_it.o
                0x08002844                EXTI15_10_IRQHandler
 .text._sbrk    0x08002854       0x6c ./Core/Src/sysmem.o
                0x08002854                _sbrk
 .text.SystemInit
                0x080028c0        0xc ./Core/Src/system_stm32f1xx.o
                0x080028c0                SystemInit
 .text.setTimer
                0x080028cc       0x40 ./Core/Src/timer.o
                0x080028cc                setTimer
 .text.timerRun
                0x0800290c       0x60 ./Core/Src/timer.o
                0x0800290c                timerRun
 .text.Reset_Handler
                0x0800296c       0x48 ./Core/Startup/startup_stm32f103rbtx.o
                0x0800296c                Reset_Handler
 .text.Default_Handler
                0x080029b4        0x2 ./Core/Startup/startup_stm32f103rbtx.o
                0x080029b4                RTC_Alarm_IRQHandler
                0x080029b4                EXTI2_IRQHandler
                0x080029b4                TIM1_CC_IRQHandler
                0x080029b4                PVD_IRQHandler
                0x080029b4                EXTI3_IRQHandler
                0x080029b4                EXTI0_IRQHandler
                0x080029b4                I2C2_EV_IRQHandler
                0x080029b4                ADC1_2_IRQHandler
                0x080029b4                SPI1_IRQHandler
                0x080029b4                TAMPER_IRQHandler
                0x080029b4                DMA1_Channel4_IRQHandler
                0x080029b4                RTC_IRQHandler
                0x080029b4                DMA1_Channel7_IRQHandler
                0x080029b4                CAN1_RX1_IRQHandler
                0x080029b4                TIM4_IRQHandler
                0x080029b4                I2C1_EV_IRQHandler
                0x080029b4                DMA1_Channel6_IRQHandler
                0x080029b4                TIM3_IRQHandler
                0x080029b4                RCC_IRQHandler
                0x080029b4                TIM1_TRG_COM_IRQHandler
                0x080029b4                DMA1_Channel1_IRQHandler
                0x080029b4                Default_Handler
                0x080029b4                EXTI9_5_IRQHandler
                0x080029b4                SPI2_IRQHandler
                0x080029b4                DMA1_Channel5_IRQHandler
                0x080029b4                EXTI4_IRQHandler
                0x080029b4                USB_LP_CAN1_RX0_IRQHandler
                0x080029b4                USB_HP_CAN1_TX_IRQHandler
                0x080029b4                DMA1_Channel3_IRQHandler
                0x080029b4                TIM1_UP_IRQHandler
                0x080029b4                WWDG_IRQHandler
                0x080029b4                TIM1_BRK_IRQHandler
                0x080029b4                EXTI1_IRQHandler
                0x080029b4                USART2_IRQHandler
                0x080029b4                I2C2_ER_IRQHandler
                0x080029b4                DMA1_Channel2_IRQHandler
                0x080029b4                CAN1_SCE_IRQHandler
                0x080029b4                FLASH_IRQHandler
                0x080029b4                USART1_IRQHandler
                0x080029b4                I2C1_ER_IRQHandler
                0x080029b4                USBWakeUp_IRQHandler
 *fill*         0x080029b6        0x2 
 .text.HAL_Init
                0x080029b8       0x2c ./Drivers/STM32F1xx_HAL_Driver/Src/stm32f1xx_hal.o
                0x080029b8                HAL_Init
 .text.HAL_InitTick
                0x080029e4       0x60 ./Drivers/STM32F1xx_HAL_Driver/Src/stm32f1xx_hal.o
                0x080029e4                HAL_InitTick
 .text.HAL_IncTick
                0x08002a44       0x24 ./Drivers/STM32F1xx_HAL_Driver/Src/stm32f1xx_hal.o
                0x08002a44                HAL_IncTick
 .text.HAL_GetTick
                0x08002a68       0x14 ./Drivers/STM32F1xx_HAL_Driver/Src/stm32f1xx_hal.o
                0x08002a68                HAL_GetTick
 .text.HAL_Delay
                0x08002a7c       0x48 ./Drivers/STM32F1xx_HAL_Driver/Src/stm32f1xx_hal.o
                0x08002a7c                HAL_Delay
 .text.__NVIC_SetPriorityGrouping
                0x08002ac4       0x48 ./Drivers/STM32F1xx_HAL_Driver/Src/stm32f1xx_hal_cortex.o
 .text.__NVIC_GetPriorityGrouping
                0x08002b0c       0x1c ./Drivers/STM32F1xx_HAL_Driver/Src/stm32f1xx_hal_cortex.o
 .text.__NVIC_EnableIRQ
                0x08002b28       0x38 ./Drivers/STM32F1xx_HAL_Driver/Src/stm32f1xx_hal_cortex.o
 .text.__NVIC_SetPriority
                0x08002b60       0x54 ./Drivers/STM32F1xx_HAL_Driver/Src/stm32f1xx_hal_cortex.o
 .text.NVIC_EncodePriority
                0x08002bb4       0x64 ./Drivers/STM32F1xx_HAL_Driver/Src/stm32f1xx_hal_cortex.o
 .text.SysTick_Config
                0x08002c18       0x44 ./Drivers/STM32F1xx_HAL_Driver/Src/stm32f1xx_hal_cortex.o
 .text.HAL_NVIC_SetPriorityGrouping
                0x08002c5c       0x16 ./Drivers/STM32F1xx_HAL_Driver/Src/stm32f1xx_hal_cortex.o
                0x08002c5c                HAL_NVIC_SetPriorityGrouping
 .text.HAL_NVIC_SetPriority
                0x08002c72       0x38 ./Drivers/STM32F1xx_HAL_Driver/Src/stm32f1xx_hal_cortex.o
                0x08002c72                HAL_NVIC_SetPriority
 .text.HAL_NVIC_EnableIRQ
                0x08002caa       0x1c ./Drivers/STM32F1xx_HAL_Driver/Src/stm32f1xx_hal_cortex.o
                0x08002caa                HAL_NVIC_EnableIRQ
 .text.HAL_SYSTICK_Config
                0x08002cc6       0x18 ./Drivers/STM32F1xx_HAL_Driver/Src/stm32f1xx_hal_cortex.o
                0x08002cc6                HAL_SYSTICK_Config
 .text.HAL_DMA_Abort
                0x08002cde       0x76 ./Drivers/STM32F1xx_HAL_Driver/Src/stm32f1xx_hal_dma.o
                0x08002cde                HAL_DMA_Abort
 .text.HAL_DMA_Abort_IT
                0x08002d54       0xf0 ./Drivers/STM32F1xx_HAL_Driver/Src/stm32f1xx_hal_dma.o
                0x08002d54                HAL_DMA_Abort_IT
 .text.HAL_GPIO_Init
                0x08002e44      0x308 ./Drivers/STM32F1xx_HAL_Driver/Src/stm32f1xx_hal_gpio.o
                0x08002e44                HAL_GPIO_Init
 .text.HAL_GPIO_ReadPin
                0x0800314c       0x2e ./Drivers/STM32F1xx_HAL_Driver/Src/stm32f1xx_hal_gpio.o
                0x0800314c                HAL_GPIO_ReadPin
 .text.HAL_GPIO_WritePin
                0x0800317a       0x30 ./Drivers/STM32F1xx_HAL_Driver/Src/stm32f1xx_hal_gpio.o
                0x0800317a                HAL_GPIO_WritePin
 *fill*         0x080031aa        0x2 
 .text.HAL_GPIO_EXTI_IRQHandler
                0x080031ac       0x30 ./Drivers/STM32F1xx_HAL_Driver/Src/stm32f1xx_hal_gpio.o
                0x080031ac                HAL_GPIO_EXTI_IRQHandler
 .text.HAL_GPIO_EXTI_Callback
                0x080031dc       0x14 ./Drivers/STM32F1xx_HAL_Driver/Src/stm32f1xx_hal_gpio.o
                0x080031dc                HAL_GPIO_EXTI_Callback
 .text.HAL_I2C_Init
                0x080031f0      0x288 ./Drivers/STM32F1xx_HAL_Driver/Src/stm32f1xx_hal_i2c.o
                0x080031f0                HAL_I2C_Init
 .text.HAL_I2C_Master_Transmit
                0x08003478      0x1fc ./Drivers/STM32F1xx_HAL_Driver/Src/stm32f1xx_hal_i2c.o
                0x08003478                HAL_I2C_Master_Transmit
 .text.I2C_MasterRequestWrite
                0x08003674      0x104 ./Drivers/STM32F1xx_HAL_Driver/Src/stm32f1xx_hal_i2c.o
 .text.I2C_WaitOnFlagUntilTimeout
                0x08003778       0xf4 ./Drivers/STM32F1xx_HAL_Driver/Src/stm32f1xx_hal_i2c.o
 .text.I2C_WaitOnMasterAddressFlagUntilTimeout
                0x0800386c      0x140 ./Drivers/STM32F1xx_HAL_Driver/Src/stm32f1xx_hal_i2c.o
 .text.I2C_WaitOnTXEFlagUntilTimeout
                0x080039ac       0x90 ./Drivers/STM32F1xx_HAL_Driver/Src/stm32f1xx_hal_i2c.o
 .text.I2C_WaitOnBTFFlagUntilTimeout
                0x08003a3c       0x90 ./Drivers/STM32F1xx_HAL_Driver/Src/stm32f1xx_hal_i2c.o
 .text.I2C_IsAcknowledgeFailed
                0x08003acc       0x5c ./Drivers/STM32F1xx_HAL_Driver/Src/stm32f1xx_hal_i2c.o
 .text.HAL_RCC_OscConfig
                0x08003b28      0x504 ./Drivers/STM32F1xx_HAL_Driver/Src/stm32f1xx_hal_rcc.o
                0x08003b28                HAL_RCC_OscConfig
 .text.HAL_RCC_ClockConfig
                0x0800402c      0x1d4 ./Drivers/STM32F1xx_HAL_Driver/Src/stm32f1xx_hal_rcc.o
                0x0800402c                HAL_RCC_ClockConfig
 .text.HAL_RCC_GetSysClockFreq
                0x08004200       0xa8 ./Drivers/STM32F1xx_HAL_Driver/Src/stm32f1xx_hal_rcc.o
                0x08004200                HAL_RCC_GetSysClockFreq
 .text.HAL_RCC_GetHCLKFreq
                0x080042a8       0x14 ./Drivers/STM32F1xx_HAL_Driver/Src/stm32f1xx_hal_rcc.o
                0x080042a8                HAL_RCC_GetHCLKFreq
 .text.HAL_RCC_GetPCLK1Freq
                0x080042bc       0x28 ./Drivers/STM32F1xx_HAL_Driver/Src/stm32f1xx_hal_rcc.o
                0x080042bc                HAL_RCC_GetPCLK1Freq
 .text.HAL_RCC_GetPCLK2Freq
                0x080042e4       0x28 ./Drivers/STM32F1xx_HAL_Driver/Src/stm32f1xx_hal_rcc.o
                0x080042e4                HAL_RCC_GetPCLK2Freq
 .text.RCC_Delay
                0x0800430c       0x3c ./Drivers/STM32F1xx_HAL_Driver/Src/stm32f1xx_hal_rcc.o
 .text.HAL_TIM_Base_Init
                0x08004348       0x9e ./Drivers/STM32F1xx_HAL_Driver/Src/stm32f1xx_hal_tim.o
                0x08004348                HAL_TIM_Base_Init
 *fill*         0x080043e6        0x2 
 .text.HAL_TIM_Base_Start_IT
                0x080043e8       0xa4 ./Drivers/STM32F1xx_HAL_Driver/Src/stm32f1xx_hal_tim.o
                0x080043e8                HAL_TIM_Base_Start_IT
 .text.HAL_TIM_IRQHandler
                0x0800448c      0x1e0 ./Drivers/STM32F1xx_HAL_Driver/Src/stm32f1xx_hal_tim.o
                0x0800448c                HAL_TIM_IRQHandler
 .text.HAL_TIM_ConfigClockSource
                0x0800466c      0x18e ./Drivers/STM32F1xx_HAL_Driver/Src/stm32f1xx_hal_tim.o
                0x0800466c                HAL_TIM_ConfigClockSource
 .text.HAL_TIM_OC_DelayElapsedCallback
                0x080047fa       0x12 ./Drivers/STM32F1xx_HAL_Driver/Src/stm32f1xx_hal_tim.o
                0x080047fa                HAL_TIM_OC_DelayElapsedCallback
 .text.HAL_TIM_IC_CaptureCallback
                0x0800480c       0x12 ./Drivers/STM32F1xx_HAL_Driver/Src/stm32f1xx_hal_tim.o
                0x0800480c                HAL_TIM_IC_CaptureCallback
 .text.HAL_TIM_PWM_PulseFinishedCallback
                0x0800481e       0x12 ./Drivers/STM32F1xx_HAL_Driver/Src/stm32f1xx_hal_tim.o
                0x0800481e                HAL_TIM_PWM_PulseFinishedCallback
 .text.HAL_TIM_TriggerCallback
                0x08004830       0x12 ./Drivers/STM32F1xx_HAL_Driver/Src/stm32f1xx_hal_tim.o
                0x08004830                HAL_TIM_TriggerCallback
 *fill*         0x08004842        0x2 
 .text.TIM_Base_SetConfig
                0x08004844       0xdc ./Drivers/STM32F1xx_HAL_Driver/Src/stm32f1xx_hal_tim.o
                0x08004844                TIM_Base_SetConfig
 .text.TIM_TI1_ConfigInputStage
                0x08004920       0x5c ./Drivers/STM32F1xx_HAL_Driver/Src/stm32f1xx_hal_tim.o
 .text.TIM_TI2_ConfigInputStage
                0x0800497c       0x5e ./Drivers/STM32F1xx_HAL_Driver/Src/stm32f1xx_hal_tim.o
 .text.TIM_ITRx_SetConfig
                0x080049da       0x34 ./Drivers/STM32F1xx_HAL_Driver/Src/stm32f1xx_hal_tim.o
 .text.TIM_ETR_SetConfig
                0x08004a0e       0x3e ./Drivers/STM32F1xx_HAL_Driver/Src/stm32f1xx_hal_tim.o
                0x08004a0e                TIM_ETR_SetConfig
 .text.HAL_TIMEx_MasterConfigSynchronization
                0x08004a4c       0xbc ./Drivers/STM32F1xx_HAL_Driver/Src/stm32f1xx_hal_tim_ex.o
                0x08004a4c                HAL_TIMEx_MasterConfigSynchronization
 .text.HAL_TIMEx_CommutCallback
                0x08004b08       0x12 ./Drivers/STM32F1xx_HAL_Driver/Src/stm32f1xx_hal_tim_ex.o
                0x08004b08                HAL_TIMEx_CommutCallback
 .text.HAL_TIMEx_BreakCallback
                0x08004b1a       0x12 ./Drivers/STM32F1xx_HAL_Driver/Src/stm32f1xx_hal_tim_ex.o
                0x08004b1a                HAL_TIMEx_BreakCallback
 .text.HAL_UART_Init
                0x08004b2c       0xa0 ./Drivers/STM32F1xx_HAL_Driver/Src/stm32f1xx_hal_uart.o
                0x08004b2c                HAL_UART_Init
 .text.HAL_UART_Transmit
                0x08004bcc      0x116 ./Drivers/STM32F1xx_HAL_Driver/Src/stm32f1xx_hal_uart.o
                0x08004bcc                HAL_UART_Transmit
 .text.HAL_UART_Receive_IT
                0x08004ce2       0x4a ./Drivers/STM32F1xx_HAL_Driver/Src/stm32f1xx_hal_uart.o
                0x08004ce2                HAL_UART_Receive_IT
 .text.HAL_UART_IRQHandler
                0x08004d2c      0x524 ./Drivers/STM32F1xx_HAL_Driver/Src/stm32f1xx_hal_uart.o
                0x08004d2c                HAL_UART_IRQHandler
 .text.HAL_UART_TxCpltCallback
                0x08005250       0x12 ./Drivers/STM32F1xx_HAL_Driver/Src/stm32f1xx_hal_uart.o
                0x08005250                HAL_UART_TxCpltCallback
 .text.HAL_UART_ErrorCallback
                0x08005262       0x12 ./Drivers/STM32F1xx_HAL_Driver/Src/stm32f1xx_hal_uart.o
                0x08005262                HAL_UART_ErrorCallback
 .text.HAL_UARTEx_RxEventCallback
                0x08005274       0x16 ./Drivers/STM32F1xx_HAL_Driver/Src/stm32f1xx_hal_uart.o
                0x08005274                HAL_UARTEx_RxEventCallback
 .text.UART_WaitOnFlagUntilTimeout
                0x0800528a       0xb2 ./Drivers/STM32F1xx_HAL_Driver/Src/stm32f1xx_hal_uart.o
 .text.UART_Start_Receive_IT
                0x0800533c       0x72 ./Drivers/STM32F1xx_HAL_Driver/Src/stm32f1xx_hal_uart.o
                0x0800533c                UART_Start_Receive_IT
 .text.UART_EndRxTransfer
                0x080053ae       0xc4 ./Drivers/STM32F1xx_HAL_Driver/Src/stm32f1xx_hal_uart.o
 .text.UART_DMAAbortOnError
                0x08005472       0x28 ./Drivers/STM32F1xx_HAL_Driver/Src/stm32f1xx_hal_uart.o
 .text.UART_Transmit_IT
                0x0800549a       0x9e ./Drivers/STM32F1xx_HAL_Driver/Src/stm32f1xx_hal_uart.o
 .text.UART_EndTransmit_IT
                0x08005538       0x30 ./Drivers/STM32F1xx_HAL_Driver/Src/stm32f1xx_hal_uart.o
 .text.UART_Receive_IT
                0x08005568      0x17c ./Drivers/STM32F1xx_HAL_Driver/Src/stm32f1xx_hal_uart.o
 .text.UART_SetConfig
                0x080056e4      0x11c ./Drivers/STM32F1xx_HAL_Driver/Src/stm32f1xx_hal_uart.o
 .text.sprintf  0x08005800       0x40 C:/ST/STM32CubeIDE_1.17.0/STM32CubeIDE/plugins/com.st.stm32cube.ide.mcu.externaltools.gnu-tools-for-stm32.12.3.rel1.win32_1.1.0.202410251130/tools/bin/../lib/gcc/arm-none-eabi/12.3.1/../../../../arm-none-eabi/lib/thumb/v7-m/nofp\libc_nano.a(libc_a-sprintf.o)
                0x08005800                siprintf
                0x08005800                sprintf
 .text.memset   0x08005840       0x10 C:/ST/STM32CubeIDE_1.17.0/STM32CubeIDE/plugins/com.st.stm32cube.ide.mcu.externaltools.gnu-tools-for-stm32.12.3.rel1.win32_1.1.0.202410251130/tools/bin/../lib/gcc/arm-none-eabi/12.3.1/../../../../arm-none-eabi/lib/thumb/v7-m/nofp\libc_nano.a(libc_a-memset.o)
                0x08005840                memset
 .text.__errno  0x08005850        0xc C:/ST/STM32CubeIDE_1.17.0/STM32CubeIDE/plugins/com.st.stm32cube.ide.mcu.externaltools.gnu-tools-for-stm32.12.3.rel1.win32_1.1.0.202410251130/tools/bin/../lib/gcc/arm-none-eabi/12.3.1/../../../../arm-none-eabi/lib/thumb/v7-m/nofp\libc_nano.a(libc_a-errno.o)
                0x08005850                __errno
 .text.__libc_init_array
                0x0800585c       0x48 C:/ST/STM32CubeIDE_1.17.0/STM32CubeIDE/plugins/com.st.stm32cube.ide.mcu.externaltools.gnu-tools-for-stm32.12.3.rel1.win32_1.1.0.202410251130/tools/bin/../lib/gcc/arm-none-eabi/12.3.1/../../../../arm-none-eabi/lib/thumb/v7-m/nofp\libc_nano.a(libc_a-init.o)
                0x0800585c                __libc_init_array
 .text.__retarget_lock_acquire_recursive
                0x080058a4        0x2 C:/ST/STM32CubeIDE_1.17.0/STM32CubeIDE/plugins/com.st.stm32cube.ide.mcu.externaltools.gnu-tools-for-stm32.12.3.rel1.win32_1.1.0.202410251130/tools/bin/../lib/gcc/arm-none-eabi/12.3.1/../../../../arm-none-eabi/lib/thumb/v7-m/nofp\libc_nano.a(libc_a-lock.o)
                0x080058a4                __retarget_lock_acquire_recursive
 .text.__retarget_lock_release_recursive
                0x080058a6        0x2 C:/ST/STM32CubeIDE_1.17.0/STM32CubeIDE/plugins/com.st.stm32cube.ide.mcu.externaltools.gnu-tools-for-stm32.12.3.rel1.win32_1.1.0.202410251130/tools/bin/../lib/gcc/arm-none-eabi/12.3.1/../../../../arm-none-eabi/lib/thumb/v7-m/nofp\libc_nano.a(libc_a-lock.o)
                0x080058a6                __retarget_lock_release_recursive
 .text._free_r  0x080058a8       0x90 C:/ST/STM32CubeIDE_1.17.0/STM32CubeIDE/plugins/com.st.stm32cube.ide.mcu.externaltools.gnu-tools-for-stm32.12.3.rel1.win32_1.1.0.202410251130/tools/bin/../lib/gcc/arm-none-eabi/12.3.1/../../../../arm-none-eabi/lib/thumb/v7-m/nofp\libc_nano.a(libc_a-freer.o)
                0x080058a8                _free_r
 .text.sbrk_aligned
                0x08005938       0x44 C:/ST/STM32CubeIDE_1.17.0/STM32CubeIDE/plugins/com.st.stm32cube.ide.mcu.externaltools.gnu-tools-for-stm32.12.3.rel1.win32_1.1.0.202410251130/tools/bin/../lib/gcc/arm-none-eabi/12.3.1/../../../../arm-none-eabi/lib/thumb/v7-m/nofp\libc_nano.a(libc_a-mallocr.o)
 .text._malloc_r
                0x0800597c      0x100 C:/ST/STM32CubeIDE_1.17.0/STM32CubeIDE/plugins/com.st.stm32cube.ide.mcu.externaltools.gnu-tools-for-stm32.12.3.rel1.win32_1.1.0.202410251130/tools/bin/../lib/gcc/arm-none-eabi/12.3.1/../../../../arm-none-eabi/lib/thumb/v7-m/nofp\libc_nano.a(libc_a-mallocr.o)
                0x0800597c                _malloc_r
 .text.__malloc_lock
                0x08005a7c        0xc C:/ST/STM32CubeIDE_1.17.0/STM32CubeIDE/plugins/com.st.stm32cube.ide.mcu.externaltools.gnu-tools-for-stm32.12.3.rel1.win32_1.1.0.202410251130/tools/bin/../lib/gcc/arm-none-eabi/12.3.1/../../../../arm-none-eabi/lib/thumb/v7-m/nofp\libc_nano.a(libc_a-mlock.o)
                0x08005a7c                __malloc_lock
 .text.__malloc_unlock
                0x08005a88        0xc C:/ST/STM32CubeIDE_1.17.0/STM32CubeIDE/plugins/com.st.stm32cube.ide.mcu.externaltools.gnu-tools-for-stm32.12.3.rel1.win32_1.1.0.202410251130/tools/bin/../lib/gcc/arm-none-eabi/12.3.1/../../../../arm-none-eabi/lib/thumb/v7-m/nofp\libc_nano.a(libc_a-mlock.o)
                0x08005a88                __malloc_unlock
 .text.__ssputs_r
                0x08005a94       0xb6 C:/ST/STM32CubeIDE_1.17.0/STM32CubeIDE/plugins/com.st.stm32cube.ide.mcu.externaltools.gnu-tools-for-stm32.12.3.rel1.win32_1.1.0.202410251130/tools/bin/../lib/gcc/arm-none-eabi/12.3.1/../../../../arm-none-eabi/lib/thumb/v7-m/nofp\libc_nano.a(libc_a-nano-svfprintf.o)
                0x08005a94                __ssputs_r
 *fill*         0x08005b4a        0x2 
 .text._svfprintf_r
                0x08005b4c      0x1f8 C:/ST/STM32CubeIDE_1.17.0/STM32CubeIDE/plugins/com.st.stm32cube.ide.mcu.externaltools.gnu-tools-for-stm32.12.3.rel1.win32_1.1.0.202410251130/tools/bin/../lib/gcc/arm-none-eabi/12.3.1/../../../../arm-none-eabi/lib/thumb/v7-m/nofp\libc_nano.a(libc_a-nano-svfprintf.o)
                0x08005b4c                _svfiprintf_r
                0x08005b4c                _svfprintf_r
 .text._printf_common
                0x08005d44       0xe4 C:/ST/STM32CubeIDE_1.17.0/STM32CubeIDE/plugins/com.st.stm32cube.ide.mcu.externaltools.gnu-tools-for-stm32.12.3.rel1.win32_1.1.0.202410251130/tools/bin/../lib/gcc/arm-none-eabi/12.3.1/../../../../arm-none-eabi/lib/thumb/v7-m/nofp\libc_nano.a(libc_a-nano-vfprintf_i.o)
                0x08005d44                _printf_common
 .text._printf_i
                0x08005e28      0x240 C:/ST/STM32CubeIDE_1.17.0/STM32CubeIDE/plugins/com.st.stm32cube.ide.mcu.externaltools.gnu-tools-for-stm32.12.3.rel1.win32_1.1.0.202410251130/tools/bin/../lib/gcc/arm-none-eabi/12.3.1/../../../../arm-none-eabi/lib/thumb/v7-m/nofp\libc_nano.a(libc_a-nano-vfprintf_i.o)
                0x08005e28                _printf_i
 .text.memmove  0x08006068       0x34 C:/ST/STM32CubeIDE_1.17.0/STM32CubeIDE/plugins/com.st.stm32cube.ide.mcu.externaltools.gnu-tools-for-stm32.12.3.rel1.win32_1.1.0.202410251130/tools/bin/../lib/gcc/arm-none-eabi/12.3.1/../../../../arm-none-eabi/lib/thumb/v7-m/nofp\libc_nano.a(libc_a-memmove.o)
                0x08006068                memmove
 .text._sbrk_r  0x0800609c       0x20 C:/ST/STM32CubeIDE_1.17.0/STM32CubeIDE/plugins/com.st.stm32cube.ide.mcu.externaltools.gnu-tools-for-stm32.12.3.rel1.win32_1.1.0.202410251130/tools/bin/../lib/gcc/arm-none-eabi/12.3.1/../../../../arm-none-eabi/lib/thumb/v7-m/nofp\libc_nano.a(libc_a-sbrkr.o)
                0x0800609c                _sbrk_r
 .text.memchr   0x080060bc       0x1c C:/ST/STM32CubeIDE_1.17.0/STM32CubeIDE/plugins/com.st.stm32cube.ide.mcu.externaltools.gnu-tools-for-stm32.12.3.rel1.win32_1.1.0.202410251130/tools/bin/../lib/gcc/arm-none-eabi/12.3.1/../../../../arm-none-eabi/lib/thumb/v7-m/nofp\libc_nano.a(libc_a-memchr-stub.o)
                0x080060bc                memchr
 .text.memcpy   0x080060d8       0x1c C:/ST/STM32CubeIDE_1.17.0/STM32CubeIDE/plugins/com.st.stm32cube.ide.mcu.externaltools.gnu-tools-for-stm32.12.3.rel1.win32_1.1.0.202410251130/tools/bin/../lib/gcc/arm-none-eabi/12.3.1/../../../../arm-none-eabi/lib/thumb/v7-m/nofp\libc_nano.a(libc_a-memcpy-stub.o)
                0x080060d8                memcpy
 .text._realloc_r
                0x080060f4       0x5c C:/ST/STM32CubeIDE_1.17.0/STM32CubeIDE/plugins/com.st.stm32cube.ide.mcu.externaltools.gnu-tools-for-stm32.12.3.rel1.win32_1.1.0.202410251130/tools/bin/../lib/gcc/arm-none-eabi/12.3.1/../../../../arm-none-eabi/lib/thumb/v7-m/nofp\libc_nano.a(libc_a-reallocr.o)
                0x080060f4                _realloc_r
 .text._malloc_usable_size_r
                0x08006150       0x10 C:/ST/STM32CubeIDE_1.17.0/STM32CubeIDE/plugins/com.st.stm32cube.ide.mcu.externaltools.gnu-tools-for-stm32.12.3.rel1.win32_1.1.0.202410251130/tools/bin/../lib/gcc/arm-none-eabi/12.3.1/../../../../arm-none-eabi/lib/thumb/v7-m/nofp\libc_nano.a(libc_a-msizer.o)
                0x08006150                _malloc_usable_size_r
 *(.glue_7)
 .glue_7        0x08006160        0x0 linker stubs
 *(.glue_7t)
 .glue_7t       0x08006160        0x0 linker stubs
 *(.eh_frame)
 .eh_frame      0x08006160        0x0 C:/ST/STM32CubeIDE_1.17.0/STM32CubeIDE/plugins/com.st.stm32cube.ide.mcu.externaltools.gnu-tools-for-stm32.12.3.rel1.win32_1.1.0.202410251130/tools/bin/../lib/gcc/arm-none-eabi/12.3.1/thumb/v7-m/nofp/crtbegin.o
 *(.init)
 .init          0x08006160        0x4 C:/ST/STM32CubeIDE_1.17.0/STM32CubeIDE/plugins/com.st.stm32cube.ide.mcu.externaltools.gnu-tools-for-stm32.12.3.rel1.win32_1.1.0.202410251130/tools/bin/../lib/gcc/arm-none-eabi/12.3.1/thumb/v7-m/nofp/crti.o
                0x08006160                _init
 .init          0x08006164        0x8 C:/ST/STM32CubeIDE_1.17.0/STM32CubeIDE/plugins/com.st.stm32cube.ide.mcu.externaltools.gnu-tools-for-stm32.12.3.rel1.win32_1.1.0.202410251130/tools/bin/../lib/gcc/arm-none-eabi/12.3.1/thumb/v7-m/nofp/crtn.o
 *(.fini)
 .fini          0x0800616c        0x4 C:/ST/STM32CubeIDE_1.17.0/STM32CubeIDE/plugins/com.st.stm32cube.ide.mcu.externaltools.gnu-tools-for-stm32.12.3.rel1.win32_1.1.0.202410251130/tools/bin/../lib/gcc/arm-none-eabi/12.3.1/thumb/v7-m/nofp/crti.o
                0x0800616c                _fini
 .fini          0x08006170        0x8 C:/ST/STM32CubeIDE_1.17.0/STM32CubeIDE/plugins/com.st.stm32cube.ide.mcu.externaltools.gnu-tools-for-stm32.12.3.rel1.win32_1.1.0.202410251130/tools/bin/../lib/gcc/arm-none-eabi/12.3.1/thumb/v7-m/nofp/crtn.o
                0x08006178                        . = ALIGN (0x4)
                0x08006178                        _etext = .

.vfp11_veneer   0x08006178        0x0
 .vfp11_veneer  0x08006178        0x0 linker stubs

.v4_bx          0x08006178        0x0
 .v4_bx         0x08006178        0x0 linker stubs

.iplt           0x08006178        0x0
 .iplt          0x08006178        0x0 C:/ST/STM32CubeIDE_1.17.0/STM32CubeIDE/plugins/com.st.stm32cube.ide.mcu.externaltools.gnu-tools-for-stm32.12.3.rel1.win32_1.1.0.202410251130/tools/bin/../lib/gcc/arm-none-eabi/12.3.1/thumb/v7-m/nofp/crtbegin.o

.rodata         0x08006178      0x140
                0x08006178                        . = ALIGN (0x4)
 *(.rodata)
 .rodata        0x08006178       0x28 ./Core/Src/fsm_setting.o
 .rodata        0x080061a0       0xb5 ./Core/Src/i2c_lcd.o
 *(.rodata*)
 *fill*         0x08006255        0x3 
 .rodata.AHBPrescTable
                0x08006258       0x10 ./Core/Src/system_stm32f1xx.o
                0x08006258                AHBPrescTable
 .rodata.APBPrescTable
                0x08006268        0x8 ./Core/Src/system_stm32f1xx.o
                0x08006268                APBPrescTable
 .rodata.aPLLMULFactorTable.1
                0x08006270       0x10 ./Drivers/STM32F1xx_HAL_Driver/Src/stm32f1xx_hal_rcc.o
 .rodata.aPredivFactorTable.0
                0x08006280        0x2 ./Drivers/STM32F1xx_HAL_Driver/Src/stm32f1xx_hal_rcc.o
 .rodata._svfprintf_r.str1.1
                0x08006282       0x11 C:/ST/STM32CubeIDE_1.17.0/STM32CubeIDE/plugins/com.st.stm32cube.ide.mcu.externaltools.gnu-tools-for-stm32.12.3.rel1.win32_1.1.0.202410251130/tools/bin/../lib/gcc/arm-none-eabi/12.3.1/../../../../arm-none-eabi/lib/thumb/v7-m/nofp\libc_nano.a(libc_a-nano-svfprintf.o)
 .rodata._printf_i.str1.1
                0x08006293       0x22 C:/ST/STM32CubeIDE_1.17.0/STM32CubeIDE/plugins/com.st.stm32cube.ide.mcu.externaltools.gnu-tools-for-stm32.12.3.rel1.win32_1.1.0.202410251130/tools/bin/../lib/gcc/arm-none-eabi/12.3.1/../../../../arm-none-eabi/lib/thumb/v7-m/nofp\libc_nano.a(libc_a-nano-vfprintf_i.o)
                0x080062b8                        . = ALIGN (0x4)
 *fill*         0x080062b5        0x3 

.rel.dyn        0x080062b8        0x0
 .rel.iplt      0x080062b8        0x0 C:/ST/STM32CubeIDE_1.17.0/STM32CubeIDE/plugins/com.st.stm32cube.ide.mcu.externaltools.gnu-tools-for-stm32.12.3.rel1.win32_1.1.0.202410251130/tools/bin/../lib/gcc/arm-none-eabi/12.3.1/thumb/v7-m/nofp/crtbegin.o

.ARM.extab      0x080062b8        0x0
                0x080062b8                        . = ALIGN (0x4)
 *(.ARM.extab* .gnu.linkonce.armextab.*)
                0x080062b8                        . = ALIGN (0x4)

.ARM            0x080062b8        0x0
                0x080062b8                        . = ALIGN (0x4)
                0x080062b8                        __exidx_start = .
 *(.ARM.exidx*)
                0x080062b8                        __exidx_end = .
                0x080062b8                        . = ALIGN (0x4)

.preinit_array  0x080062b8        0x0
                0x080062b8                        . = ALIGN (0x4)
                0x080062b8                        PROVIDE (__preinit_array_start = .)
 *(.preinit_array*)
                0x080062b8                        PROVIDE (__preinit_array_end = .)
                0x080062b8                        . = ALIGN (0x4)

.init_array     0x080062b8        0x4
                0x080062b8                        . = ALIGN (0x4)
                0x080062b8                        PROVIDE (__init_array_start = .)
 *(SORT_BY_NAME(.init_array.*))
 *(.init_array*)
 .init_array    0x080062b8        0x4 C:/ST/STM32CubeIDE_1.17.0/STM32CubeIDE/plugins/com.st.stm32cube.ide.mcu.externaltools.gnu-tools-for-stm32.12.3.rel1.win32_1.1.0.202410251130/tools/bin/../lib/gcc/arm-none-eabi/12.3.1/thumb/v7-m/nofp/crtbegin.o
                0x080062bc                        PROVIDE (__init_array_end = .)
                0x080062bc                        . = ALIGN (0x4)

.fini_array     0x080062bc        0x4
                0x080062bc                        . = ALIGN (0x4)
                [!provide]                        PROVIDE (__fini_array_start = .)
 *(SORT_BY_NAME(.fini_array.*))
 *(.fini_array*)
 .fini_array    0x080062bc        0x4 C:/ST/STM32CubeIDE_1.17.0/STM32CubeIDE/plugins/com.st.stm32cube.ide.mcu.externaltools.gnu-tools-for-stm32.12.3.rel1.win32_1.1.0.202410251130/tools/bin/../lib/gcc/arm-none-eabi/12.3.1/thumb/v7-m/nofp/crtbegin.o
                [!provide]                        PROVIDE (__fini_array_end = .)
                0x080062c0                        . = ALIGN (0x4)
                0x080062c0                        _sidata = LOADADDR (.data)

.data           0x20000000       0x98 load address 0x080062c0
                0x20000000                        . = ALIGN (0x4)
                0x20000000                        _sdata = .
 *(.data)
 *(.data*)
 .data.TimeOutForKeyPress
                0x20000000        0x4 ./Core/Src/button.o
                0x20000000                TimeOutForKeyPress
 .data.status   0x20000004        0x4 ./Core/Src/command_parser_fsm.o
                0x20000004                status
 .data.buffer   0x20000008       0x1e ./Core/Src/command_parser_fsm.o
                0x20000008                buffer
 *fill*         0x20000026        0x2 
 .data.status_fsm
                0x20000028        0x4 ./Core/Src/fsm_autorun.o
                0x20000028                status_fsm
 .data.status_ld
                0x2000002c        0x4 ./Core/Src/fsm_setting.o
                0x2000002c                status_ld
 .data.red_time
                0x20000030        0x4 ./Core/Src/global.o
                0x20000030                red_time
 .data.yellow_time
                0x20000034        0x4 ./Core/Src/global.o
                0x20000034                yellow_time
 .data.green_time
                0x20000038        0x4 ./Core/Src/global.o
                0x20000038                green_time
 .data.SystemCoreClock
                0x2000003c        0x4 ./Core/Src/system_stm32f1xx.o
                0x2000003c                SystemCoreClock
 .data.uwTickPrio
                0x20000040        0x4 ./Drivers/STM32F1xx_HAL_Driver/Src/stm32f1xx_hal.o
                0x20000040                uwTickPrio
 .data.uwTickFreq
                0x20000044        0x1 ./Drivers/STM32F1xx_HAL_Driver/Src/stm32f1xx_hal.o
                0x20000044                uwTickFreq
 *fill*         0x20000045        0x3 
 .data._impure_ptr
                0x20000048        0x4 C:/ST/STM32CubeIDE_1.17.0/STM32CubeIDE/plugins/com.st.stm32cube.ide.mcu.externaltools.gnu-tools-for-stm32.12.3.rel1.win32_1.1.0.202410251130/tools/bin/../lib/gcc/arm-none-eabi/12.3.1/../../../../arm-none-eabi/lib/thumb/v7-m/nofp\libc_nano.a(libc_a-impure.o)
                0x20000048                _impure_ptr
 .data._impure_data
                0x2000004c       0x4c C:/ST/STM32CubeIDE_1.17.0/STM32CubeIDE/plugins/com.st.stm32cube.ide.mcu.externaltools.gnu-tools-for-stm32.12.3.rel1.win32_1.1.0.202410251130/tools/bin/../lib/gcc/arm-none-eabi/12.3.1/../../../../arm-none-eabi/lib/thumb/v7-m/nofp\libc_nano.a(libc_a-impure.o)
                0x2000004c                _impure_data
 *(.RamFunc)
 *(.RamFunc*)
                0x20000098                        . = ALIGN (0x4)
                0x20000098                        _edata = .

.igot.plt       0x20000098        0x0 load address 0x08006358
 .igot.plt      0x20000098        0x0 C:/ST/STM32CubeIDE_1.17.0/STM32CubeIDE/plugins/com.st.stm32cube.ide.mcu.externaltools.gnu-tools-for-stm32.12.3.rel1.win32_1.1.0.202410251130/tools/bin/../lib/gcc/arm-none-eabi/12.3.1/thumb/v7-m/nofp/crtbegin.o
                0x20000098                        . = ALIGN (0x4)

.bss            0x20000098      0x37c load address 0x08006358
                0x20000098                        _sbss = .
                0x20000098                        __bss_start__ = _sbss
 *(.bss)
 .bss           0x20000098       0x1c C:/ST/STM32CubeIDE_1.17.0/STM32CubeIDE/plugins/com.st.stm32cube.ide.mcu.externaltools.gnu-tools-for-stm32.12.3.rel1.win32_1.1.0.202410251130/tools/bin/../lib/gcc/arm-none-eabi/12.3.1/thumb/v7-m/nofp/crtbegin.o
 *(.bss*)
 .bss.KeyReg    0x200000b4       0x28 ./Core/Src/button.o
                0x200000b4                KeyReg
 .bss.button_long_pressed
                0x200000dc       0x28 ./Core/Src/button.o
                0x200000dc                button_long_pressed
 .bss.button_flag
                0x20000104       0x28 ./Core/Src/button.o
                0x20000104                button_flag
 .bss.state     0x2000012c       0x28 ./Core/Src/button.o
                0x2000012c                state
 .bss.temp      0x20000154        0x1 ./Core/Src/command_parser_fsm.o
                0x20000154                temp
 .bss.index_buffer
                0x20000155        0x1 ./Core/Src/command_parser_fsm.o
                0x20000155                index_buffer
 .bss.idx       0x20000156        0x1 ./Core/Src/command_parser_fsm.o
                0x20000156                idx
 .bss.buffer_flag
                0x20000157        0x1 ./Core/Src/command_parser_fsm.o
                0x20000157                buffer_flag
 .bss.run_flag  0x20000158        0x1 ./Core/Src/command_parser_fsm.o
                0x20000158                run_flag
 .bss.ry_flag   0x20000159        0x1 ./Core/Src/command_parser_fsm.o
                0x20000159                ry_flag
 .bss.rg_flag   0x2000015a        0x1 ./Core/Src/command_parser_fsm.o
                0x2000015a                rg_flag
 .bss.yr_flag   0x2000015b        0x1 ./Core/Src/command_parser_fsm.o
                0x2000015b                yr_flag
 .bss.gr_flag   0x2000015c        0x1 ./Core/Src/command_parser_fsm.o
                0x2000015c                gr_flag
 .bss.set_flag  0x2000015d        0x1 ./Core/Src/command_parser_fsm.o
                0x2000015d                set_flag
 .bss.man_flag  0x2000015e        0x1 ./Core/Src/command_parser_fsm.o
                0x2000015e                man_flag
 .bss.data_flag
                0x2000015f        0x1 ./Core/Src/command_parser_fsm.o
                0x2000015f                data_flag
 .bss.process_idx
                0x20000160        0x4 ./Core/Src/command_parser_fsm.o
                0x20000160                process_idx
 .bss.old_process_idx
                0x20000164        0x4 ./Core/Src/command_parser_fsm.o
                0x20000164                old_process_idx
 .bss.red_time_increase
                0x20000168        0x4 ./Core/Src/fsm_setting.o
                0x20000168                red_time_increase
 .bss.green_time_increase
                0x2000016c        0x4 ./Core/Src/fsm_setting.o
                0x2000016c                green_time_increase
 .bss.yellow_time_increase
                0x20000170        0x4 ./Core/Src/fsm_setting.o
                0x20000170                yellow_time_increase
 .bss.lcd_red_time
                0x20000174        0x4 ./Core/Src/global.o
                0x20000174                lcd_red_time
 .bss.lcd_green_time
                0x20000178        0x4 ./Core/Src/global.o
                0x20000178                lcd_green_time
 .bss.lcd_yellow_time
                0x2000017c        0x4 ./Core/Src/global.o
                0x2000017c                lcd_yellow_time
 .bss.lcd_buf   0x20000180       0x10 ./Core/Src/i2c_lcd.o
                0x20000180                lcd_buf
 .bss.hi2c1     0x20000190       0x54 ./Core/Src/main.o
                0x20000190                hi2c1
 .bss.htim2     0x200001e4       0x48 ./Core/Src/main.o
                0x200001e4                htim2
 .bss.huart3    0x2000022c       0x48 ./Core/Src/main.o
                0x2000022c                huart3
 .bss.__sbrk_heap_end
                0x20000274        0x4 ./Core/Src/sysmem.o
 .bss.software_timer
                0x20000278       0x28 ./Core/Src/timer.o
                0x20000278                software_timer
 .bss.flag_timer
                0x200002a0       0x28 ./Core/Src/timer.o
                0x200002a0                flag_timer
 .bss.uwTick    0x200002c8        0x4 ./Drivers/STM32F1xx_HAL_Driver/Src/stm32f1xx_hal.o
                0x200002c8                uwTick
 .bss.__sf      0x200002cc      0x138 C:/ST/STM32CubeIDE_1.17.0/STM32CubeIDE/plugins/com.st.stm32cube.ide.mcu.externaltools.gnu-tools-for-stm32.12.3.rel1.win32_1.1.0.202410251130/tools/bin/../lib/gcc/arm-none-eabi/12.3.1/../../../../arm-none-eabi/lib/thumb/v7-m/nofp\libc_nano.a(libc_a-findfp.o)
                0x200002cc                __sf
 .bss.errno     0x20000404        0x4 C:/ST/STM32CubeIDE_1.17.0/STM32CubeIDE/plugins/com.st.stm32cube.ide.mcu.externaltools.gnu-tools-for-stm32.12.3.rel1.win32_1.1.0.202410251130/tools/bin/../lib/gcc/arm-none-eabi/12.3.1/../../../../arm-none-eabi/lib/thumb/v7-m/nofp\libc_nano.a(libc_a-reent.o)
                0x20000404                errno
 .bss.__lock___malloc_recursive_mutex
                0x20000408        0x1 C:/ST/STM32CubeIDE_1.17.0/STM32CubeIDE/plugins/com.st.stm32cube.ide.mcu.externaltools.gnu-tools-for-stm32.12.3.rel1.win32_1.1.0.202410251130/tools/bin/../lib/gcc/arm-none-eabi/12.3.1/../../../../arm-none-eabi/lib/thumb/v7-m/nofp\libc_nano.a(libc_a-lock.o)
                0x20000408                __lock___malloc_recursive_mutex
 *fill*         0x20000409        0x3 
 .bss.__malloc_sbrk_start
                0x2000040c        0x4 C:/ST/STM32CubeIDE_1.17.0/STM32CubeIDE/plugins/com.st.stm32cube.ide.mcu.externaltools.gnu-tools-for-stm32.12.3.rel1.win32_1.1.0.202410251130/tools/bin/../lib/gcc/arm-none-eabi/12.3.1/../../../../arm-none-eabi/lib/thumb/v7-m/nofp\libc_nano.a(libc_a-mallocr.o)
                0x2000040c                __malloc_sbrk_start
 .bss.__malloc_free_list
                0x20000410        0x4 C:/ST/STM32CubeIDE_1.17.0/STM32CubeIDE/plugins/com.st.stm32cube.ide.mcu.externaltools.gnu-tools-for-stm32.12.3.rel1.win32_1.1.0.202410251130/tools/bin/../lib/gcc/arm-none-eabi/12.3.1/../../../../arm-none-eabi/lib/thumb/v7-m/nofp\libc_nano.a(libc_a-mallocr.o)
                0x20000410                __malloc_free_list
 *(COMMON)
                0x20000414                        . = ALIGN (0x4)
                0x20000414                        _ebss = .
                0x20000414                        __bss_end__ = _ebss

._user_heap_stack
                0x20000414      0x604 load address 0x08006358
                0x20000418                        . = ALIGN (0x8)
 *fill*         0x20000414        0x4 
                [!provide]                        PROVIDE (end = .)
                0x20000418                        PROVIDE (_end = .)
                0x20000618                        . = (. + _Min_Heap_Size)
 *fill*         0x20000418      0x200 
                0x20000a18                        . = (. + _Min_Stack_Size)
 *fill*         0x20000618      0x400 
                0x20000a18                        . = ALIGN (0x8)

/DISCARD/
 libc.a(*)
 libm.a(*)
 libgcc.a(*)

.ARM.attributes
                0x00000000       0x29
 *(.ARM.attributes)
 .ARM.attributes
                0x00000000       0x1d C:/ST/STM32CubeIDE_1.17.0/STM32CubeIDE/plugins/com.st.stm32cube.ide.mcu.externaltools.gnu-tools-for-stm32.12.3.rel1.win32_1.1.0.202410251130/tools/bin/../lib/gcc/arm-none-eabi/12.3.1/thumb/v7-m/nofp/crti.o
 .ARM.attributes
                0x0000001d       0x2d C:/ST/STM32CubeIDE_1.17.0/STM32CubeIDE/plugins/com.st.stm32cube.ide.mcu.externaltools.gnu-tools-for-stm32.12.3.rel1.win32_1.1.0.202410251130/tools/bin/../lib/gcc/arm-none-eabi/12.3.1/thumb/v7-m/nofp/crtbegin.o
 .ARM.attributes
                0x0000004a       0x2d ./Core/Src/button.o
 .ARM.attributes
                0x00000077       0x2d ./Core/Src/command_parser_fsm.o
 .ARM.attributes
                0x000000a4       0x2d ./Core/Src/fsm_autorun.o
 .ARM.attributes
                0x000000d1       0x2d ./Core/Src/fsm_manual.o
 .ARM.attributes
                0x000000fe       0x2d ./Core/Src/fsm_setting.o
 .ARM.attributes
                0x0000012b       0x2d ./Core/Src/global.o
 .ARM.attributes
                0x00000158       0x2d ./Core/Src/i2c_lcd.o
 .ARM.attributes
                0x00000185       0x2d ./Core/Src/light_traffic.o
 .ARM.attributes
                0x000001b2       0x2d ./Core/Src/main.o
 .ARM.attributes
                0x000001df       0x2d ./Core/Src/remote.o
 .ARM.attributes
                0x0000020c       0x2d ./Core/Src/server_flag_processing.o
 .ARM.attributes
                0x00000239       0x2d ./Core/Src/stm32f1xx_hal_msp.o
 .ARM.attributes
                0x00000266       0x2d ./Core/Src/stm32f1xx_it.o
 .ARM.attributes
                0x00000293       0x2d ./Core/Src/sysmem.o
 .ARM.attributes
                0x000002c0       0x2d ./Core/Src/system_stm32f1xx.o
 .ARM.attributes
                0x000002ed       0x2d ./Core/Src/timer.o
 .ARM.attributes
                0x0000031a       0x21 ./Core/Startup/startup_stm32f103rbtx.o
 .ARM.attributes
                0x0000033b       0x2d ./Drivers/STM32F1xx_HAL_Driver/Src/stm32f1xx_hal.o
 .ARM.attributes
                0x00000368       0x2d ./Drivers/STM32F1xx_HAL_Driver/Src/stm32f1xx_hal_cortex.o
 .ARM.attributes
                0x00000395       0x2d ./Drivers/STM32F1xx_HAL_Driver/Src/stm32f1xx_hal_dma.o
 .ARM.attributes
                0x000003c2       0x2d ./Drivers/STM32F1xx_HAL_Driver/Src/stm32f1xx_hal_gpio.o
 .ARM.attributes
                0x000003ef       0x2d ./Drivers/STM32F1xx_HAL_Driver/Src/stm32f1xx_hal_i2c.o
 .ARM.attributes
                0x0000041c       0x2d ./Drivers/STM32F1xx_HAL_Driver/Src/stm32f1xx_hal_rcc.o
 .ARM.attributes
                0x00000449       0x2d ./Drivers/STM32F1xx_HAL_Driver/Src/stm32f1xx_hal_tim.o
 .ARM.attributes
                0x00000476       0x2d ./Drivers/STM32F1xx_HAL_Driver/Src/stm32f1xx_hal_tim_ex.o
 .ARM.attributes
                0x000004a3       0x2d ./Drivers/STM32F1xx_HAL_Driver/Src/stm32f1xx_hal_uart.o
 .ARM.attributes
                0x000004d0       0x2d C:/ST/STM32CubeIDE_1.17.0/STM32CubeIDE/plugins/com.st.stm32cube.ide.mcu.externaltools.gnu-tools-for-stm32.12.3.rel1.win32_1.1.0.202410251130/tools/bin/../lib/gcc/arm-none-eabi/12.3.1/../../../../arm-none-eabi/lib/thumb/v7-m/nofp\libc_nano.a(libc_a-findfp.o)
 .ARM.attributes
                0x000004fd       0x2d C:/ST/STM32CubeIDE_1.17.0/STM32CubeIDE/plugins/com.st.stm32cube.ide.mcu.externaltools.gnu-tools-for-stm32.12.3.rel1.win32_1.1.0.202410251130/tools/bin/../lib/gcc/arm-none-eabi/12.3.1/../../../../arm-none-eabi/lib/thumb/v7-m/nofp\libc_nano.a(libc_a-sprintf.o)
 .ARM.attributes
                0x0000052a       0x2d C:/ST/STM32CubeIDE_1.17.0/STM32CubeIDE/plugins/com.st.stm32cube.ide.mcu.externaltools.gnu-tools-for-stm32.12.3.rel1.win32_1.1.0.202410251130/tools/bin/../lib/gcc/arm-none-eabi/12.3.1/../../../../arm-none-eabi/lib/thumb/v7-m/nofp\libc_nano.a(libc_a-memset.o)
 .ARM.attributes
                0x00000557       0x2d C:/ST/STM32CubeIDE_1.17.0/STM32CubeIDE/plugins/com.st.stm32cube.ide.mcu.externaltools.gnu-tools-for-stm32.12.3.rel1.win32_1.1.0.202410251130/tools/bin/../lib/gcc/arm-none-eabi/12.3.1/../../../../arm-none-eabi/lib/thumb/v7-m/nofp\libc_nano.a(libc_a-reent.o)
 .ARM.attributes
                0x00000584       0x2d C:/ST/STM32CubeIDE_1.17.0/STM32CubeIDE/plugins/com.st.stm32cube.ide.mcu.externaltools.gnu-tools-for-stm32.12.3.rel1.win32_1.1.0.202410251130/tools/bin/../lib/gcc/arm-none-eabi/12.3.1/../../../../arm-none-eabi/lib/thumb/v7-m/nofp\libc_nano.a(libc_a-impure.o)
 .ARM.attributes
                0x000005b1       0x2d C:/ST/STM32CubeIDE_1.17.0/STM32CubeIDE/plugins/com.st.stm32cube.ide.mcu.externaltools.gnu-tools-for-stm32.12.3.rel1.win32_1.1.0.202410251130/tools/bin/../lib/gcc/arm-none-eabi/12.3.1/../../../../arm-none-eabi/lib/thumb/v7-m/nofp\libc_nano.a(libc_a-errno.o)
 .ARM.attributes
                0x000005de       0x2d C:/ST/STM32CubeIDE_1.17.0/STM32CubeIDE/plugins/com.st.stm32cube.ide.mcu.externaltools.gnu-tools-for-stm32.12.3.rel1.win32_1.1.0.202410251130/tools/bin/../lib/gcc/arm-none-eabi/12.3.1/../../../../arm-none-eabi/lib/thumb/v7-m/nofp\libc_nano.a(libc_a-init.o)
 .ARM.attributes
                0x0000060b       0x2d C:/ST/STM32CubeIDE_1.17.0/STM32CubeIDE/plugins/com.st.stm32cube.ide.mcu.externaltools.gnu-tools-for-stm32.12.3.rel1.win32_1.1.0.202410251130/tools/bin/../lib/gcc/arm-none-eabi/12.3.1/../../../../arm-none-eabi/lib/thumb/v7-m/nofp\libc_nano.a(libc_a-lock.o)
 .ARM.attributes
                0x00000638       0x2d C:/ST/STM32CubeIDE_1.17.0/STM32CubeIDE/plugins/com.st.stm32cube.ide.mcu.externaltools.gnu-tools-for-stm32.12.3.rel1.win32_1.1.0.202410251130/tools/bin/../lib/gcc/arm-none-eabi/12.3.1/../../../../arm-none-eabi/lib/thumb/v7-m/nofp\libc_nano.a(libc_a-freer.o)
 .ARM.attributes
                0x00000665       0x2d C:/ST/STM32CubeIDE_1.17.0/STM32CubeIDE/plugins/com.st.stm32cube.ide.mcu.externaltools.gnu-tools-for-stm32.12.3.rel1.win32_1.1.0.202410251130/tools/bin/../lib/gcc/arm-none-eabi/12.3.1/../../../../arm-none-eabi/lib/thumb/v7-m/nofp\libc_nano.a(libc_a-mallocr.o)
 .ARM.attributes
                0x00000692       0x2d C:/ST/STM32CubeIDE_1.17.0/STM32CubeIDE/plugins/com.st.stm32cube.ide.mcu.externaltools.gnu-tools-for-stm32.12.3.rel1.win32_1.1.0.202410251130/tools/bin/../lib/gcc/arm-none-eabi/12.3.1/../../../../arm-none-eabi/lib/thumb/v7-m/nofp\libc_nano.a(libc_a-mlock.o)
 .ARM.attributes
                0x000006bf       0x2d C:/ST/STM32CubeIDE_1.17.0/STM32CubeIDE/plugins/com.st.stm32cube.ide.mcu.externaltools.gnu-tools-for-stm32.12.3.rel1.win32_1.1.0.202410251130/tools/bin/../lib/gcc/arm-none-eabi/12.3.1/../../../../arm-none-eabi/lib/thumb/v7-m/nofp\libc_nano.a(libc_a-nano-svfprintf.o)
 .ARM.attributes
                0x000006ec       0x2d C:/ST/STM32CubeIDE_1.17.0/STM32CubeIDE/plugins/com.st.stm32cube.ide.mcu.externaltools.gnu-tools-for-stm32.12.3.rel1.win32_1.1.0.202410251130/tools/bin/../lib/gcc/arm-none-eabi/12.3.1/../../../../arm-none-eabi/lib/thumb/v7-m/nofp\libc_nano.a(libc_a-nano-vfprintf_i.o)
 .ARM.attributes
                0x00000719       0x2d C:/ST/STM32CubeIDE_1.17.0/STM32CubeIDE/plugins/com.st.stm32cube.ide.mcu.externaltools.gnu-tools-for-stm32.12.3.rel1.win32_1.1.0.202410251130/tools/bin/../lib/gcc/arm-none-eabi/12.3.1/../../../../arm-none-eabi/lib/thumb/v7-m/nofp\libc_nano.a(libc_a-memmove.o)
 .ARM.attributes
                0x00000746       0x2d C:/ST/STM32CubeIDE_1.17.0/STM32CubeIDE/plugins/com.st.stm32cube.ide.mcu.externaltools.gnu-tools-for-stm32.12.3.rel1.win32_1.1.0.202410251130/tools/bin/../lib/gcc/arm-none-eabi/12.3.1/../../../../arm-none-eabi/lib/thumb/v7-m/nofp\libc_nano.a(libc_a-sbrkr.o)
 .ARM.attributes
                0x00000773       0x2d C:/ST/STM32CubeIDE_1.17.0/STM32CubeIDE/plugins/com.st.stm32cube.ide.mcu.externaltools.gnu-tools-for-stm32.12.3.rel1.win32_1.1.0.202410251130/tools/bin/../lib/gcc/arm-none-eabi/12.3.1/../../../../arm-none-eabi/lib/thumb/v7-m/nofp\libc_nano.a(libc_a-memchr-stub.o)
 .ARM.attributes
                0x000007a0       0x2d C:/ST/STM32CubeIDE_1.17.0/STM32CubeIDE/plugins/com.st.stm32cube.ide.mcu.externaltools.gnu-tools-for-stm32.12.3.rel1.win32_1.1.0.202410251130/tools/bin/../lib/gcc/arm-none-eabi/12.3.1/../../../../arm-none-eabi/lib/thumb/v7-m/nofp\libc_nano.a(libc_a-memcpy-stub.o)
 .ARM.attributes
                0x000007cd       0x2d C:/ST/STM32CubeIDE_1.17.0/STM32CubeIDE/plugins/com.st.stm32cube.ide.mcu.externaltools.gnu-tools-for-stm32.12.3.rel1.win32_1.1.0.202410251130/tools/bin/../lib/gcc/arm-none-eabi/12.3.1/../../../../arm-none-eabi/lib/thumb/v7-m/nofp\libc_nano.a(libc_a-reallocr.o)
 .ARM.attributes
                0x000007fa       0x2d C:/ST/STM32CubeIDE_1.17.0/STM32CubeIDE/plugins/com.st.stm32cube.ide.mcu.externaltools.gnu-tools-for-stm32.12.3.rel1.win32_1.1.0.202410251130/tools/bin/../lib/gcc/arm-none-eabi/12.3.1/../../../../arm-none-eabi/lib/thumb/v7-m/nofp\libc_nano.a(libc_a-msizer.o)
 .ARM.attributes
                0x00000827       0x1d C:/ST/STM32CubeIDE_1.17.0/STM32CubeIDE/plugins/com.st.stm32cube.ide.mcu.externaltools.gnu-tools-for-stm32.12.3.rel1.win32_1.1.0.202410251130/tools/bin/../lib/gcc/arm-none-eabi/12.3.1/thumb/v7-m/nofp/crtn.o
OUTPUT(PROJECT_STM32F103RB_NUCLEO.elf elf32-littlearm)
LOAD linker stubs
LOAD C:/ST/STM32CubeIDE_1.17.0/STM32CubeIDE/plugins/com.st.stm32cube.ide.mcu.externaltools.gnu-tools-for-stm32.12.3.rel1.win32_1.1.0.202410251130/tools/bin/../lib/gcc/arm-none-eabi/12.3.1/../../../../arm-none-eabi/lib/thumb/v7-m/nofp\libc.a
LOAD C:/ST/STM32CubeIDE_1.17.0/STM32CubeIDE/plugins/com.st.stm32cube.ide.mcu.externaltools.gnu-tools-for-stm32.12.3.rel1.win32_1.1.0.202410251130/tools/bin/../lib/gcc/arm-none-eabi/12.3.1/../../../../arm-none-eabi/lib/thumb/v7-m/nofp\libm.a
LOAD C:/ST/STM32CubeIDE_1.17.0/STM32CubeIDE/plugins/com.st.stm32cube.ide.mcu.externaltools.gnu-tools-for-stm32.12.3.rel1.win32_1.1.0.202410251130/tools/bin/../lib/gcc/arm-none-eabi/12.3.1/thumb/v7-m/nofp\libgcc.a

.debug_info     0x00000000    0x10c54
 .debug_info    0x00000000      0x25b ./Core/Src/button.o
 .debug_info    0x0000025b      0x937 ./Core/Src/command_parser_fsm.o
 .debug_info    0x00000b92      0x161 ./Core/Src/fsm_autorun.o
 .debug_info    0x00000cf3      0x105 ./Core/Src/fsm_manual.o
 .debug_info    0x00000df8      0x1c0 ./Core/Src/fsm_setting.o
 .debug_info    0x00000fb8       0xfb ./Core/Src/global.o
 .debug_info    0x000010b3      0x832 ./Core/Src/i2c_lcd.o
 .debug_info    0x000018e5      0x1f7 ./Core/Src/light_traffic.o
 .debug_info    0x00001adc     0x13b5 ./Core/Src/main.o
 .debug_info    0x00002e91       0x9f ./Core/Src/remote.o
 .debug_info    0x00002f30      0x6f6 ./Core/Src/server_flag_processing.o
 .debug_info    0x00003626     0x1084 ./Core/Src/stm32f1xx_hal_msp.o
 .debug_info    0x000046aa      0x96e ./Core/Src/stm32f1xx_it.o
 .debug_info    0x00005018      0x168 ./Core/Src/sysmem.o
 .debug_info    0x00005180      0x222 ./Core/Src/system_stm32f1xx.o
 .debug_info    0x000053a2       0xd0 ./Core/Src/timer.o
 .debug_info    0x00005472      0x704 ./Drivers/STM32F1xx_HAL_Driver/Src/stm32f1xx_hal.o
 .debug_info    0x00005b76      0xa87 ./Drivers/STM32F1xx_HAL_Driver/Src/stm32f1xx_hal_cortex.o
 .debug_info    0x000065fd      0x6d2 ./Drivers/STM32F1xx_HAL_Driver/Src/stm32f1xx_hal_dma.o
 .debug_info    0x00006ccf      0x5ab ./Drivers/STM32F1xx_HAL_Driver/Src/stm32f1xx_hal_gpio.o
 .debug_info    0x0000727a     0x2524 ./Drivers/STM32F1xx_HAL_Driver/Src/stm32f1xx_hal_i2c.o
 .debug_info    0x0000979e      0x7d5 ./Drivers/STM32F1xx_HAL_Driver/Src/stm32f1xx_hal_rcc.o
 .debug_info    0x00009f73     0x2959 ./Drivers/STM32F1xx_HAL_Driver/Src/stm32f1xx_hal_tim.o
 .debug_info    0x0000c8cc     0x149b ./Drivers/STM32F1xx_HAL_Driver/Src/stm32f1xx_hal_tim_ex.o
 .debug_info    0x0000dd67     0x2eed ./Drivers/STM32F1xx_HAL_Driver/Src/stm32f1xx_hal_uart.o

.debug_abbrev   0x00000000     0x2af5
 .debug_abbrev  0x00000000      0x17e ./Core/Src/button.o
 .debug_abbrev  0x0000017e      0x20a ./Core/Src/command_parser_fsm.o
 .debug_abbrev  0x00000388       0xc1 ./Core/Src/fsm_autorun.o
 .debug_abbrev  0x00000449       0xb4 ./Core/Src/fsm_manual.o
 .debug_abbrev  0x000004fd       0xf7 ./Core/Src/fsm_setting.o
 .debug_abbrev  0x000005f4       0x4e ./Core/Src/global.o
 .debug_abbrev  0x00000642      0x235 ./Core/Src/i2c_lcd.o
 .debug_abbrev  0x00000877       0xec ./Core/Src/light_traffic.o
 .debug_abbrev  0x00000963      0x362 ./Core/Src/main.o
 .debug_abbrev  0x00000cc5       0x45 ./Core/Src/remote.o
 .debug_abbrev  0x00000d0a      0x18b ./Core/Src/server_flag_processing.o
 .debug_abbrev  0x00000e95      0x1dd ./Core/Src/stm32f1xx_hal_msp.o
 .debug_abbrev  0x00001072      0x1b0 ./Core/Src/stm32f1xx_it.o
 .debug_abbrev  0x00001222       0xbc ./Core/Src/sysmem.o
 .debug_abbrev  0x000012de      0x13f ./Core/Src/system_stm32f1xx.o
 .debug_abbrev  0x0000141d       0xc3 ./Core/Src/timer.o
 .debug_abbrev  0x000014e0      0x201 ./Drivers/STM32F1xx_HAL_Driver/Src/stm32f1xx_hal.o
 .debug_abbrev  0x000016e1      0x2f8 ./Drivers/STM32F1xx_HAL_Driver/Src/stm32f1xx_hal_cortex.o
 .debug_abbrev  0x000019d9      0x20b ./Drivers/STM32F1xx_HAL_Driver/Src/stm32f1xx_hal_dma.o
 .debug_abbrev  0x00001be4      0x1ca ./Drivers/STM32F1xx_HAL_Driver/Src/stm32f1xx_hal_gpio.o
 .debug_abbrev  0x00001dae      0x2a3 ./Drivers/STM32F1xx_HAL_Driver/Src/stm32f1xx_hal_i2c.o
 .debug_abbrev  0x00002051      0x2b3 ./Drivers/STM32F1xx_HAL_Driver/Src/stm32f1xx_hal_rcc.o
 .debug_abbrev  0x00002304      0x277 ./Drivers/STM32F1xx_HAL_Driver/Src/stm32f1xx_hal_tim.o
 .debug_abbrev  0x0000257b      0x282 ./Drivers/STM32F1xx_HAL_Driver/Src/stm32f1xx_hal_tim_ex.o
 .debug_abbrev  0x000027fd      0x2f8 ./Drivers/STM32F1xx_HAL_Driver/Src/stm32f1xx_hal_uart.o

.debug_aranges  0x00000000     0x1118
 .debug_aranges
                0x00000000       0x30 ./Core/Src/button.o
 .debug_aranges
                0x00000030       0xc0 ./Core/Src/command_parser_fsm.o
 .debug_aranges
                0x000000f0       0x20 ./Core/Src/fsm_autorun.o
 .debug_aranges
                0x00000110       0x20 ./Core/Src/fsm_manual.o
 .debug_aranges
                0x00000130       0x20 ./Core/Src/fsm_setting.o
 .debug_aranges
                0x00000150       0x18 ./Core/Src/global.o
 .debug_aranges
                0x00000168       0x50 ./Core/Src/i2c_lcd.o
 .debug_aranges
                0x000001b8       0x58 ./Core/Src/light_traffic.o
 .debug_aranges
                0x00000210       0x58 ./Core/Src/main.o
 .debug_aranges
                0x00000268       0x28 ./Core/Src/remote.o
 .debug_aranges
                0x00000290       0x20 ./Core/Src/server_flag_processing.o
 .debug_aranges
                0x000002b0       0x50 ./Core/Src/stm32f1xx_hal_msp.o
 .debug_aranges
                0x00000300       0x78 ./Core/Src/stm32f1xx_it.o
 .debug_aranges
                0x00000378       0x20 ./Core/Src/sysmem.o
 .debug_aranges
                0x00000398       0x28 ./Core/Src/system_stm32f1xx.o
 .debug_aranges
                0x000003c0       0x28 ./Core/Src/timer.o
 .debug_aranges
                0x000003e8       0xe0 ./Drivers/STM32F1xx_HAL_Driver/Src/stm32f1xx_hal.o
 .debug_aranges
                0x000004c8      0x100 ./Drivers/STM32F1xx_HAL_Driver/Src/stm32f1xx_hal_cortex.o
 .debug_aranges
                0x000005c8       0x80 ./Drivers/STM32F1xx_HAL_Driver/Src/stm32f1xx_hal_dma.o
 .debug_aranges
                0x00000648       0x58 ./Drivers/STM32F1xx_HAL_Driver/Src/stm32f1xx_hal_gpio.o
 .debug_aranges
                0x000006a0      0x2a8 ./Drivers/STM32F1xx_HAL_Driver/Src/stm32f1xx_hal_i2c.o
 .debug_aranges
                0x00000948       0x90 ./Drivers/STM32F1xx_HAL_Driver/Src/stm32f1xx_hal_rcc.o
 .debug_aranges
                0x000009d8      0x3d0 ./Drivers/STM32F1xx_HAL_Driver/Src/stm32f1xx_hal_tim.o
 .debug_aranges
                0x00000da8      0x168 ./Drivers/STM32F1xx_HAL_Driver/Src/stm32f1xx_hal_tim_ex.o
 .debug_aranges
                0x00000f10      0x208 ./Drivers/STM32F1xx_HAL_Driver/Src/stm32f1xx_hal_uart.o

.debug_rnglists
                0x00000000      0xd43
 .debug_rnglists
                0x00000000       0x20 ./Core/Src/button.o
 .debug_rnglists
                0x00000020       0x8c ./Core/Src/command_parser_fsm.o
 .debug_rnglists
                0x000000ac       0x14 ./Core/Src/fsm_autorun.o
 .debug_rnglists
                0x000000c0       0x14 ./Core/Src/fsm_manual.o
 .debug_rnglists
                0x000000d4       0x14 ./Core/Src/fsm_setting.o
 .debug_rnglists
                0x000000e8       0x38 ./Core/Src/i2c_lcd.o
 .debug_rnglists
                0x00000120       0x3d ./Core/Src/light_traffic.o
 .debug_rnglists
                0x0000015d       0x41 ./Core/Src/main.o
 .debug_rnglists
                0x0000019e       0x19 ./Core/Src/remote.o
 .debug_rnglists
                0x000001b7       0x14 ./Core/Src/server_flag_processing.o
 .debug_rnglists
                0x000001cb       0x39 ./Core/Src/stm32f1xx_hal_msp.o
 .debug_rnglists
                0x00000204       0x55 ./Core/Src/stm32f1xx_it.o
 .debug_rnglists
                0x00000259       0x13 ./Core/Src/sysmem.o
 .debug_rnglists
                0x0000026c       0x1a ./Core/Src/system_stm32f1xx.o
 .debug_rnglists
                0x00000286       0x19 ./Core/Src/timer.o
 .debug_rnglists
                0x0000029f       0xa3 ./Drivers/STM32F1xx_HAL_Driver/Src/stm32f1xx_hal.o
 .debug_rnglists
                0x00000342       0xbb ./Drivers/STM32F1xx_HAL_Driver/Src/stm32f1xx_hal_cortex.o
 .debug_rnglists
                0x000003fd       0x64 ./Drivers/STM32F1xx_HAL_Driver/Src/stm32f1xx_hal_dma.o
 .debug_rnglists
                0x00000461       0x3f ./Drivers/STM32F1xx_HAL_Driver/Src/stm32f1xx_hal_gpio.o
 .debug_rnglists
                0x000004a0      0x23c ./Drivers/STM32F1xx_HAL_Driver/Src/stm32f1xx_hal_i2c.o
 .debug_rnglists
                0x000006dc       0x6c ./Drivers/STM32F1xx_HAL_Driver/Src/stm32f1xx_hal_rcc.o
 .debug_rnglists
                0x00000748      0x31a ./Drivers/STM32F1xx_HAL_Driver/Src/stm32f1xx_hal_tim.o
 .debug_rnglists
                0x00000a62      0x125 ./Drivers/STM32F1xx_HAL_Driver/Src/stm32f1xx_hal_tim_ex.o
 .debug_rnglists
                0x00000b87      0x1bc ./Drivers/STM32F1xx_HAL_Driver/Src/stm32f1xx_hal_uart.o

.debug_macro    0x00000000    0x19d5d
 .debug_macro   0x00000000      0x1cb ./Core/Src/button.o
 .debug_macro   0x000001cb      0xaa8 ./Core/Src/button.o
 .debug_macro   0x00000c73      0x221 ./Core/Src/button.o
 .debug_macro   0x00000e94       0x2e ./Core/Src/button.o
 .debug_macro   0x00000ec2       0x22 ./Core/Src/button.o
 .debug_macro   0x00000ee4       0x22 ./Core/Src/button.o
 .debug_macro   0x00000f06       0x8e ./Core/Src/button.o
 .debug_macro   0x00000f94       0x51 ./Core/Src/button.o
 .debug_macro   0x00000fe5      0x103 ./Core/Src/button.o
 .debug_macro   0x000010e8       0x6a ./Core/Src/button.o
 .debug_macro   0x00001152      0x1df ./Core/Src/button.o
 .debug_macro   0x00001331       0x1c ./Core/Src/button.o
 .debug_macro   0x0000134d       0x22 ./Core/Src/button.o
 .debug_macro   0x0000136f       0xbd ./Core/Src/button.o
 .debug_macro   0x0000142c      0xd23 ./Core/Src/button.o
 .debug_macro   0x0000214f     0xe09e ./Core/Src/button.o
 .debug_macro   0x000101ed       0x6d ./Core/Src/button.o
 .debug_macro   0x0001025a     0x34a2 ./Core/Src/button.o
 .debug_macro   0x000136fc      0x189 ./Core/Src/button.o
 .debug_macro   0x00013885       0x5c ./Core/Src/button.o
 .debug_macro   0x000138e1      0x5bc ./Core/Src/button.o
 .debug_macro   0x00013e9d      0x289 ./Core/Src/button.o
 .debug_macro   0x00014126      0x1cb ./Core/Src/button.o
 .debug_macro   0x000142f1      0x114 ./Core/Src/button.o
 .debug_macro   0x00014405      0x1b2 ./Core/Src/button.o
 .debug_macro   0x000145b7       0x27 ./Core/Src/button.o
 .debug_macro   0x000145de      0x136 ./Core/Src/button.o
 .debug_macro   0x00014714      0x1bc ./Core/Src/button.o
 .debug_macro   0x000148d0       0x34 ./Core/Src/button.o
 .debug_macro   0x00014904       0x3c ./Core/Src/button.o
 .debug_macro   0x00014940       0x57 ./Core/Src/button.o
 .debug_macro   0x00014997       0x87 ./Core/Src/button.o
 .debug_macro   0x00014a1e      0x240 ./Core/Src/button.o
 .debug_macro   0x00014c5e      0x287 ./Core/Src/button.o
 .debug_macro   0x00014ee5      0x140 ./Core/Src/button.o
 .debug_macro   0x00015025      0x8ed ./Core/Src/button.o
 .debug_macro   0x00015912      0x28e ./Core/Src/button.o
 .debug_macro   0x00015ba0       0x83 ./Core/Src/button.o
 .debug_macro   0x00015c23       0xd6 ./Core/Src/button.o
 .debug_macro   0x00015cf9       0x10 ./Core/Src/button.o
 .debug_macro   0x00015d09      0x2f4 ./Core/Src/command_parser_fsm.o
 .debug_macro   0x00015ffd       0x64 ./Core/Src/command_parser_fsm.o
 .debug_macro   0x00016061       0x10 ./Core/Src/command_parser_fsm.o
 .debug_macro   0x00016071       0x61 ./Core/Src/command_parser_fsm.o
 .debug_macro   0x000160d2       0x24 ./Core/Src/command_parser_fsm.o
 .debug_macro   0x000160f6       0x43 ./Core/Src/command_parser_fsm.o
 .debug_macro   0x00016139       0x34 ./Core/Src/command_parser_fsm.o
 .debug_macro   0x0001616d       0x16 ./Core/Src/command_parser_fsm.o
 .debug_macro   0x00016183       0x35 ./Core/Src/command_parser_fsm.o
 .debug_macro   0x000161b8      0x369 ./Core/Src/command_parser_fsm.o
 .debug_macro   0x00016521       0x10 ./Core/Src/command_parser_fsm.o
 .debug_macro   0x00016531       0x16 ./Core/Src/command_parser_fsm.o
 .debug_macro   0x00016547       0x43 ./Core/Src/command_parser_fsm.o
 .debug_macro   0x0001658a       0x34 ./Core/Src/command_parser_fsm.o
 .debug_macro   0x000165be       0x10 ./Core/Src/command_parser_fsm.o
 .debug_macro   0x000165ce       0x58 ./Core/Src/command_parser_fsm.o
 .debug_macro   0x00016626       0x8e ./Core/Src/command_parser_fsm.o
 .debug_macro   0x000166b4       0x1c ./Core/Src/command_parser_fsm.o
 .debug_macro   0x000166d0      0x177 ./Core/Src/command_parser_fsm.o
 .debug_macro   0x00016847       0x16 ./Core/Src/command_parser_fsm.o
 .debug_macro   0x0001685d       0x16 ./Core/Src/command_parser_fsm.o
 .debug_macro   0x00016873      0x146 ./Core/Src/command_parser_fsm.o
 .debug_macro   0x000169b9       0x82 ./Core/Src/command_parser_fsm.o
 .debug_macro   0x00016a3b      0x2e5 ./Core/Src/fsm_autorun.o
 .debug_macro   0x00016d20      0x2eb ./Core/Src/fsm_manual.o
 .debug_macro   0x0001700b      0x2e5 ./Core/Src/fsm_setting.o
 .debug_macro   0x000172f0      0x2e7 ./Core/Src/global.o
 .debug_macro   0x000175d7      0x2e1 ./Core/Src/i2c_lcd.o
 .debug_macro   0x000178b8       0xdc ./Core/Src/i2c_lcd.o
 .debug_macro   0x00017994      0x1c6 ./Core/Src/light_traffic.o
 .debug_macro   0x00017b5a      0x30a ./Core/Src/main.o
 .debug_macro   0x00017e64       0x88 ./Core/Src/main.o
 .debug_macro   0x00017eec      0x2ef ./Core/Src/remote.o
 .debug_macro   0x000181db      0x2f8 ./Core/Src/server_flag_processing.o
 .debug_macro   0x000184d3      0x1bc ./Core/Src/stm32f1xx_hal_msp.o
 .debug_macro   0x0001868f      0x1c6 ./Core/Src/stm32f1xx_it.o
 .debug_macro   0x00018855       0xff ./Core/Src/sysmem.o
 .debug_macro   0x00018954      0x23c ./Core/Src/sysmem.o
 .debug_macro   0x00018b90      0x1ad ./Core/Src/system_stm32f1xx.o
 .debug_macro   0x00018d3d       0x1a ./Core/Src/timer.o
 .debug_macro   0x00018d57      0x1d1 ./Drivers/STM32F1xx_HAL_Driver/Src/stm32f1xx_hal.o
 .debug_macro   0x00018f28      0x1ad ./Drivers/STM32F1xx_HAL_Driver/Src/stm32f1xx_hal_cortex.o
 .debug_macro   0x000190d5      0x1ad ./Drivers/STM32F1xx_HAL_Driver/Src/stm32f1xx_hal_dma.o
 .debug_macro   0x00019282      0x218 ./Drivers/STM32F1xx_HAL_Driver/Src/stm32f1xx_hal_gpio.o
 .debug_macro   0x0001949a      0x1fb ./Drivers/STM32F1xx_HAL_Driver/Src/stm32f1xx_hal_i2c.o
 .debug_macro   0x00019695      0x1bf ./Drivers/STM32F1xx_HAL_Driver/Src/stm32f1xx_hal_rcc.o
 .debug_macro   0x00019854      0x1ae ./Drivers/STM32F1xx_HAL_Driver/Src/stm32f1xx_hal_tim.o
 .debug_macro   0x00019a02      0x1ad ./Drivers/STM32F1xx_HAL_Driver/Src/stm32f1xx_hal_tim_ex.o
 .debug_macro   0x00019baf      0x1ae ./Drivers/STM32F1xx_HAL_Driver/Src/stm32f1xx_hal_uart.o

.debug_line     0x00000000    0x17897
 .debug_line    0x00000000      0x809 ./Core/Src/button.o
 .debug_line    0x00000809      0xe74 ./Core/Src/command_parser_fsm.o
 .debug_line    0x0000167d      0x956 ./Core/Src/fsm_autorun.o
 .debug_line    0x00001fd3      0x937 ./Core/Src/fsm_manual.o
 .debug_line    0x0000290a      0x9e1 ./Core/Src/fsm_setting.o
 .debug_line    0x000032eb      0x8a6 ./Core/Src/global.o
 .debug_line    0x00003b91      0xb3a ./Core/Src/i2c_lcd.o
 .debug_line    0x000046cb      0x7fd ./Core/Src/light_traffic.o
 .debug_line    0x00004ec8      0xadd ./Core/Src/main.o
 .debug_line    0x000059a5      0x8d6 ./Core/Src/remote.o
 .debug_line    0x0000627b      0x9d3 ./Core/Src/server_flag_processing.o
 .debug_line    0x00006c4e      0x7f2 ./Core/Src/stm32f1xx_hal_msp.o
 .debug_line    0x00007440      0x81e ./Core/Src/stm32f1xx_it.o
 .debug_line    0x00007c5e      0x579 ./Core/Src/sysmem.o
 .debug_line    0x000081d7      0x792 ./Core/Src/system_stm32f1xx.o
 .debug_line    0x00008969       0xa0 ./Core/Src/timer.o
 .debug_line    0x00008a09      0x9bf ./Drivers/STM32F1xx_HAL_Driver/Src/stm32f1xx_hal.o
 .debug_line    0x000093c8      0xbab ./Drivers/STM32F1xx_HAL_Driver/Src/stm32f1xx_hal_cortex.o
 .debug_line    0x00009f73      0xe18 ./Drivers/STM32F1xx_HAL_Driver/Src/stm32f1xx_hal_dma.o
 .debug_line    0x0000ad8b      0xa58 ./Drivers/STM32F1xx_HAL_Driver/Src/stm32f1xx_hal_gpio.o
 .debug_line    0x0000b7e3     0x3c5c ./Drivers/STM32F1xx_HAL_Driver/Src/stm32f1xx_hal_i2c.o
 .debug_line    0x0000f43f      0xdc8 ./Drivers/STM32F1xx_HAL_Driver/Src/stm32f1xx_hal_rcc.o
 .debug_line    0x00010207     0x34e4 ./Drivers/STM32F1xx_HAL_Driver/Src/stm32f1xx_hal_tim.o
 .debug_line    0x000136eb     0x190e ./Drivers/STM32F1xx_HAL_Driver/Src/stm32f1xx_hal_tim_ex.o
 .debug_line    0x00014ff9     0x289e ./Drivers/STM32F1xx_HAL_Driver/Src/stm32f1xx_hal_uart.o

.debug_str      0x00000000    0x8d568
 .debug_str     0x00000000    0x84fb5 ./Core/Src/button.o
                              0x852f3 (size before relaxing)
 .debug_str     0x00084fb5     0x3f5d ./Core/Src/command_parser_fsm.o
                              0x891fb (size before relaxing)
 .debug_str     0x00088f12       0xcd ./Core/Src/fsm_autorun.o
                              0x88b34 (size before relaxing)
 .debug_str     0x00088fdf       0x37 ./Core/Src/fsm_manual.o
                              0x88af5 (size before relaxing)
 .debug_str     0x00089016       0xc9 ./Core/Src/fsm_setting.o
                              0x88b65 (size before relaxing)
 .debug_str     0x000890df       0x24 ./Core/Src/global.o
                              0x88aab (size before relaxing)
 .debug_str     0x00089103      0x2da ./Core/Src/i2c_lcd.o
                              0x8909c (size before relaxing)
 .debug_str     0x000893dd       0x2e ./Core/Src/light_traffic.o
                              0x852ff (size before relaxing)
 .debug_str     0x0008940b      0x8be ./Core/Src/main.o
                              0x89d2d (size before relaxing)
 .debug_str     0x00089cc9       0x2c ./Core/Src/remote.o
                              0x88a72 (size before relaxing)
 .debug_str     0x00089cf5       0x25 ./Core/Src/server_flag_processing.o
                              0x8915a (size before relaxing)
 .debug_str     0x00089d1a       0xff ./Core/Src/stm32f1xx_hal_msp.o
                              0x85fbf (size before relaxing)
 .debug_str     0x00089e19      0x140 ./Core/Src/stm32f1xx_it.o
                              0x859f8 (size before relaxing)
 .debug_str     0x00089f59      0x4dc ./Core/Src/sysmem.o
                               0x6069 (size before relaxing)
 .debug_str     0x0008a435       0x7e ./Core/Src/system_stm32f1xx.o
                              0x84ff6 (size before relaxing)
 .debug_str     0x0008a4b3       0x2c ./Core/Src/timer.o
                               0x2e06 (size before relaxing)
 .debug_str     0x0008a4df      0x384 ./Drivers/STM32F1xx_HAL_Driver/Src/stm32f1xx_hal.o
                              0x85729 (size before relaxing)
 .debug_str     0x0008a863      0x294 ./Drivers/STM32F1xx_HAL_Driver/Src/stm32f1xx_hal_cortex.o
                              0x85675 (size before relaxing)
 .debug_str     0x0008aaf7      0x230 ./Drivers/STM32F1xx_HAL_Driver/Src/stm32f1xx_hal_dma.o
                              0x8539f (size before relaxing)
 .debug_str     0x0008ad27      0x2b7 ./Drivers/STM32F1xx_HAL_Driver/Src/stm32f1xx_hal_gpio.o
                              0x8537c (size before relaxing)
 .debug_str     0x0008afde      0xb8b ./Drivers/STM32F1xx_HAL_Driver/Src/stm32f1xx_hal_i2c.o
                              0x860bd (size before relaxing)
 .debug_str     0x0008bb69      0x209 ./Drivers/STM32F1xx_HAL_Driver/Src/stm32f1xx_hal_rcc.o
                              0x85425 (size before relaxing)
 .debug_str     0x0008bd72      0xdad ./Drivers/STM32F1xx_HAL_Driver/Src/stm32f1xx_hal_tim.o
                              0x86427 (size before relaxing)
 .debug_str     0x0008cb1f      0x493 ./Drivers/STM32F1xx_HAL_Driver/Src/stm32f1xx_hal_tim_ex.o
                              0x85c33 (size before relaxing)
 .debug_str     0x0008cfb2      0x5b6 ./Drivers/STM32F1xx_HAL_Driver/Src/stm32f1xx_hal_uart.o
                              0x85a96 (size before relaxing)

.comment        0x00000000       0x43
 .comment       0x00000000       0x43 ./Core/Src/button.o
                                 0x44 (size before relaxing)
 .comment       0x00000043       0x44 ./Core/Src/command_parser_fsm.o
 .comment       0x00000043       0x44 ./Core/Src/fsm_autorun.o
 .comment       0x00000043       0x44 ./Core/Src/fsm_manual.o
 .comment       0x00000043       0x44 ./Core/Src/fsm_setting.o
 .comment       0x00000043       0x44 ./Core/Src/global.o
 .comment       0x00000043       0x44 ./Core/Src/i2c_lcd.o
 .comment       0x00000043       0x44 ./Core/Src/light_traffic.o
 .comment       0x00000043       0x44 ./Core/Src/main.o
 .comment       0x00000043       0x44 ./Core/Src/remote.o
 .comment       0x00000043       0x44 ./Core/Src/server_flag_processing.o
 .comment       0x00000043       0x44 ./Core/Src/stm32f1xx_hal_msp.o
 .comment       0x00000043       0x44 ./Core/Src/stm32f1xx_it.o
 .comment       0x00000043       0x44 ./Core/Src/sysmem.o
 .comment       0x00000043       0x44 ./Core/Src/system_stm32f1xx.o
 .comment       0x00000043       0x44 ./Core/Src/timer.o
 .comment       0x00000043       0x44 ./Drivers/STM32F1xx_HAL_Driver/Src/stm32f1xx_hal.o
 .comment       0x00000043       0x44 ./Drivers/STM32F1xx_HAL_Driver/Src/stm32f1xx_hal_cortex.o
 .comment       0x00000043       0x44 ./Drivers/STM32F1xx_HAL_Driver/Src/stm32f1xx_hal_dma.o
 .comment       0x00000043       0x44 ./Drivers/STM32F1xx_HAL_Driver/Src/stm32f1xx_hal_gpio.o
 .comment       0x00000043       0x44 ./Drivers/STM32F1xx_HAL_Driver/Src/stm32f1xx_hal_i2c.o
 .comment       0x00000043       0x44 ./Drivers/STM32F1xx_HAL_Driver/Src/stm32f1xx_hal_rcc.o
 .comment       0x00000043       0x44 ./Drivers/STM32F1xx_HAL_Driver/Src/stm32f1xx_hal_tim.o
 .comment       0x00000043       0x44 ./Drivers/STM32F1xx_HAL_Driver/Src/stm32f1xx_hal_tim_ex.o
 .comment       0x00000043       0x44 ./Drivers/STM32F1xx_HAL_Driver/Src/stm32f1xx_hal_uart.o

.debug_frame    0x00000000     0x4ae8
 .debug_frame   0x00000000       0x84 ./Core/Src/button.o
 .debug_frame   0x00000084      0x2f4 ./Core/Src/command_parser_fsm.o
 .debug_frame   0x00000378       0x2c ./Core/Src/fsm_autorun.o
 .debug_frame   0x000003a4       0x2c ./Core/Src/fsm_manual.o
 .debug_frame   0x000003d0       0x2c ./Core/Src/fsm_setting.o
 .debug_frame   0x000003fc       0xf4 ./Core/Src/i2c_lcd.o
 .debug_frame   0x000004f0       0xf0 ./Core/Src/light_traffic.o
 .debug_frame   0x000005e0      0x10c ./Core/Src/main.o
 .debug_frame   0x000006ec       0x50 ./Core/Src/remote.o
 .debug_frame   0x0000073c       0x2c ./Core/Src/server_flag_processing.o
 .debug_frame   0x00000768      0x110 ./Core/Src/stm32f1xx_hal_msp.o
 .debug_frame   0x00000878      0x158 ./Core/Src/stm32f1xx_it.o
 .debug_frame   0x000009d0       0x34 ./Core/Src/sysmem.o
 .debug_frame   0x00000a04       0x58 ./Core/Src/system_stm32f1xx.o
 .debug_frame   0x00000a5c       0x60 ./Core/Src/timer.o
 .debug_frame   0x00000abc      0x334 ./Drivers/STM32F1xx_HAL_Driver/Src/stm32f1xx_hal.o
 .debug_frame   0x00000df0      0x428 ./Drivers/STM32F1xx_HAL_Driver/Src/stm32f1xx_hal_cortex.o
 .debug_frame   0x00001218      0x208 ./Drivers/STM32F1xx_HAL_Driver/Src/stm32f1xx_hal_dma.o
 .debug_frame   0x00001420      0x14c ./Drivers/STM32F1xx_HAL_Driver/Src/stm32f1xx_hal_gpio.o
 .debug_frame   0x0000156c      0xc84 ./Drivers/STM32F1xx_HAL_Driver/Src/stm32f1xx_hal_i2c.o
 .debug_frame   0x000021f0      0x218 ./Drivers/STM32F1xx_HAL_Driver/Src/stm32f1xx_hal_rcc.o
 .debug_frame   0x00002408     0x11b8 ./Drivers/STM32F1xx_HAL_Driver/Src/stm32f1xx_hal_tim.o
 .debug_frame   0x000035c0      0x638 ./Drivers/STM32F1xx_HAL_Driver/Src/stm32f1xx_hal_tim_ex.o
 .debug_frame   0x00003bf8      0x944 ./Drivers/STM32F1xx_HAL_Driver/Src/stm32f1xx_hal_uart.o
 .debug_frame   0x0000453c      0x144 C:/ST/STM32CubeIDE_1.17.0/STM32CubeIDE/plugins/com.st.stm32cube.ide.mcu.externaltools.gnu-tools-for-stm32.12.3.rel1.win32_1.1.0.202410251130/tools/bin/../lib/gcc/arm-none-eabi/12.3.1/../../../../arm-none-eabi/lib/thumb/v7-m/nofp\libc_nano.a(libc_a-findfp.o)
 .debug_frame   0x00004680       0x6c C:/ST/STM32CubeIDE_1.17.0/STM32CubeIDE/plugins/com.st.stm32cube.ide.mcu.externaltools.gnu-tools-for-stm32.12.3.rel1.win32_1.1.0.202410251130/tools/bin/../lib/gcc/arm-none-eabi/12.3.1/../../../../arm-none-eabi/lib/thumb/v7-m/nofp\libc_nano.a(libc_a-sprintf.o)
 .debug_frame   0x000046ec       0x20 C:/ST/STM32CubeIDE_1.17.0/STM32CubeIDE/plugins/com.st.stm32cube.ide.mcu.externaltools.gnu-tools-for-stm32.12.3.rel1.win32_1.1.0.202410251130/tools/bin/../lib/gcc/arm-none-eabi/12.3.1/../../../../arm-none-eabi/lib/thumb/v7-m/nofp\libc_nano.a(libc_a-memset.o)
 .debug_frame   0x0000470c       0x38 C:/ST/STM32CubeIDE_1.17.0/STM32CubeIDE/plugins/com.st.stm32cube.ide.mcu.externaltools.gnu-tools-for-stm32.12.3.rel1.win32_1.1.0.202410251130/tools/bin/../lib/gcc/arm-none-eabi/12.3.1/../../../../arm-none-eabi/lib/thumb/v7-m/nofp\libc_nano.a(libc_a-reent.o)
 .debug_frame   0x00004744       0x20 C:/ST/STM32CubeIDE_1.17.0/STM32CubeIDE/plugins/com.st.stm32cube.ide.mcu.externaltools.gnu-tools-for-stm32.12.3.rel1.win32_1.1.0.202410251130/tools/bin/../lib/gcc/arm-none-eabi/12.3.1/../../../../arm-none-eabi/lib/thumb/v7-m/nofp\libc_nano.a(libc_a-errno.o)
 .debug_frame   0x00004764       0x2c C:/ST/STM32CubeIDE_1.17.0/STM32CubeIDE/plugins/com.st.stm32cube.ide.mcu.externaltools.gnu-tools-for-stm32.12.3.rel1.win32_1.1.0.202410251130/tools/bin/../lib/gcc/arm-none-eabi/12.3.1/../../../../arm-none-eabi/lib/thumb/v7-m/nofp\libc_nano.a(libc_a-init.o)
 .debug_frame   0x00004790       0xb0 C:/ST/STM32CubeIDE_1.17.0/STM32CubeIDE/plugins/com.st.stm32cube.ide.mcu.externaltools.gnu-tools-for-stm32.12.3.rel1.win32_1.1.0.202410251130/tools/bin/../lib/gcc/arm-none-eabi/12.3.1/../../../../arm-none-eabi/lib/thumb/v7-m/nofp\libc_nano.a(libc_a-lock.o)
 .debug_frame   0x00004840       0x38 C:/ST/STM32CubeIDE_1.17.0/STM32CubeIDE/plugins/com.st.stm32cube.ide.mcu.externaltools.gnu-tools-for-stm32.12.3.rel1.win32_1.1.0.202410251130/tools/bin/../lib/gcc/arm-none-eabi/12.3.1/../../../../arm-none-eabi/lib/thumb/v7-m/nofp\libc_nano.a(libc_a-freer.o)
 .debug_frame   0x00004878       0x50 C:/ST/STM32CubeIDE_1.17.0/STM32CubeIDE/plugins/com.st.stm32cube.ide.mcu.externaltools.gnu-tools-for-stm32.12.3.rel1.win32_1.1.0.202410251130/tools/bin/../lib/gcc/arm-none-eabi/12.3.1/../../../../arm-none-eabi/lib/thumb/v7-m/nofp\libc_nano.a(libc_a-mallocr.o)
 .debug_frame   0x000048c8       0x30 C:/ST/STM32CubeIDE_1.17.0/STM32CubeIDE/plugins/com.st.stm32cube.ide.mcu.externaltools.gnu-tools-for-stm32.12.3.rel1.win32_1.1.0.202410251130/tools/bin/../lib/gcc/arm-none-eabi/12.3.1/../../../../arm-none-eabi/lib/thumb/v7-m/nofp\libc_nano.a(libc_a-mlock.o)
 .debug_frame   0x000048f8       0x90 C:/ST/STM32CubeIDE_1.17.0/STM32CubeIDE/plugins/com.st.stm32cube.ide.mcu.externaltools.gnu-tools-for-stm32.12.3.rel1.win32_1.1.0.202410251130/tools/bin/../lib/gcc/arm-none-eabi/12.3.1/../../../../arm-none-eabi/lib/thumb/v7-m/nofp\libc_nano.a(libc_a-nano-svfprintf.o)
 .debug_frame   0x00004988       0x60 C:/ST/STM32CubeIDE_1.17.0/STM32CubeIDE/plugins/com.st.stm32cube.ide.mcu.externaltools.gnu-tools-for-stm32.12.3.rel1.win32_1.1.0.202410251130/tools/bin/../lib/gcc/arm-none-eabi/12.3.1/../../../../arm-none-eabi/lib/thumb/v7-m/nofp\libc_nano.a(libc_a-nano-vfprintf_i.o)
 .debug_frame   0x000049e8       0x28 C:/ST/STM32CubeIDE_1.17.0/STM32CubeIDE/plugins/com.st.stm32cube.ide.mcu.externaltools.gnu-tools-for-stm32.12.3.rel1.win32_1.1.0.202410251130/tools/bin/../lib/gcc/arm-none-eabi/12.3.1/../../../../arm-none-eabi/lib/thumb/v7-m/nofp\libc_nano.a(libc_a-memmove.o)
 .debug_frame   0x00004a10       0x2c C:/ST/STM32CubeIDE_1.17.0/STM32CubeIDE/plugins/com.st.stm32cube.ide.mcu.externaltools.gnu-tools-for-stm32.12.3.rel1.win32_1.1.0.202410251130/tools/bin/../lib/gcc/arm-none-eabi/12.3.1/../../../../arm-none-eabi/lib/thumb/v7-m/nofp\libc_nano.a(libc_a-sbrkr.o)
 .debug_frame   0x00004a3c       0x28 C:/ST/STM32CubeIDE_1.17.0/STM32CubeIDE/plugins/com.st.stm32cube.ide.mcu.externaltools.gnu-tools-for-stm32.12.3.rel1.win32_1.1.0.202410251130/tools/bin/../lib/gcc/arm-none-eabi/12.3.1/../../../../arm-none-eabi/lib/thumb/v7-m/nofp\libc_nano.a(libc_a-memchr-stub.o)
 .debug_frame   0x00004a64       0x28 C:/ST/STM32CubeIDE_1.17.0/STM32CubeIDE/plugins/com.st.stm32cube.ide.mcu.externaltools.gnu-tools-for-stm32.12.3.rel1.win32_1.1.0.202410251130/tools/bin/../lib/gcc/arm-none-eabi/12.3.1/../../../../arm-none-eabi/lib/thumb/v7-m/nofp\libc_nano.a(libc_a-memcpy-stub.o)
 .debug_frame   0x00004a8c       0x3c C:/ST/STM32CubeIDE_1.17.0/STM32CubeIDE/plugins/com.st.stm32cube.ide.mcu.externaltools.gnu-tools-for-stm32.12.3.rel1.win32_1.1.0.202410251130/tools/bin/../lib/gcc/arm-none-eabi/12.3.1/../../../../arm-none-eabi/lib/thumb/v7-m/nofp\libc_nano.a(libc_a-reallocr.o)
 .debug_frame   0x00004ac8       0x20 C:/ST/STM32CubeIDE_1.17.0/STM32CubeIDE/plugins/com.st.stm32cube.ide.mcu.externaltools.gnu-tools-for-stm32.12.3.rel1.win32_1.1.0.202410251130/tools/bin/../lib/gcc/arm-none-eabi/12.3.1/../../../../arm-none-eabi/lib/thumb/v7-m/nofp\libc_nano.a(libc_a-msizer.o)
